Executing action: all (aliases: build)
Running ninja in directory /Users/dave/GitHub/esp32/esp32-altair-8800/build
Executing "ninja all"...
[1/1401] Building C object esp-idf/espcoredump/CMakeFiles/__idf_espcoredump.dir/src/core_dump_init.c.obj
FAILED: esp-idf/espcoredump/CMakeFiles/__idf_espcoredump.dir/src/core_dump_init.c.obj 
/Users/dave/.espressif/tools/xtensa-esp-elf/esp-15.2.0_20251204/xtensa-esp-elf/bin/xtensa-esp32s3-elf-gcc -DESP_PLATFORM -DESP_PSA_ITS_AVAILABLE -DFD_SETSIZE=96 -DIDF_VER=\"v6.0.1\" -DMBEDTLS_CONFIG_FILE=\"mbedtls/esp_config.h\" -DMBEDTLS_MAJOR_VERSION=4 -DSOC_MMU_PAGE_SIZE=CONFIG_MMU_PAGE_SIZE -DSOC_XTAL_FREQ_MHZ=CONFIG_XTAL_FREQ -DTF_PSA_CRYPTO_USER_CONFIG_FILE=\"mbedtls/esp_config.h\" -D_GLIBCXX_HAVE_POSIX_SEMAPHORE -D_GLIBCXX_USE_POSIX_SEMAPHORE -D_GNU_SOURCE -D_POSIX_READER_WRITER_LOCKS -I/Users/dave/GitHub/esp32/esp32-altair-8800/build/config -I/Users/dave/.espressif/v6.0.1/esp-idf/components/espcoredump/include -I/Users/dave/.espressif/v6.0.1/esp-idf/components/espcoredump/include/port/xtensa -I/Users/dave/.espressif/v6.0.1/esp-idf/components/espcoredump/include_core_dump -I/Users/dave/.espressif/v6.0.1/esp-idf/components/esp_libc/platform_include -I/Users/dave/.espressif/v6.0.1/esp-idf/components/freertos/config/include -I/Users/dave/.espressif/v6.0.1/esp-idf/components/freertos/config/include/freertos -I/Users/dave/.espressif/v6.0.1/esp-idf/components/freertos/config/xtensa/include -I/Users/dave/.espressif/v6.0.1/esp-idf/components/freertos/FreeRTOS-Kernel/include -I/Users/dave/.espressif/v6.0.1/esp-idf/components/freertos/FreeRTOS-Kernel/portable/xtensa/include -I/Users/dave/.espressif/v6.0.1/esp-idf/components/freertos/FreeRTOS-Kernel/portable/xtensa/include/freertos -I/Users/dave/.espressif/v6.0.1/esp-idf/components/freertos/esp_additions/include -I/Users/dave/.espressif/v6.0.1/esp-idf/components/esp_hw_support/include -I/Users/dave/.espressif/v6.0.1/esp-idf/components/esp_hw_support/include/soc -I/Users/dave/.espressif/v6.0.1/esp-idf/components/esp_hw_support/ldo/include -I/Users/dave/.espressif/v6.0.1/esp-idf/components/esp_hw_support/debug_probe/include -I/Users/dave/.espressif/v6.0.1/esp-idf/components/esp_hw_support/etm/include -I/Users/dave/.espressif/v6.0.1/esp-idf/components/esp_hw_support/mspi_timing_tuning/include -I/Users/dave/.espressif/v6.0.1/esp-idf/components/esp_hw_support/mspi_timing_tuning/tuning_scheme_impl/include -I/Users/dave/.espressif/v6.0.1/esp-idf/components/esp_hw_support/power_supply/include -I/Users/dave/.espressif/v6.0.1/esp-idf/components/esp_hw_support/modem/include -I/Users/dave/.espressif/v6.0.1/esp-idf/components/esp_hw_support/include/soc/esp32s3 -I/Users/dave/.espressif/v6.0.1/esp-idf/components/esp_hw_support/port/esp32s3/. -I/Users/dave/.espressif/v6.0.1/esp-idf/components/esp_hw_support/port/esp32s3/include -I/Users/dave/.espressif/v6.0.1/esp-idf/components/esp_hw_support/mspi_timing_tuning/port/esp32s3/. -I/Users/dave/.espressif/v6.0.1/esp-idf/components/esp_hw_support/mspi_timing_tuning/port/esp32s3/include -I/Users/dave/.espressif/v6.0.1/esp-idf/components/heap/include -I/Users/dave/.espressif/v6.0.1/esp-idf/components/heap/tlsf -I/Users/dave/.espressif/v6.0.1/esp-idf/components/log/include -I/Users/dave/.espressif/v6.0.1/esp-idf/components/soc/include -I/Users/dave/.espressif/v6.0.1/esp-idf/components/soc/esp32s3 -I/Users/dave/.espressif/v6.0.1/esp-idf/components/soc/esp32s3/include -I/Users/dave/.espressif/v6.0.1/esp-idf/components/soc/esp32s3/register -I/Users/dave/.espressif/v6.0.1/esp-idf/components/hal/platform_port/include -I/Users/dave/.espressif/v6.0.1/esp-idf/components/hal/esp32s3/include -I/Users/dave/.espressif/v6.0.1/esp-idf/components/hal/include -I/Users/dave/.espressif/v6.0.1/esp-idf/components/esp_rom/include -I/Users/dave/.espressif/v6.0.1/esp-idf/components/esp_rom/esp32s3/include -I/Users/dave/.espressif/v6.0.1/esp-idf/components/esp_rom/esp32s3/include/esp32s3 -I/Users/dave/.espressif/v6.0.1/esp-idf/components/esp_rom/esp32s3 -I/Users/dave/.espressif/v6.0.1/esp-idf/components/esp_common/include -I/Users/dave/.espressif/v6.0.1/esp-idf/components/esp_system/include -I/Users/dave/.espressif/v6.0.1/esp-idf/components/esp_system/port/soc -I/Users/dave/.espressif/v6.0.1/esp-idf/components/esp_system/port/include/private -I/Users/dave/.espressif/v6.0.1/esp-idf/components/esp_stdio/include -I/Users/dave/.espressif/v6.0.1/esp-idf/components/xtensa/esp32s3/include -I/Users/dave/.espressif/v6.0.1/esp-idf/components/xtensa/include -I/Users/dave/.espressif/v6.0.1/esp-idf/components/xtensa/deprecated_include -I/Users/dave/.espressif/v6.0.1/esp-idf/components/esp_hal_gpio/include -I/Users/dave/.espressif/v6.0.1/esp-idf/components/esp_hal_gpio/esp32s3/include -I/Users/dave/.espressif/v6.0.1/esp-idf/components/esp_hal_usb/include -I/Users/dave/.espressif/v6.0.1/esp-idf/components/esp_hal_usb/esp32s3/include -I/Users/dave/.espressif/v6.0.1/esp-idf/components/esp_hal_pmu/include -I/Users/dave/.espressif/v6.0.1/esp-idf/components/esp_hal_pmu/esp32s3/include -I/Users/dave/.espressif/v6.0.1/esp-idf/components/esp_hal_ana_conv/include -I/Users/dave/.espressif/v6.0.1/esp-idf/components/esp_hal_ana_conv/esp32s3/include -I/Users/dave/.espressif/v6.0.1/esp-idf/components/esp_hal_dma/include -I/Users/dave/.espressif/v6.0.1/esp-idf/components/esp_hal_dma/esp32s3/include -I/Users/dave/.espressif/v6.0.1/esp-idf/components/lwip/include -I/Users/dave/.espressif/v6.0.1/esp-idf/components/lwip/include/apps -I/Users/dave/.espressif/v6.0.1/esp-idf/components/lwip/lwip/src/include -I/Users/dave/.espressif/v6.0.1/esp-idf/components/lwip/port/include -I/Users/dave/.espressif/v6.0.1/esp-idf/components/lwip/port/freertos/include -I/Users/dave/.espressif/v6.0.1/esp-idf/components/lwip/port/esp32xx/include -I/Users/dave/.espressif/v6.0.1/esp-idf/components/lwip/port/esp32xx/include/arch -I/Users/dave/.espressif/v6.0.1/esp-idf/components/lwip/port/esp32xx/include/sys -I/Users/dave/.espressif/v6.0.1/esp-idf/components/esp_partition/include -I/Users/dave/.espressif/v6.0.1/esp-idf/components/esp_blockdev/include -I/Users/dave/.espressif/v6.0.1/esp-idf/components/spi_flash/include -I/Users/dave/.espressif/v6.0.1/esp-idf/components/esp_hal_mspi/include -I/Users/dave/.espressif/v6.0.1/esp-idf/components/esp_hal_mspi/esp32s3/include -I/Users/dave/.espressif/v6.0.1/esp-idf/components/esp_hal_gpspi/include -I/Users/dave/.espressif/v6.0.1/esp-idf/components/esp_hal_gpspi/esp32s3/include -I/Users/dave/.espressif/v6.0.1/esp-idf/components/esp_hal_clock/include -I/Users/dave/.espressif/v6.0.1/esp-idf/components/esp_hal_clock/esp32s3/include -I/Users/dave/.espressif/v6.0.1/esp-idf/components/bootloader_support/include -I/Users/dave/.espressif/v6.0.1/esp-idf/components/bootloader_support/bootloader_flash/include -I/Users/dave/.espressif/v6.0.1/esp-idf/components/mbedtls/port/include -I/Users/dave/.espressif/v6.0.1/esp-idf/components/mbedtls/mbedtls/include -I/Users/dave/.espressif/v6.0.1/esp-idf/components/mbedtls/mbedtls/library -I/Users/dave/.espressif/v6.0.1/esp-idf/components/mbedtls/mbedtls/tf-psa-crypto/core -I/Users/dave/.espressif/v6.0.1/esp-idf/components/mbedtls/mbedtls/tf-psa-crypto/drivers/builtin/src -I/Users/dave/.espressif/v6.0.1/esp-idf/components/mbedtls/esp_crt_bundle/include -I/Users/dave/.espressif/v6.0.1/esp-idf/components/mbedtls/port/psa_driver/include -I/Users/dave/.espressif/v6.0.1/esp-idf/components/esp_security/include -I/Users/dave/.espressif/v6.0.1/esp-idf/components/esp_hal_security/esp32s3/include -I/Users/dave/.espressif/v6.0.1/esp-idf/components/esp_hal_security/include -I/Users/dave/.espressif/v6.0.1/esp-idf/components/mbedtls/mbedtls/tf-psa-crypto/include -I/Users/dave/.espressif/v6.0.1/esp-idf/components/mbedtls/mbedtls/tf-psa-crypto/drivers/builtin/include -I/Users/dave/.espressif/v6.0.1/esp-idf/components/mbedtls/mbedtls/tf-psa-crypto/drivers/everest/include -I/Users/dave/.espressif/v6.0.1/esp-idf/components/mbedtls/mbedtls/tf-psa-crypto/drivers/p256-m -I/Users/dave/.espressif/v6.0.1/esp-idf/components/esp_driver_gpio/include -I/Users/dave/.espressif/v6.0.1/esp-idf/components/esp_app_format/include -I/Users/dave/.espressif/v6.0.1/esp-idf/components/efuse/include -I/Users/dave/.espressif/v6.0.1/esp-idf/components/efuse/esp32s3/include @"/Users/dave/GitHub/esp32/esp32-altair-8800/build/toolchain/cflags" -fdiagnostics-color=always -ffunction-sections -fdata-sections -Wall -Werror -Wno-error=unused-function -Wno-error=unused-variable -Wno-error=unused-but-set-variable -Wno-error=deprecated-declarations -Wextra -Wno-error=extra -Wno-unused-parameter -Wno-sign-compare -Wno-enum-conversion -gdwarf-4 -ggdb -Og -fno-shrink-wrap -fmacro-prefix-map=/Users/dave/GitHub/esp32/esp32-altair-8800=. -fmacro-prefix-map=/Users/dave/.espressif/v6.0.1/esp-idf=/IDF -fstrict-volatile-bitfields -fno-jump-tables -fno-tree-switch-conversion -std=gnu23 -Wno-old-style-declaration -fzero-init-padding-bits=all -fno-malloc-dce -MD -MT esp-idf/espcoredump/CMakeFiles/__idf_espcoredump.dir/src/core_dump_init.c.obj -MF esp-idf/espcoredump/CMakeFiles/__idf_espcoredump.dir/src/core_dump_init.c.obj.d -o esp-idf/espcoredump/CMakeFiles/__idf_espcoredump.dir/src/core_dump_init.c.obj -c /Users/dave/.espressif/v6.0.1/esp-idf/components/espcoredump/src/core_dump_init.c
xtensa-esp-elf-gcc: fatal error: /Users/dave/GitHub/esp32/esp32-altair-8800/build/specs/picolibc.specs: attempt to rename spec 'link' to already defined spec 'picolibc_link'
compilation terminated.
[2/1401] Building C object esp-idf/espcoredump/CMakeFiles/__idf_espcoredump.dir/src/core_dump_common.c.obj
FAILED: esp-idf/espcoredump/CMakeFiles/__idf_espcoredump.dir/src/core_dump_common.c.obj 
/Users/dave/.espressif/tools/xtensa-esp-elf/esp-15.2.0_20251204/xtensa-esp-elf/bin/xtensa-esp32s3-elf-gcc -DESP_PLATFORM -DESP_PSA_ITS_AVAILABLE -DFD_SETSIZE=96 -DIDF_VER=\"v6.0.1\" -DMBEDTLS_CONFIG_FILE=\"mbedtls/esp_config.h\" -DMBEDTLS_MAJOR_VERSION=4 -DSOC_MMU_PAGE_SIZE=CONFIG_MMU_PAGE_SIZE -DSOC_XTAL_FREQ_MHZ=CONFIG_XTAL_FREQ -DTF_PSA_CRYPTO_USER_CONFIG_FILE=\"mbedtls/esp_config.h\" -D_GLIBCXX_HAVE_POSIX_SEMAPHORE -D_GLIBCXX_USE_POSIX_SEMAPHORE -D_GNU_SOURCE -D_POSIX_READER_WRITER_LOCKS -I/Users/dave/GitHub/esp32/esp32-altair-8800/build/config -I/Users/dave/.espressif/v6.0.1/esp-idf/components/espcoredump/include -I/Users/dave/.espressif/v6.0.1/esp-idf/components/espcoredump/include/port/xtensa -I/Users/dave/.espressif/v6.0.1/esp-idf/components/espcoredump/include_core_dump -I/Users/dave/.espressif/v6.0.1/esp-idf/components/esp_libc/platform_include -I/Users/dave/.espressif/v6.0.1/esp-idf/components/freertos/config/include -I/Users/dave/.espressif/v6.0.1/esp-idf/components/freertos/config/include/freertos -I/Users/dave/.espressif/v6.0.1/esp-idf/components/freertos/config/xtensa/include -I/Users/dave/.espressif/v6.0.1/esp-idf/components/freertos/FreeRTOS-Kernel/include -I/Users/dave/.espressif/v6.0.1/esp-idf/components/freertos/FreeRTOS-Kernel/portable/xtensa/include -I/Users/dave/.espressif/v6.0.1/esp-idf/components/freertos/FreeRTOS-Kernel/portable/xtensa/include/freertos -I/Users/dave/.espressif/v6.0.1/esp-idf/components/freertos/esp_additions/include -I/Users/dave/.espressif/v6.0.1/esp-idf/components/esp_hw_support/include -I/Users/dave/.espressif/v6.0.1/esp-idf/components/esp_hw_support/include/soc -I/Users/dave/.espressif/v6.0.1/esp-idf/components/esp_hw_support/ldo/include -I/Users/dave/.espressif/v6.0.1/esp-idf/components/esp_hw_support/debug_probe/include -I/Users/dave/.espressif/v6.0.1/esp-idf/components/esp_hw_support/etm/include -I/Users/dave/.espressif/v6.0.1/esp-idf/components/esp_hw_support/mspi_timing_tuning/include -I/Users/dave/.espressif/v6.0.1/esp-idf/components/esp_hw_support/mspi_timing_tuning/tuning_scheme_impl/include -I/Users/dave/.espressif/v6.0.1/esp-idf/components/esp_hw_support/power_supply/include -I/Users/dave/.espressif/v6.0.1/esp-idf/components/esp_hw_support/modem/include -I/Users/dave/.espressif/v6.0.1/esp-idf/components/esp_hw_support/include/soc/esp32s3 -I/Users/dave/.espressif/v6.0.1/esp-idf/components/esp_hw_support/port/esp32s3/. -I/Users/dave/.espressif/v6.0.1/esp-idf/components/esp_hw_support/port/esp32s3/include -I/Users/dave/.espressif/v6.0.1/esp-idf/components/esp_hw_support/mspi_timing_tuning/port/esp32s3/. -I/Users/dave/.espressif/v6.0.1/esp-idf/components/esp_hw_support/mspi_timing_tuning/port/esp32s3/include -I/Users/dave/.espressif/v6.0.1/esp-idf/components/heap/include -I/Users/dave/.espressif/v6.0.1/esp-idf/components/heap/tlsf -I/Users/dave/.espressif/v6.0.1/esp-idf/components/log/include -I/Users/dave/.espressif/v6.0.1/esp-idf/components/soc/include -I/Users/dave/.espressif/v6.0.1/esp-idf/components/soc/esp32s3 -I/Users/dave/.espressif/v6.0.1/esp-idf/components/soc/esp32s3/include -I/Users/dave/.espressif/v6.0.1/esp-idf/components/soc/esp32s3/register -I/Users/dave/.espressif/v6.0.1/esp-idf/components/hal/platform_port/include -I/Users/dave/.espressif/v6.0.1/esp-idf/components/hal/esp32s3/include -I/Users/dave/.espressif/v6.0.1/esp-idf/components/hal/include -I/Users/dave/.espressif/v6.0.1/esp-idf/components/esp_rom/include -I/Users/dave/.espressif/v6.0.1/esp-idf/components/esp_rom/esp32s3/include -I/Users/dave/.espressif/v6.0.1/esp-idf/components/esp_rom/esp32s3/include/esp32s3 -I/Users/dave/.espressif/v6.0.1/esp-idf/components/esp_rom/esp32s3 -I/Users/dave/.espressif/v6.0.1/esp-idf/components/esp_common/include -I/Users/dave/.espressif/v6.0.1/esp-idf/components/esp_system/include -I/Users/dave/.espressif/v6.0.1/esp-idf/components/esp_system/port/soc -I/Users/dave/.espressif/v6.0.1/esp-idf/components/esp_system/port/include/private -I/Users/dave/.espressif/v6.0.1/esp-idf/components/esp_stdio/include -I/Users/dave/.espressif/v6.0.1/esp-idf/components/xtensa/esp32s3/include -I/Users/dave/.espressif/v6.0.1/esp-idf/components/xtensa/include -I/Users/dave/.espressif/v6.0.1/esp-idf/components/xtensa/deprecated_include -I/Users/dave/.espressif/v6.0.1/esp-idf/components/esp_hal_gpio/include -I/Users/dave/.espressif/v6.0.1/esp-idf/components/esp_hal_gpio/esp32s3/include -I/Users/dave/.espressif/v6.0.1/esp-idf/components/esp_hal_usb/include -I/Users/dave/.espressif/v6.0.1/esp-idf/components/esp_hal_usb/esp32s3/include -I/Users/dave/.espressif/v6.0.1/esp-idf/components/esp_hal_pmu/include -I/Users/dave/.espressif/v6.0.1/esp-idf/components/esp_hal_pmu/esp32s3/include -I/Users/dave/.espressif/v6.0.1/esp-idf/components/esp_hal_ana_conv/include -I/Users/dave/.espressif/v6.0.1/esp-idf/components/esp_hal_ana_conv/esp32s3/include -I/Users/dave/.espressif/v6.0.1/esp-idf/components/esp_hal_dma/include -I/Users/dave/.espressif/v6.0.1/esp-idf/components/esp_hal_dma/esp32s3/include -I/Users/dave/.espressif/v6.0.1/esp-idf/components/lwip/include -I/Users/dave/.espressif/v6.0.1/esp-idf/components/lwip/include/apps -I/Users/dave/.espressif/v6.0.1/esp-idf/components/lwip/lwip/src/include -I/Users/dave/.espressif/v6.0.1/esp-idf/components/lwip/port/include -I/Users/dave/.espressif/v6.0.1/esp-idf/components/lwip/port/freertos/include -I/Users/dave/.espressif/v6.0.1/esp-idf/components/lwip/port/esp32xx/include -I/Users/dave/.espressif/v6.0.1/esp-idf/components/lwip/port/esp32xx/include/arch -I/Users/dave/.espressif/v6.0.1/esp-idf/components/lwip/port/esp32xx/include/sys -I/Users/dave/.espressif/v6.0.1/esp-idf/components/esp_partition/include -I/Users/dave/.espressif/v6.0.1/esp-idf/components/esp_blockdev/include -I/Users/dave/.espressif/v6.0.1/esp-idf/components/spi_flash/include -I/Users/dave/.espressif/v6.0.1/esp-idf/components/esp_hal_mspi/include -I/Users/dave/.espressif/v6.0.1/esp-idf/components/esp_hal_mspi/esp32s3/include -I/Users/dave/.espressif/v6.0.1/esp-idf/components/esp_hal_gpspi/include -I/Users/dave/.espressif/v6.0.1/esp-idf/components/esp_hal_gpspi/esp32s3/include -I/Users/dave/.espressif/v6.0.1/esp-idf/components/esp_hal_clock/include -I/Users/dave/.espressif/v6.0.1/esp-idf/components/esp_hal_clock/esp32s3/include -I/Users/dave/.espressif/v6.0.1/esp-idf/components/bootloader_support/include -I/Users/dave/.espressif/v6.0.1/esp-idf/components/bootloader_support/bootloader_flash/include -I/Users/dave/.espressif/v6.0.1/esp-idf/components/mbedtls/port/include -I/Users/dave/.espressif/v6.0.1/esp-idf/components/mbedtls/mbedtls/include -I/Users/dave/.espressif/v6.0.1/esp-idf/components/mbedtls/mbedtls/library -I/Users/dave/.espressif/v6.0.1/esp-idf/components/mbedtls/mbedtls/tf-psa-crypto/core -I/Users/dave/.espressif/v6.0.1/esp-idf/components/mbedtls/mbedtls/tf-psa-crypto/drivers/builtin/src -I/Users/dave/.espressif/v6.0.1/esp-idf/components/mbedtls/esp_crt_bundle/include -I/Users/dave/.espressif/v6.0.1/esp-idf/components/mbedtls/port/psa_driver/include -I/Users/dave/.espressif/v6.0.1/esp-idf/components/esp_security/include -I/Users/dave/.espressif/v6.0.1/esp-idf/components/esp_hal_security/esp32s3/include -I/Users/dave/.espressif/v6.0.1/esp-idf/components/esp_hal_security/include -I/Users/dave/.espressif/v6.0.1/esp-idf/components/mbedtls/mbedtls/tf-psa-crypto/include -I/Users/dave/.espressif/v6.0.1/esp-idf/components/mbedtls/mbedtls/tf-psa-crypto/drivers/builtin/include -I/Users/dave/.espressif/v6.0.1/esp-idf/components/mbedtls/mbedtls/tf-psa-crypto/drivers/everest/include -I/Users/dave/.espressif/v6.0.1/esp-idf/components/mbedtls/mbedtls/tf-psa-crypto/drivers/p256-m -I/Users/dave/.espressif/v6.0.1/esp-idf/components/esp_driver_gpio/include -I/Users/dave/.espressif/v6.0.1/esp-idf/components/esp_app_format/include -I/Users/dave/.espressif/v6.0.1/esp-idf/components/efuse/include -I/Users/dave/.espressif/v6.0.1/esp-idf/components/efuse/esp32s3/include @"/Users/dave/GitHub/esp32/esp32-altair-8800/build/toolchain/cflags" -fdiagnostics-color=always -ffunction-sections -fdata-sections -Wall -Werror -Wno-error=unused-function -Wno-error=unused-variable -Wno-error=unused-but-set-variable -Wno-error=deprecated-declarations -Wextra -Wno-error=extra -Wno-unused-parameter -Wno-sign-compare -Wno-enum-conversion -gdwarf-4 -ggdb -Og -fno-shrink-wrap -fmacro-prefix-map=/Users/dave/GitHub/esp32/esp32-altair-8800=. -fmacro-prefix-map=/Users/dave/.espressif/v6.0.1/esp-idf=/IDF -fstrict-volatile-bitfields -fno-jump-tables -fno-tree-switch-conversion -std=gnu23 -Wno-old-style-declaration -fzero-init-padding-bits=all -fno-malloc-dce -MD -MT esp-idf/espcoredump/CMakeFiles/__idf_espcoredump.dir/src/core_dump_common.c.obj -MF esp-idf/espcoredump/CMakeFiles/__idf_espcoredump.dir/src/core_dump_common.c.obj.d -o esp-idf/espcoredump/CMakeFiles/__idf_espcoredump.dir/src/core_dump_common.c.obj -c /Users/dave/.espressif/v6.0.1/esp-idf/components/espcoredump/src/core_dump_common.c
xtensa-esp-elf-gcc: fatal error: /Users/dave/GitHub/esp32/esp32-altair-8800/build/specs/picolibc.specs: attempt to rename spec 'link' to already defined spec 'picolibc_link'
compilation terminated.
[3/1401] Building C object esp-idf/espcoredump/CMakeFiles/__idf_espcoredump.dir/src/core_dump_elf.c.obj
FAILED: esp-idf/espcoredump/CMakeFiles/__idf_espcoredump.dir/src/core_dump_elf.c.obj 
/Users/dave/.espressif/tools/xtensa-esp-elf/esp-15.2.0_20251204/xtensa-esp-elf/bin/xtensa-esp32s3-elf-gcc -DESP_PLATFORM -DESP_PSA_ITS_AVAILABLE -DFD_SETSIZE=96 -DIDF_VER=\"v6.0.1\" -DMBEDTLS_CONFIG_FILE=\"mbedtls/esp_config.h\" -DMBEDTLS_MAJOR_VERSION=4 -DSOC_MMU_PAGE_SIZE=CONFIG_MMU_PAGE_SIZE -DSOC_XTAL_FREQ_MHZ=CONFIG_XTAL_FREQ -DTF_PSA_CRYPTO_USER_CONFIG_FILE=\"mbedtls/esp_config.h\" -D_GLIBCXX_HAVE_POSIX_SEMAPHORE -D_GLIBCXX_USE_POSIX_SEMAPHORE -D_GNU_SOURCE -D_POSIX_READER_WRITER_LOCKS -I/Users/dave/GitHub/esp32/esp32-altair-8800/build/config -I/Users/dave/.espressif/v6.0.1/esp-idf/components/espcoredump/include -I/Users/dave/.espressif/v6.0.1/esp-idf/components/espcoredump/include/port/xtensa -I/Users/dave/.espressif/v6.0.1/esp-idf/components/espcoredump/include_core_dump -I/Users/dave/.espressif/v6.0.1/esp-idf/components/esp_libc/platform_include -I/Users/dave/.espressif/v6.0.1/esp-idf/components/freertos/config/include -I/Users/dave/.espressif/v6.0.1/esp-idf/components/freertos/config/include/freertos -I/Users/dave/.espressif/v6.0.1/esp-idf/components/freertos/config/xtensa/include -I/Users/dave/.espressif/v6.0.1/esp-idf/components/freertos/FreeRTOS-Kernel/include -I/Users/dave/.espressif/v6.0.1/esp-idf/components/freertos/FreeRTOS-Kernel/portable/xtensa/include -I/Users/dave/.espressif/v6.0.1/esp-idf/components/freertos/FreeRTOS-Kernel/portable/xtensa/include/freertos -I/Users/dave/.espressif/v6.0.1/esp-idf/components/freertos/esp_additions/include -I/Users/dave/.espressif/v6.0.1/esp-idf/components/esp_hw_support/include -I/Users/dave/.espressif/v6.0.1/esp-idf/components/esp_hw_support/include/soc -I/Users/dave/.espressif/v6.0.1/esp-idf/components/esp_hw_support/ldo/include -I/Users/dave/.espressif/v6.0.1/esp-idf/components/esp_hw_support/debug_probe/include -I/Users/dave/.espressif/v6.0.1/esp-idf/components/esp_hw_support/etm/include -I/Users/dave/.espressif/v6.0.1/esp-idf/components/esp_hw_support/mspi_timing_tuning/include -I/Users/dave/.espressif/v6.0.1/esp-idf/components/esp_hw_support/mspi_timing_tuning/tuning_scheme_impl/include -I/Users/dave/.espressif/v6.0.1/esp-idf/components/esp_hw_support/power_supply/include -I/Users/dave/.espressif/v6.0.1/esp-idf/components/esp_hw_support/modem/include -I/Users/dave/.espressif/v6.0.1/esp-idf/components/esp_hw_support/include/soc/esp32s3 -I/Users/dave/.espressif/v6.0.1/esp-idf/components/esp_hw_support/port/esp32s3/. -I/Users/dave/.espressif/v6.0.1/esp-idf/components/esp_hw_support/port/esp32s3/include -I/Users/dave/.espressif/v6.0.1/esp-idf/components/esp_hw_support/mspi_timing_tuning/port/esp32s3/. -I/Users/dave/.espressif/v6.0.1/esp-idf/components/esp_hw_support/mspi_timing_tuning/port/esp32s3/include -I/Users/dave/.espressif/v6.0.1/esp-idf/components/heap/include -I/Users/dave/.espressif/v6.0.1/esp-idf/components/heap/tlsf -I/Users/dave/.espressif/v6.0.1/esp-idf/components/log/include -I/Users/dave/.espressif/v6.0.1/esp-idf/components/soc/include -I/Users/dave/.espressif/v6.0.1/esp-idf/components/soc/esp32s3 -I/Users/dave/.espressif/v6.0.1/esp-idf/components/soc/esp32s3/include -I/Users/dave/.espressif/v6.0.1/esp-idf/components/soc/esp32s3/register -I/Users/dave/.espressif/v6.0.1/esp-idf/components/hal/platform_port/include -I/Users/dave/.espressif/v6.0.1/esp-idf/components/hal/esp32s3/include -I/Users/dave/.espressif/v6.0.1/esp-idf/components/hal/include -I/Users/dave/.espressif/v6.0.1/esp-idf/components/esp_rom/include -I/Users/dave/.espressif/v6.0.1/esp-idf/components/esp_rom/esp32s3/include -I/Users/dave/.espressif/v6.0.1/esp-idf/components/esp_rom/esp32s3/include/esp32s3 -I/Users/dave/.espressif/v6.0.1/esp-idf/components/esp_rom/esp32s3 -I/Users/dave/.espressif/v6.0.1/esp-idf/components/esp_common/include -I/Users/dave/.espressif/v6.0.1/esp-idf/components/esp_system/include -I/Users/dave/.espressif/v6.0.1/esp-idf/components/esp_system/port/soc -I/Users/dave/.espressif/v6.0.1/esp-idf/components/esp_system/port/include/private -I/Users/dave/.espressif/v6.0.1/esp-idf/components/esp_stdio/include -I/Users/dave/.espressif/v6.0.1/esp-idf/components/xtensa/esp32s3/include -I/Users/dave/.espressif/v6.0.1/esp-idf/components/xtensa/include -I/Users/dave/.espressif/v6.0.1/esp-idf/components/xtensa/deprecated_include -I/Users/dave/.espressif/v6.0.1/esp-idf/components/esp_hal_gpio/include -I/Users/dave/.espressif/v6.0.1/esp-idf/components/esp_hal_gpio/esp32s3/include -I/Users/dave/.espressif/v6.0.1/esp-idf/components/esp_hal_usb/include -I/Users/dave/.espressif/v6.0.1/esp-idf/components/esp_hal_usb/esp32s3/include -I/Users/dave/.espressif/v6.0.1/esp-idf/components/esp_hal_pmu/include -I/Users/dave/.espressif/v6.0.1/esp-idf/components/esp_hal_pmu/esp32s3/include -I/Users/dave/.espressif/v6.0.1/esp-idf/components/esp_hal_ana_conv/include -I/Users/dave/.espressif/v6.0.1/esp-idf/components/esp_hal_ana_conv/esp32s3/include -I/Users/dave/.espressif/v6.0.1/esp-idf/components/esp_hal_dma/include -I/Users/dave/.espressif/v6.0.1/esp-idf/components/esp_hal_dma/esp32s3/include -I/Users/dave/.espressif/v6.0.1/esp-idf/components/lwip/include -I/Users/dave/.espressif/v6.0.1/esp-idf/components/lwip/include/apps -I/Users/dave/.espressif/v6.0.1/esp-idf/components/lwip/lwip/src/include -I/Users/dave/.espressif/v6.0.1/esp-idf/components/lwip/port/include -I/Users/dave/.espressif/v6.0.1/esp-idf/components/lwip/port/freertos/include -I/Users/dave/.espressif/v6.0.1/esp-idf/components/lwip/port/esp32xx/include -I/Users/dave/.espressif/v6.0.1/esp-idf/components/lwip/port/esp32xx/include/arch -I/Users/dave/.espressif/v6.0.1/esp-idf/components/lwip/port/esp32xx/include/sys -I/Users/dave/.espressif/v6.0.1/esp-idf/components/esp_partition/include -I/Users/dave/.espressif/v6.0.1/esp-idf/components/esp_blockdev/include -I/Users/dave/.espressif/v6.0.1/esp-idf/components/spi_flash/include -I/Users/dave/.espressif/v6.0.1/esp-idf/components/esp_hal_mspi/include -I/Users/dave/.espressif/v6.0.1/esp-idf/components/esp_hal_mspi/esp32s3/include -I/Users/dave/.espressif/v6.0.1/esp-idf/components/esp_hal_gpspi/include -I/Users/dave/.espressif/v6.0.1/esp-idf/components/esp_hal_gpspi/esp32s3/include -I/Users/dave/.espressif/v6.0.1/esp-idf/components/esp_hal_clock/include -I/Users/dave/.espressif/v6.0.1/esp-idf/components/esp_hal_clock/esp32s3/include -I/Users/dave/.espressif/v6.0.1/esp-idf/components/bootloader_support/include -I/Users/dave/.espressif/v6.0.1/esp-idf/components/bootloader_support/bootloader_flash/include -I/Users/dave/.espressif/v6.0.1/esp-idf/components/mbedtls/port/include -I/Users/dave/.espressif/v6.0.1/esp-idf/components/mbedtls/mbedtls/include -I/Users/dave/.espressif/v6.0.1/esp-idf/components/mbedtls/mbedtls/library -I/Users/dave/.espressif/v6.0.1/esp-idf/components/mbedtls/mbedtls/tf-psa-crypto/core -I/Users/dave/.espressif/v6.0.1/esp-idf/components/mbedtls/mbedtls/tf-psa-crypto/drivers/builtin/src -I/Users/dave/.espressif/v6.0.1/esp-idf/components/mbedtls/esp_crt_bundle/include -I/Users/dave/.espressif/v6.0.1/esp-idf/components/mbedtls/port/psa_driver/include -I/Users/dave/.espressif/v6.0.1/esp-idf/components/esp_security/include -I/Users/dave/.espressif/v6.0.1/esp-idf/components/esp_hal_security/esp32s3/include -I/Users/dave/.espressif/v6.0.1/esp-idf/components/esp_hal_security/include -I/Users/dave/.espressif/v6.0.1/esp-idf/components/mbedtls/mbedtls/tf-psa-crypto/include -I/Users/dave/.espressif/v6.0.1/esp-idf/components/mbedtls/mbedtls/tf-psa-crypto/drivers/builtin/include -I/Users/dave/.espressif/v6.0.1/esp-idf/components/mbedtls/mbedtls/tf-psa-crypto/drivers/everest/include -I/Users/dave/.espressif/v6.0.1/esp-idf/components/mbedtls/mbedtls/tf-psa-crypto/drivers/p256-m -I/Users/dave/.espressif/v6.0.1/esp-idf/components/esp_driver_gpio/include -I/Users/dave/.espressif/v6.0.1/esp-idf/components/esp_app_format/include -I/Users/dave/.espressif/v6.0.1/esp-idf/components/efuse/include -I/Users/dave/.espressif/v6.0.1/esp-idf/components/efuse/esp32s3/include @"/Users/dave/GitHub/esp32/esp32-altair-8800/build/toolchain/cflags" -fdiagnostics-color=always -ffunction-sections -fdata-sections -Wall -Werror -Wno-error=unused-function -Wno-error=unused-variable -Wno-error=unused-but-set-variable -Wno-error=deprecated-declarations -Wextra -Wno-error=extra -Wno-unused-parameter -Wno-sign-compare -Wno-enum-conversion -gdwarf-4 -ggdb -Og -fno-shrink-wrap -fmacro-prefix-map=/Users/dave/GitHub/esp32/esp32-altair-8800=. -fmacro-prefix-map=/Users/dave/.espressif/v6.0.1/esp-idf=/IDF -fstrict-volatile-bitfields -fno-jump-tables -fno-tree-switch-conversion -std=gnu23 -Wno-old-style-declaration -fzero-init-padding-bits=all -fno-malloc-dce -MD -MT esp-idf/espcoredump/CMakeFiles/__idf_espcoredump.dir/src/core_dump_elf.c.obj -MF esp-idf/espcoredump/CMakeFiles/__idf_espcoredump.dir/src/core_dump_elf.c.obj.d -o esp-idf/espcoredump/CMakeFiles/__idf_espcoredump.dir/src/core_dump_elf.c.obj -c /Users/dave/.espressif/v6.0.1/esp-idf/components/espcoredump/src/core_dump_elf.c
xtensa-esp-elf-gcc: fatal error: /Users/dave/GitHub/esp32/esp32-altair-8800/build/specs/picolibc.specs: attempt to rename spec 'link' to already defined spec 'picolibc_link'
compilation terminated.
[4/1401] Building C object esp-idf/espcoredump/CMakeFiles/__idf_espcoredump.dir/src/core_dump_sha.c.obj
FAILED: esp-idf/espcoredump/CMakeFiles/__idf_espcoredump.dir/src/core_dump_sha.c.obj 
/Users/dave/.espressif/tools/xtensa-esp-elf/esp-15.2.0_20251204/xtensa-esp-elf/bin/xtensa-esp32s3-elf-gcc -DESP_PLATFORM -DESP_PSA_ITS_AVAILABLE -DFD_SETSIZE=96 -DIDF_VER=\"v6.0.1\" -DMBEDTLS_CONFIG_FILE=\"mbedtls/esp_config.h\" -DMBEDTLS_MAJOR_VERSION=4 -DSOC_MMU_PAGE_SIZE=CONFIG_MMU_PAGE_SIZE -DSOC_XTAL_FREQ_MHZ=CONFIG_XTAL_FREQ -DTF_PSA_CRYPTO_USER_CONFIG_FILE=\"mbedtls/esp_config.h\" -D_GLIBCXX_HAVE_POSIX_SEMAPHORE -D_GLIBCXX_USE_POSIX_SEMAPHORE -D_GNU_SOURCE -D_POSIX_READER_WRITER_LOCKS -I/Users/dave/GitHub/esp32/esp32-altair-8800/build/config -I/Users/dave/.espressif/v6.0.1/esp-idf/components/espcoredump/include -I/Users/dave/.espressif/v6.0.1/esp-idf/components/espcoredump/include/port/xtensa -I/Users/dave/.espressif/v6.0.1/esp-idf/components/espcoredump/include_core_dump -I/Users/dave/.espressif/v6.0.1/esp-idf/components/esp_libc/platform_include -I/Users/dave/.espressif/v6.0.1/esp-idf/components/freertos/config/include -I/Users/dave/.espressif/v6.0.1/esp-idf/components/freertos/config/include/freertos -I/Users/dave/.espressif/v6.0.1/esp-idf/components/freertos/config/xtensa/include -I/Users/dave/.espressif/v6.0.1/esp-idf/components/freertos/FreeRTOS-Kernel/include -I/Users/dave/.espressif/v6.0.1/esp-idf/components/freertos/FreeRTOS-Kernel/portable/xtensa/include -I/Users/dave/.espressif/v6.0.1/esp-idf/components/freertos/FreeRTOS-Kernel/portable/xtensa/include/freertos -I/Users/dave/.espressif/v6.0.1/esp-idf/components/freertos/esp_additions/include -I/Users/dave/.espressif/v6.0.1/esp-idf/components/esp_hw_support/include -I/Users/dave/.espressif/v6.0.1/esp-idf/components/esp_hw_support/include/soc -I/Users/dave/.espressif/v6.0.1/esp-idf/components/esp_hw_support/ldo/include -I/Users/dave/.espressif/v6.0.1/esp-idf/components/esp_hw_support/debug_probe/include -I/Users/dave/.espressif/v6.0.1/esp-idf/components/esp_hw_support/etm/include -I/Users/dave/.espressif/v6.0.1/esp-idf/components/esp_hw_support/mspi_timing_tuning/include -I/Users/dave/.espressif/v6.0.1/esp-idf/components/esp_hw_support/mspi_timing_tuning/tuning_scheme_impl/include -I/Users/dave/.espressif/v6.0.1/esp-idf/components/esp_hw_support/power_supply/include -I/Users/dave/.espressif/v6.0.1/esp-idf/components/esp_hw_support/modem/include -I/Users/dave/.espressif/v6.0.1/esp-idf/components/esp_hw_support/include/soc/esp32s3 -I/Users/dave/.espressif/v6.0.1/esp-idf/components/esp_hw_support/port/esp32s3/. -I/Users/dave/.espressif/v6.0.1/esp-idf/components/esp_hw_support/port/esp32s3/include -I/Users/dave/.espressif/v6.0.1/esp-idf/components/esp_hw_support/mspi_timing_tuning/port/esp32s3/. -I/Users/dave/.espressif/v6.0.1/esp-idf/components/esp_hw_support/mspi_timing_tuning/port/esp32s3/include -I/Users/dave/.espressif/v6.0.1/esp-idf/components/heap/include -I/Users/dave/.espressif/v6.0.1/esp-idf/components/heap/tlsf -I/Users/dave/.espressif/v6.0.1/esp-idf/components/log/include -I/Users/dave/.espressif/v6.0.1/esp-idf/components/soc/include -I/Users/dave/.espressif/v6.0.1/esp-idf/components/soc/esp32s3 -I/Users/dave/.espressif/v6.0.1/esp-idf/components/soc/esp32s3/include -I/Users/dave/.espressif/v6.0.1/esp-idf/components/soc/esp32s3/register -I/Users/dave/.espressif/v6.0.1/esp-idf/components/hal/platform_port/include -I/Users/dave/.espressif/v6.0.1/esp-idf/components/hal/esp32s3/include -I/Users/dave/.espressif/v6.0.1/esp-idf/components/hal/include -I/Users/dave/.espressif/v6.0.1/esp-idf/components/esp_rom/include -I/Users/dave/.espressif/v6.0.1/esp-idf/components/esp_rom/esp32s3/include -I/Users/dave/.espressif/v6.0.1/esp-idf/components/esp_rom/esp32s3/include/esp32s3 -I/Users/dave/.espressif/v6.0.1/esp-idf/components/esp_rom/esp32s3 -I/Users/dave/.espressif/v6.0.1/esp-idf/components/esp_common/include -I/Users/dave/.espressif/v6.0.1/esp-idf/components/esp_system/include -I/Users/dave/.espressif/v6.0.1/esp-idf/components/esp_system/port/soc -I/Users/dave/.espressif/v6.0.1/esp-idf/components/esp_system/port/include/private -I/Users/dave/.espressif/v6.0.1/esp-idf/components/esp_stdio/include -I/Users/dave/.espressif/v6.0.1/esp-idf/components/xtensa/esp32s3/include -I/Users/dave/.espressif/v6.0.1/esp-idf/components/xtensa/include -I/Users/dave/.espressif/v6.0.1/esp-idf/components/xtensa/deprecated_include -I/Users/dave/.espressif/v6.0.1/esp-idf/components/esp_hal_gpio/include -I/Users/dave/.espressif/v6.0.1/esp-idf/components/esp_hal_gpio/esp32s3/include -I/Users/dave/.espressif/v6.0.1/esp-idf/components/esp_hal_usb/include -I/Users/dave/.espressif/v6.0.1/esp-idf/components/esp_hal_usb/esp32s3/include -I/Users/dave/.espressif/v6.0.1/esp-idf/components/esp_hal_pmu/include -I/Users/dave/.espressif/v6.0.1/esp-idf/components/esp_hal_pmu/esp32s3/include -I/Users/dave/.espressif/v6.0.1/esp-idf/components/esp_hal_ana_conv/include -I/Users/dave/.espressif/v6.0.1/esp-idf/components/esp_hal_ana_conv/esp32s3/include -I/Users/dave/.espressif/v6.0.1/esp-idf/components/esp_hal_dma/include -I/Users/dave/.espressif/v6.0.1/esp-idf/components/esp_hal_dma/esp32s3/include -I/Users/dave/.espressif/v6.0.1/esp-idf/components/lwip/include -I/Users/dave/.espressif/v6.0.1/esp-idf/components/lwip/include/apps -I/Users/dave/.espressif/v6.0.1/esp-idf/components/lwip/lwip/src/include -I/Users/dave/.espressif/v6.0.1/esp-idf/components/lwip/port/include -I/Users/dave/.espressif/v6.0.1/esp-idf/components/lwip/port/freertos/include -I/Users/dave/.espressif/v6.0.1/esp-idf/components/lwip/port/esp32xx/include -I/Users/dave/.espressif/v6.0.1/esp-idf/components/lwip/port/esp32xx/include/arch -I/Users/dave/.espressif/v6.0.1/esp-idf/components/lwip/port/esp32xx/include/sys -I/Users/dave/.espressif/v6.0.1/esp-idf/components/esp_partition/include -I/Users/dave/.espressif/v6.0.1/esp-idf/components/esp_blockdev/include -I/Users/dave/.espressif/v6.0.1/esp-idf/components/spi_flash/include -I/Users/dave/.espressif/v6.0.1/esp-idf/components/esp_hal_mspi/include -I/Users/dave/.espressif/v6.0.1/esp-idf/components/esp_hal_mspi/esp32s3/include -I/Users/dave/.espressif/v6.0.1/esp-idf/components/esp_hal_gpspi/include -I/Users/dave/.espressif/v6.0.1/esp-idf/components/esp_hal_gpspi/esp32s3/include -I/Users/dave/.espressif/v6.0.1/esp-idf/components/esp_hal_clock/include -I/Users/dave/.espressif/v6.0.1/esp-idf/components/esp_hal_clock/esp32s3/include -I/Users/dave/.espressif/v6.0.1/esp-idf/components/bootloader_support/include -I/Users/dave/.espressif/v6.0.1/esp-idf/components/bootloader_support/bootloader_flash/include -I/Users/dave/.espressif/v6.0.1/esp-idf/components/mbedtls/port/include -I/Users/dave/.espressif/v6.0.1/esp-idf/components/mbedtls/mbedtls/include -I/Users/dave/.espressif/v6.0.1/esp-idf/components/mbedtls/mbedtls/library -I/Users/dave/.espressif/v6.0.1/esp-idf/components/mbedtls/mbedtls/tf-psa-crypto/core -I/Users/dave/.espressif/v6.0.1/esp-idf/components/mbedtls/mbedtls/tf-psa-crypto/drivers/builtin/src -I/Users/dave/.espressif/v6.0.1/esp-idf/components/mbedtls/esp_crt_bundle/include -I/Users/dave/.espressif/v6.0.1/esp-idf/components/mbedtls/port/psa_driver/include -I/Users/dave/.espressif/v6.0.1/esp-idf/components/esp_security/include -I/Users/dave/.espressif/v6.0.1/esp-idf/components/esp_hal_security/esp32s3/include -I/Users/dave/.espressif/v6.0.1/esp-idf/components/esp_hal_security/include -I/Users/dave/.espressif/v6.0.1/esp-idf/components/mbedtls/mbedtls/tf-psa-crypto/include -I/Users/dave/.espressif/v6.0.1/esp-idf/components/mbedtls/mbedtls/tf-psa-crypto/drivers/builtin/include -I/Users/dave/.espressif/v6.0.1/esp-idf/components/mbedtls/mbedtls/tf-psa-crypto/drivers/everest/include -I/Users/dave/.espressif/v6.0.1/esp-idf/components/mbedtls/mbedtls/tf-psa-crypto/drivers/p256-m -I/Users/dave/.espressif/v6.0.1/esp-idf/components/esp_driver_gpio/include -I/Users/dave/.espressif/v6.0.1/esp-idf/components/esp_app_format/include -I/Users/dave/.espressif/v6.0.1/esp-idf/components/efuse/include -I/Users/dave/.espressif/v6.0.1/esp-idf/components/efuse/esp32s3/include @"/Users/dave/GitHub/esp32/esp32-altair-8800/build/toolchain/cflags" -fdiagnostics-color=always -ffunction-sections -fdata-sections -Wall -Werror -Wno-error=unused-function -Wno-error=unused-variable -Wno-error=unused-but-set-variable -Wno-error=deprecated-declarations -Wextra -Wno-error=extra -Wno-unused-parameter -Wno-sign-compare -Wno-enum-conversion -gdwarf-4 -ggdb -Og -fno-shrink-wrap -fmacro-prefix-map=/Users/dave/GitHub/esp32/esp32-altair-8800=. -fmacro-prefix-map=/Users/dave/.espressif/v6.0.1/esp-idf=/IDF -fstrict-volatile-bitfields -fno-jump-tables -fno-tree-switch-conversion -std=gnu23 -Wno-old-style-declaration -fzero-init-padding-bits=all -fno-malloc-dce -MD -MT esp-idf/espcoredump/CMakeFiles/__idf_espcoredump.dir/src/core_dump_sha.c.obj -MF esp-idf/espcoredump/CMakeFiles/__idf_espcoredump.dir/src/core_dump_sha.c.obj.d -o esp-idf/espcoredump/CMakeFiles/__idf_espcoredump.dir/src/core_dump_sha.c.obj -c /Users/dave/.espressif/v6.0.1/esp-idf/components/espcoredump/src/core_dump_sha.c
xtensa-esp-elf-gcc: fatal error: /Users/dave/GitHub/esp32/esp32-altair-8800/build/specs/picolibc.specs: attempt to rename spec 'link' to already defined spec 'picolibc_link'
compilation terminated.
[5/1401] Building C object esp-idf/espcoredump/CMakeFiles/__idf_espcoredump.dir/src/core_dump_uart.c.obj
FAILED: esp-idf/espcoredump/CMakeFiles/__idf_espcoredump.dir/src/core_dump_uart.c.obj 
/Users/dave/.espressif/tools/xtensa-esp-elf/esp-15.2.0_20251204/xtensa-esp-elf/bin/xtensa-esp32s3-elf-gcc -DESP_PLATFORM -DESP_PSA_ITS_AVAILABLE -DFD_SETSIZE=96 -DIDF_VER=\"v6.0.1\" -DMBEDTLS_CONFIG_FILE=\"mbedtls/esp_config.h\" -DMBEDTLS_MAJOR_VERSION=4 -DSOC_MMU_PAGE_SIZE=CONFIG_MMU_PAGE_SIZE -DSOC_XTAL_FREQ_MHZ=CONFIG_XTAL_FREQ -DTF_PSA_CRYPTO_USER_CONFIG_FILE=\"mbedtls/esp_config.h\" -D_GLIBCXX_HAVE_POSIX_SEMAPHORE -D_GLIBCXX_USE_POSIX_SEMAPHORE -D_GNU_SOURCE -D_POSIX_READER_WRITER_LOCKS -I/Users/dave/GitHub/esp32/esp32-altair-8800/build/config -I/Users/dave/.espressif/v6.0.1/esp-idf/components/espcoredump/include -I/Users/dave/.espressif/v6.0.1/esp-idf/components/espcoredump/include/port/xtensa -I/Users/dave/.espressif/v6.0.1/esp-idf/components/espcoredump/include_core_dump -I/Users/dave/.espressif/v6.0.1/esp-idf/components/esp_libc/platform_include -I/Users/dave/.espressif/v6.0.1/esp-idf/components/freertos/config/include -I/Users/dave/.espressif/v6.0.1/esp-idf/components/freertos/config/include/freertos -I/Users/dave/.espressif/v6.0.1/esp-idf/components/freertos/config/xtensa/include -I/Users/dave/.espressif/v6.0.1/esp-idf/components/freertos/FreeRTOS-Kernel/include -I/Users/dave/.espressif/v6.0.1/esp-idf/components/freertos/FreeRTOS-Kernel/portable/xtensa/include -I/Users/dave/.espressif/v6.0.1/esp-idf/components/freertos/FreeRTOS-Kernel/portable/xtensa/include/freertos -I/Users/dave/.espressif/v6.0.1/esp-idf/components/freertos/esp_additions/include -I/Users/dave/.espressif/v6.0.1/esp-idf/components/esp_hw_support/include -I/Users/dave/.espressif/v6.0.1/esp-idf/components/esp_hw_support/include/soc -I/Users/dave/.espressif/v6.0.1/esp-idf/components/esp_hw_support/ldo/include -I/Users/dave/.espressif/v6.0.1/esp-idf/components/esp_hw_support/debug_probe/include -I/Users/dave/.espressif/v6.0.1/esp-idf/components/esp_hw_support/etm/include -I/Users/dave/.espressif/v6.0.1/esp-idf/components/esp_hw_support/mspi_timing_tuning/include -I/Users/dave/.espressif/v6.0.1/esp-idf/components/esp_hw_support/mspi_timing_tuning/tuning_scheme_impl/include -I/Users/dave/.espressif/v6.0.1/esp-idf/components/esp_hw_support/power_supply/include -I/Users/dave/.espressif/v6.0.1/esp-idf/components/esp_hw_support/modem/include -I/Users/dave/.espressif/v6.0.1/esp-idf/components/esp_hw_support/include/soc/esp32s3 -I/Users/dave/.espressif/v6.0.1/esp-idf/components/esp_hw_support/port/esp32s3/. -I/Users/dave/.espressif/v6.0.1/esp-idf/components/esp_hw_support/port/esp32s3/include -I/Users/dave/.espressif/v6.0.1/esp-idf/components/esp_hw_support/mspi_timing_tuning/port/esp32s3/. -I/Users/dave/.espressif/v6.0.1/esp-idf/components/esp_hw_support/mspi_timing_tuning/port/esp32s3/include -I/Users/dave/.espressif/v6.0.1/esp-idf/components/heap/include -I/Users/dave/.espressif/v6.0.1/esp-idf/components/heap/tlsf -I/Users/dave/.espressif/v6.0.1/esp-idf/components/log/include -I/Users/dave/.espressif/v6.0.1/esp-idf/components/soc/include -I/Users/dave/.espressif/v6.0.1/esp-idf/components/soc/esp32s3 -I/Users/dave/.espressif/v6.0.1/esp-idf/components/soc/esp32s3/include -I/Users/dave/.espressif/v6.0.1/esp-idf/components/soc/esp32s3/register -I/Users/dave/.espressif/v6.0.1/esp-idf/components/hal/platform_port/include -I/Users/dave/.espressif/v6.0.1/esp-idf/components/hal/esp32s3/include -I/Users/dave/.espressif/v6.0.1/esp-idf/components/hal/include -I/Users/dave/.espressif/v6.0.1/esp-idf/components/esp_rom/include -I/Users/dave/.espressif/v6.0.1/esp-idf/components/esp_rom/esp32s3/include -I/Users/dave/.espressif/v6.0.1/esp-idf/components/esp_rom/esp32s3/include/esp32s3 -I/Users/dave/.espressif/v6.0.1/esp-idf/components/esp_rom/esp32s3 -I/Users/dave/.espressif/v6.0.1/esp-idf/components/esp_common/include -I/Users/dave/.espressif/v6.0.1/esp-idf/components/esp_system/include -I/Users/dave/.espressif/v6.0.1/esp-idf/components/esp_system/port/soc -I/Users/dave/.espressif/v6.0.1/esp-idf/components/esp_system/port/include/private -I/Users/dave/.espressif/v6.0.1/esp-idf/components/esp_stdio/include -I/Users/dave/.espressif/v6.0.1/esp-idf/components/xtensa/esp32s3/include -I/Users/dave/.espressif/v6.0.1/esp-idf/components/xtensa/include -I/Users/dave/.espressif/v6.0.1/esp-idf/components/xtensa/deprecated_include -I/Users/dave/.espressif/v6.0.1/esp-idf/components/esp_hal_gpio/include -I/Users/dave/.espressif/v6.0.1/esp-idf/components/esp_hal_gpio/esp32s3/include -I/Users/dave/.espressif/v6.0.1/esp-idf/components/esp_hal_usb/include -I/Users/dave/.espressif/v6.0.1/esp-idf/components/esp_hal_usb/esp32s3/include -I/Users/dave/.espressif/v6.0.1/esp-idf/components/esp_hal_pmu/include -I/Users/dave/.espressif/v6.0.1/esp-idf/components/esp_hal_pmu/esp32s3/include -I/Users/dave/.espressif/v6.0.1/esp-idf/components/esp_hal_ana_conv/include -I/Users/dave/.espressif/v6.0.1/esp-idf/components/esp_hal_ana_conv/esp32s3/include -I/Users/dave/.espressif/v6.0.1/esp-idf/components/esp_hal_dma/include -I/Users/dave/.espressif/v6.0.1/esp-idf/components/esp_hal_dma/esp32s3/include -I/Users/dave/.espressif/v6.0.1/esp-idf/components/lwip/include -I/Users/dave/.espressif/v6.0.1/esp-idf/components/lwip/include/apps -I/Users/dave/.espressif/v6.0.1/esp-idf/components/lwip/lwip/src/include -I/Users/dave/.espressif/v6.0.1/esp-idf/components/lwip/port/include -I/Users/dave/.espressif/v6.0.1/esp-idf/components/lwip/port/freertos/include -I/Users/dave/.espressif/v6.0.1/esp-idf/components/lwip/port/esp32xx/include -I/Users/dave/.espressif/v6.0.1/esp-idf/components/lwip/port/esp32xx/include/arch -I/Users/dave/.espressif/v6.0.1/esp-idf/components/lwip/port/esp32xx/include/sys -I/Users/dave/.espressif/v6.0.1/esp-idf/components/esp_partition/include -I/Users/dave/.espressif/v6.0.1/esp-idf/components/esp_blockdev/include -I/Users/dave/.espressif/v6.0.1/esp-idf/components/spi_flash/include -I/Users/dave/.espressif/v6.0.1/esp-idf/components/esp_hal_mspi/include -I/Users/dave/.espressif/v6.0.1/esp-idf/components/esp_hal_mspi/esp32s3/include -I/Users/dave/.espressif/v6.0.1/esp-idf/components/esp_hal_gpspi/include -I/Users/dave/.espressif/v6.0.1/esp-idf/components/esp_hal_gpspi/esp32s3/include -I/Users/dave/.espressif/v6.0.1/esp-idf/components/esp_hal_clock/include -I/Users/dave/.espressif/v6.0.1/esp-idf/components/esp_hal_clock/esp32s3/include -I/Users/dave/.espressif/v6.0.1/esp-idf/components/bootloader_support/include -I/Users/dave/.espressif/v6.0.1/esp-idf/components/bootloader_support/bootloader_flash/include -I/Users/dave/.espressif/v6.0.1/esp-idf/components/mbedtls/port/include -I/Users/dave/.espressif/v6.0.1/esp-idf/components/mbedtls/mbedtls/include -I/Users/dave/.espressif/v6.0.1/esp-idf/components/mbedtls/mbedtls/library -I/Users/dave/.espressif/v6.0.1/esp-idf/components/mbedtls/mbedtls/tf-psa-crypto/core -I/Users/dave/.espressif/v6.0.1/esp-idf/components/mbedtls/mbedtls/tf-psa-crypto/drivers/builtin/src -I/Users/dave/.espressif/v6.0.1/esp-idf/components/mbedtls/esp_crt_bundle/include -I/Users/dave/.espressif/v6.0.1/esp-idf/components/mbedtls/port/psa_driver/include -I/Users/dave/.espressif/v6.0.1/esp-idf/components/esp_security/include -I/Users/dave/.espressif/v6.0.1/esp-idf/components/esp_hal_security/esp32s3/include -I/Users/dave/.espressif/v6.0.1/esp-idf/components/esp_hal_security/include -I/Users/dave/.espressif/v6.0.1/esp-idf/components/mbedtls/mbedtls/tf-psa-crypto/include -I/Users/dave/.espressif/v6.0.1/esp-idf/components/mbedtls/mbedtls/tf-psa-crypto/drivers/builtin/include -I/Users/dave/.espressif/v6.0.1/esp-idf/components/mbedtls/mbedtls/tf-psa-crypto/drivers/everest/include -I/Users/dave/.espressif/v6.0.1/esp-idf/components/mbedtls/mbedtls/tf-psa-crypto/drivers/p256-m -I/Users/dave/.espressif/v6.0.1/esp-idf/components/esp_driver_gpio/include -I/Users/dave/.espressif/v6.0.1/esp-idf/components/esp_app_format/include -I/Users/dave/.espressif/v6.0.1/esp-idf/components/efuse/include -I/Users/dave/.espressif/v6.0.1/esp-idf/components/efuse/esp32s3/include @"/Users/dave/GitHub/esp32/esp32-altair-8800/build/toolchain/cflags" -fdiagnostics-color=always -ffunction-sections -fdata-sections -Wall -Werror -Wno-error=unused-function -Wno-error=unused-variable -Wno-error=unused-but-set-variable -Wno-error=deprecated-declarations -Wextra -Wno-error=extra -Wno-unused-parameter -Wno-sign-compare -Wno-enum-conversion -gdwarf-4 -ggdb -Og -fno-shrink-wrap -fmacro-prefix-map=/Users/dave/GitHub/esp32/esp32-altair-8800=. -fmacro-prefix-map=/Users/dave/.espressif/v6.0.1/esp-idf=/IDF -fstrict-volatile-bitfields -fno-jump-tables -fno-tree-switch-conversion -std=gnu23 -Wno-old-style-declaration -fzero-init-padding-bits=all -fno-malloc-dce -MD -MT esp-idf/espcoredump/CMakeFiles/__idf_espcoredump.dir/src/core_dump_uart.c.obj -MF esp-idf/espcoredump/CMakeFiles/__idf_espcoredump.dir/src/core_dump_uart.c.obj.d -o esp-idf/espcoredump/CMakeFiles/__idf_espcoredump.dir/src/core_dump_uart.c.obj -c /Users/dave/.espressif/v6.0.1/esp-idf/components/espcoredump/src/core_dump_uart.c
xtensa-esp-elf-gcc: fatal error: /Users/dave/GitHub/esp32/esp32-altair-8800/build/specs/picolibc.specs: attempt to rename spec 'link' to already defined spec 'picolibc_link'
compilation terminated.
[6/1401] Building C object esp-idf/espcoredump/CMakeFiles/__idf_espcoredump.dir/src/port/xtensa/core_dump_port.c.obj
FAILED: esp-idf/espcoredump/CMakeFiles/__idf_espcoredump.dir/src/port/xtensa/core_dump_port.c.obj 
/Users/dave/.espressif/tools/xtensa-esp-elf/esp-15.2.0_20251204/xtensa-esp-elf/bin/xtensa-esp32s3-elf-gcc -DESP_PLATFORM -DESP_PSA_ITS_AVAILABLE -DFD_SETSIZE=96 -DIDF_VER=\"v6.0.1\" -DMBEDTLS_CONFIG_FILE=\"mbedtls/esp_config.h\" -DMBEDTLS_MAJOR_VERSION=4 -DSOC_MMU_PAGE_SIZE=CONFIG_MMU_PAGE_SIZE -DSOC_XTAL_FREQ_MHZ=CONFIG_XTAL_FREQ -DTF_PSA_CRYPTO_USER_CONFIG_FILE=\"mbedtls/esp_config.h\" -D_GLIBCXX_HAVE_POSIX_SEMAPHORE -D_GLIBCXX_USE_POSIX_SEMAPHORE -D_GNU_SOURCE -D_POSIX_READER_WRITER_LOCKS -I/Users/dave/GitHub/esp32/esp32-altair-8800/build/config -I/Users/dave/.espressif/v6.0.1/esp-idf/components/espcoredump/include -I/Users/dave/.espressif/v6.0.1/esp-idf/components/espcoredump/include/port/xtensa -I/Users/dave/.espressif/v6.0.1/esp-idf/components/espcoredump/include_core_dump -I/Users/dave/.espressif/v6.0.1/esp-idf/components/esp_libc/platform_include -I/Users/dave/.espressif/v6.0.1/esp-idf/components/freertos/config/include -I/Users/dave/.espressif/v6.0.1/esp-idf/components/freertos/config/include/freertos -I/Users/dave/.espressif/v6.0.1/esp-idf/components/freertos/config/xtensa/include -I/Users/dave/.espressif/v6.0.1/esp-idf/components/freertos/FreeRTOS-Kernel/include -I/Users/dave/.espressif/v6.0.1/esp-idf/components/freertos/FreeRTOS-Kernel/portable/xtensa/include -I/Users/dave/.espressif/v6.0.1/esp-idf/components/freertos/FreeRTOS-Kernel/portable/xtensa/include/freertos -I/Users/dave/.espressif/v6.0.1/esp-idf/components/freertos/esp_additions/include -I/Users/dave/.espressif/v6.0.1/esp-idf/components/esp_hw_support/include -I/Users/dave/.espressif/v6.0.1/esp-idf/components/esp_hw_support/include/soc -I/Users/dave/.espressif/v6.0.1/esp-idf/components/esp_hw_support/ldo/include -I/Users/dave/.espressif/v6.0.1/esp-idf/components/esp_hw_support/debug_probe/include -I/Users/dave/.espressif/v6.0.1/esp-idf/components/esp_hw_support/etm/include -I/Users/dave/.espressif/v6.0.1/esp-idf/components/esp_hw_support/mspi_timing_tuning/include -I/Users/dave/.espressif/v6.0.1/esp-idf/components/esp_hw_support/mspi_timing_tuning/tuning_scheme_impl/include -I/Users/dave/.espressif/v6.0.1/esp-idf/components/esp_hw_support/power_supply/include -I/Users/dave/.espressif/v6.0.1/esp-idf/components/esp_hw_support/modem/include -I/Users/dave/.espressif/v6.0.1/esp-idf/components/esp_hw_support/include/soc/esp32s3 -I/Users/dave/.espressif/v6.0.1/esp-idf/components/esp_hw_support/port/esp32s3/. -I/Users/dave/.espressif/v6.0.1/esp-idf/components/esp_hw_support/port/esp32s3/include -I/Users/dave/.espressif/v6.0.1/esp-idf/components/esp_hw_support/mspi_timing_tuning/port/esp32s3/. -I/Users/dave/.espressif/v6.0.1/esp-idf/components/esp_hw_support/mspi_timing_tuning/port/esp32s3/include -I/Users/dave/.espressif/v6.0.1/esp-idf/components/heap/include -I/Users/dave/.espressif/v6.0.1/esp-idf/components/heap/tlsf -I/Users/dave/.espressif/v6.0.1/esp-idf/components/log/include -I/Users/dave/.espressif/v6.0.1/esp-idf/components/soc/include -I/Users/dave/.espressif/v6.0.1/esp-idf/components/soc/esp32s3 -I/Users/dave/.espressif/v6.0.1/esp-idf/components/soc/esp32s3/include -I/Users/dave/.espressif/v6.0.1/esp-idf/components/soc/esp32s3/register -I/Users/dave/.espressif/v6.0.1/esp-idf/components/hal/platform_port/include -I/Users/dave/.espressif/v6.0.1/esp-idf/components/hal/esp32s3/include -I/Users/dave/.espressif/v6.0.1/esp-idf/components/hal/include -I/Users/dave/.espressif/v6.0.1/esp-idf/components/esp_rom/include -I/Users/dave/.espressif/v6.0.1/esp-idf/components/esp_rom/esp32s3/include -I/Users/dave/.espressif/v6.0.1/esp-idf/components/esp_rom/esp32s3/include/esp32s3 -I/Users/dave/.espressif/v6.0.1/esp-idf/components/esp_rom/esp32s3 -I/Users/dave/.espressif/v6.0.1/esp-idf/components/esp_common/include -I/Users/dave/.espressif/v6.0.1/esp-idf/components/esp_system/include -I/Users/dave/.espressif/v6.0.1/esp-idf/components/esp_system/port/soc -I/Users/dave/.espressif/v6.0.1/esp-idf/components/esp_system/port/include/private -I/Users/dave/.espressif/v6.0.1/esp-idf/components/esp_stdio/include -I/Users/dave/.espressif/v6.0.1/esp-idf/components/xtensa/esp32s3/include -I/Users/dave/.espressif/v6.0.1/esp-idf/components/xtensa/include -I/Users/dave/.espressif/v6.0.1/esp-idf/components/xtensa/deprecated_include -I/Users/dave/.espressif/v6.0.1/esp-idf/components/esp_hal_gpio/include -I/Users/dave/.espressif/v6.0.1/esp-idf/components/esp_hal_gpio/esp32s3/include -I/Users/dave/.espressif/v6.0.1/esp-idf/components/esp_hal_usb/include -I/Users/dave/.espressif/v6.0.1/esp-idf/components/esp_hal_usb/esp32s3/include -I/Users/dave/.espressif/v6.0.1/esp-idf/components/esp_hal_pmu/include -I/Users/dave/.espressif/v6.0.1/esp-idf/components/esp_hal_pmu/esp32s3/include -I/Users/dave/.espressif/v6.0.1/esp-idf/components/esp_hal_ana_conv/include -I/Users/dave/.espressif/v6.0.1/esp-idf/components/esp_hal_ana_conv/esp32s3/include -I/Users/dave/.espressif/v6.0.1/esp-idf/components/esp_hal_dma/include -I/Users/dave/.espressif/v6.0.1/esp-idf/components/esp_hal_dma/esp32s3/include -I/Users/dave/.espressif/v6.0.1/esp-idf/components/lwip/include -I/Users/dave/.espressif/v6.0.1/esp-idf/components/lwip/include/apps -I/Users/dave/.espressif/v6.0.1/esp-idf/components/lwip/lwip/src/include -I/Users/dave/.espressif/v6.0.1/esp-idf/components/lwip/port/include -I/Users/dave/.espressif/v6.0.1/esp-idf/components/lwip/port/freertos/include -I/Users/dave/.espressif/v6.0.1/esp-idf/components/lwip/port/esp32xx/include -I/Users/dave/.espressif/v6.0.1/esp-idf/components/lwip/port/esp32xx/include/arch -I/Users/dave/.espressif/v6.0.1/esp-idf/components/lwip/port/esp32xx/include/sys -I/Users/dave/.espressif/v6.0.1/esp-idf/components/esp_partition/include -I/Users/dave/.espressif/v6.0.1/esp-idf/components/esp_blockdev/include -I/Users/dave/.espressif/v6.0.1/esp-idf/components/spi_flash/include -I/Users/dave/.espressif/v6.0.1/esp-idf/components/esp_hal_mspi/include -I/Users/dave/.espressif/v6.0.1/esp-idf/components/esp_hal_mspi/esp32s3/include -I/Users/dave/.espressif/v6.0.1/esp-idf/components/esp_hal_gpspi/include -I/Users/dave/.espressif/v6.0.1/esp-idf/components/esp_hal_gpspi/esp32s3/include -I/Users/dave/.espressif/v6.0.1/esp-idf/components/esp_hal_clock/include -I/Users/dave/.espressif/v6.0.1/esp-idf/components/esp_hal_clock/esp32s3/include -I/Users/dave/.espressif/v6.0.1/esp-idf/components/bootloader_support/include -I/Users/dave/.espressif/v6.0.1/esp-idf/components/bootloader_support/bootloader_flash/include -I/Users/dave/.espressif/v6.0.1/esp-idf/components/mbedtls/port/include -I/Users/dave/.espressif/v6.0.1/esp-idf/components/mbedtls/mbedtls/include -I/Users/dave/.espressif/v6.0.1/esp-idf/components/mbedtls/mbedtls/library -I/Users/dave/.espressif/v6.0.1/esp-idf/components/mbedtls/mbedtls/tf-psa-crypto/core -I/Users/dave/.espressif/v6.0.1/esp-idf/components/mbedtls/mbedtls/tf-psa-crypto/drivers/builtin/src -I/Users/dave/.espressif/v6.0.1/esp-idf/components/mbedtls/esp_crt_bundle/include -I/Users/dave/.espressif/v6.0.1/esp-idf/components/mbedtls/port/psa_driver/include -I/Users/dave/.espressif/v6.0.1/esp-idf/components/esp_security/include -I/Users/dave/.espressif/v6.0.1/esp-idf/components/esp_hal_security/esp32s3/include -I/Users/dave/.espressif/v6.0.1/esp-idf/components/esp_hal_security/include -I/Users/dave/.espressif/v6.0.1/esp-idf/components/mbedtls/mbedtls/tf-psa-crypto/include -I/Users/dave/.espressif/v6.0.1/esp-idf/components/mbedtls/mbedtls/tf-psa-crypto/drivers/builtin/include -I/Users/dave/.espressif/v6.0.1/esp-idf/components/mbedtls/mbedtls/tf-psa-crypto/drivers/everest/include -I/Users/dave/.espressif/v6.0.1/esp-idf/components/mbedtls/mbedtls/tf-psa-crypto/drivers/p256-m -I/Users/dave/.espressif/v6.0.1/esp-idf/components/esp_driver_gpio/include -I/Users/dave/.espressif/v6.0.1/esp-idf/components/esp_app_format/include -I/Users/dave/.espressif/v6.0.1/esp-idf/components/efuse/include -I/Users/dave/.espressif/v6.0.1/esp-idf/components/efuse/esp32s3/include @"/Users/dave/GitHub/esp32/esp32-altair-8800/build/toolchain/cflags" -fdiagnostics-color=always -ffunction-sections -fdata-sections -Wall -Werror -Wno-error=unused-function -Wno-error=unused-variable -Wno-error=unused-but-set-variable -Wno-error=deprecated-declarations -Wextra -Wno-error=extra -Wno-unused-parameter -Wno-sign-compare -Wno-enum-conversion -gdwarf-4 -ggdb -Og -fno-shrink-wrap -fmacro-prefix-map=/Users/dave/GitHub/esp32/esp32-altair-8800=. -fmacro-prefix-map=/Users/dave/.espressif/v6.0.1/esp-idf=/IDF -fstrict-volatile-bitfields -fno-jump-tables -fno-tree-switch-conversion -std=gnu23 -Wno-old-style-declaration -fzero-init-padding-bits=all -fno-malloc-dce -MD -MT esp-idf/espcoredump/CMakeFiles/__idf_espcoredump.dir/src/port/xtensa/core_dump_port.c.obj -MF esp-idf/espcoredump/CMakeFiles/__idf_espcoredump.dir/src/port/xtensa/core_dump_port.c.obj.d -o esp-idf/espcoredump/CMakeFiles/__idf_espcoredump.dir/src/port/xtensa/core_dump_port.c.obj -c /Users/dave/.espressif/v6.0.1/esp-idf/components/espcoredump/src/port/xtensa/core_dump_port.c
xtensa-esp-elf-gcc: fatal error: /Users/dave/GitHub/esp32/esp32-altair-8800/build/specs/picolibc.specs: attempt to rename spec 'link' to already defined spec 'picolibc_link'
compilation terminated.
[7/1401] Building ASM object esp-idf/espcoredump/CMakeFiles/__idf_espcoredump.dir/src/port/xtensa/core_dump_stack_switch.S.obj
FAILED: esp-idf/espcoredump/CMakeFiles/__idf_espcoredump.dir/src/port/xtensa/core_dump_stack_switch.S.obj 
/Users/dave/.espressif/tools/xtensa-esp-elf/esp-15.2.0_20251204/xtensa-esp-elf/bin/xtensa-esp32s3-elf-gcc -DESP_PLATFORM -DESP_PSA_ITS_AVAILABLE -DFD_SETSIZE=96 -DIDF_VER=\"v6.0.1\" -DMBEDTLS_CONFIG_FILE=\"mbedtls/esp_config.h\" -DMBEDTLS_MAJOR_VERSION=4 -DSOC_MMU_PAGE_SIZE=CONFIG_MMU_PAGE_SIZE -DSOC_XTAL_FREQ_MHZ=CONFIG_XTAL_FREQ -DTF_PSA_CRYPTO_USER_CONFIG_FILE=\"mbedtls/esp_config.h\" -D_GLIBCXX_HAVE_POSIX_SEMAPHORE -D_GLIBCXX_USE_POSIX_SEMAPHORE -D_GNU_SOURCE -D_POSIX_READER_WRITER_LOCKS -I/Users/dave/GitHub/esp32/esp32-altair-8800/build/config -I/Users/dave/.espressif/v6.0.1/esp-idf/components/espcoredump/include -I/Users/dave/.espressif/v6.0.1/esp-idf/components/espcoredump/include/port/xtensa -I/Users/dave/.espressif/v6.0.1/esp-idf/components/espcoredump/include_core_dump -I/Users/dave/.espressif/v6.0.1/esp-idf/components/esp_libc/platform_include -I/Users/dave/.espressif/v6.0.1/esp-idf/components/freertos/config/include -I/Users/dave/.espressif/v6.0.1/esp-idf/components/freertos/config/include/freertos -I/Users/dave/.espressif/v6.0.1/esp-idf/components/freertos/config/xtensa/include -I/Users/dave/.espressif/v6.0.1/esp-idf/components/freertos/FreeRTOS-Kernel/include -I/Users/dave/.espressif/v6.0.1/esp-idf/components/freertos/FreeRTOS-Kernel/portable/xtensa/include -I/Users/dave/.espressif/v6.0.1/esp-idf/components/freertos/FreeRTOS-Kernel/portable/xtensa/include/freertos -I/Users/dave/.espressif/v6.0.1/esp-idf/components/freertos/esp_additions/include -I/Users/dave/.espressif/v6.0.1/esp-idf/components/esp_hw_support/include -I/Users/dave/.espressif/v6.0.1/esp-idf/components/esp_hw_support/include/soc -I/Users/dave/.espressif/v6.0.1/esp-idf/components/esp_hw_support/ldo/include -I/Users/dave/.espressif/v6.0.1/esp-idf/components/esp_hw_support/debug_probe/include -I/Users/dave/.espressif/v6.0.1/esp-idf/components/esp_hw_support/etm/include -I/Users/dave/.espressif/v6.0.1/esp-idf/components/esp_hw_support/mspi_timing_tuning/include -I/Users/dave/.espressif/v6.0.1/esp-idf/components/esp_hw_support/mspi_timing_tuning/tuning_scheme_impl/include -I/Users/dave/.espressif/v6.0.1/esp-idf/components/esp_hw_support/power_supply/include -I/Users/dave/.espressif/v6.0.1/esp-idf/components/esp_hw_support/modem/include -I/Users/dave/.espressif/v6.0.1/esp-idf/components/esp_hw_support/include/soc/esp32s3 -I/Users/dave/.espressif/v6.0.1/esp-idf/components/esp_hw_support/port/esp32s3/. -I/Users/dave/.espressif/v6.0.1/esp-idf/components/esp_hw_support/port/esp32s3/include -I/Users/dave/.espressif/v6.0.1/esp-idf/components/esp_hw_support/mspi_timing_tuning/port/esp32s3/. -I/Users/dave/.espressif/v6.0.1/esp-idf/components/esp_hw_support/mspi_timing_tuning/port/esp32s3/include -I/Users/dave/.espressif/v6.0.1/esp-idf/components/heap/include -I/Users/dave/.espressif/v6.0.1/esp-idf/components/heap/tlsf -I/Users/dave/.espressif/v6.0.1/esp-idf/components/log/include -I/Users/dave/.espressif/v6.0.1/esp-idf/components/soc/include -I/Users/dave/.espressif/v6.0.1/esp-idf/components/soc/esp32s3 -I/Users/dave/.espressif/v6.0.1/esp-idf/components/soc/esp32s3/include -I/Users/dave/.espressif/v6.0.1/esp-idf/components/soc/esp32s3/register -I/Users/dave/.espressif/v6.0.1/esp-idf/components/hal/platform_port/include -I/Users/dave/.espressif/v6.0.1/esp-idf/components/hal/esp32s3/include -I/Users/dave/.espressif/v6.0.1/esp-idf/components/hal/include -I/Users/dave/.espressif/v6.0.1/esp-idf/components/esp_rom/include -I/Users/dave/.espressif/v6.0.1/esp-idf/components/esp_rom/esp32s3/include -I/Users/dave/.espressif/v6.0.1/esp-idf/components/esp_rom/esp32s3/include/esp32s3 -I/Users/dave/.espressif/v6.0.1/esp-idf/components/esp_rom/esp32s3 -I/Users/dave/.espressif/v6.0.1/esp-idf/components/esp_common/include -I/Users/dave/.espressif/v6.0.1/esp-idf/components/esp_system/include -I/Users/dave/.espressif/v6.0.1/esp-idf/components/esp_system/port/soc -I/Users/dave/.espressif/v6.0.1/esp-idf/components/esp_system/port/include/private -I/Users/dave/.espressif/v6.0.1/esp-idf/components/esp_stdio/include -I/Users/dave/.espressif/v6.0.1/esp-idf/components/xtensa/esp32s3/include -I/Users/dave/.espressif/v6.0.1/esp-idf/components/xtensa/include -I/Users/dave/.espressif/v6.0.1/esp-idf/components/xtensa/deprecated_include -I/Users/dave/.espressif/v6.0.1/esp-idf/components/esp_hal_gpio/include -I/Users/dave/.espressif/v6.0.1/esp-idf/components/esp_hal_gpio/esp32s3/include -I/Users/dave/.espressif/v6.0.1/esp-idf/components/esp_hal_usb/include -I/Users/dave/.espressif/v6.0.1/esp-idf/components/esp_hal_usb/esp32s3/include -I/Users/dave/.espressif/v6.0.1/esp-idf/components/esp_hal_pmu/include -I/Users/dave/.espressif/v6.0.1/esp-idf/components/esp_hal_pmu/esp32s3/include -I/Users/dave/.espressif/v6.0.1/esp-idf/components/esp_hal_ana_conv/include -I/Users/dave/.espressif/v6.0.1/esp-idf/components/esp_hal_ana_conv/esp32s3/include -I/Users/dave/.espressif/v6.0.1/esp-idf/components/esp_hal_dma/include -I/Users/dave/.espressif/v6.0.1/esp-idf/components/esp_hal_dma/esp32s3/include -I/Users/dave/.espressif/v6.0.1/esp-idf/components/lwip/include -I/Users/dave/.espressif/v6.0.1/esp-idf/components/lwip/include/apps -I/Users/dave/.espressif/v6.0.1/esp-idf/components/lwip/lwip/src/include -I/Users/dave/.espressif/v6.0.1/esp-idf/components/lwip/port/include -I/Users/dave/.espressif/v6.0.1/esp-idf/components/lwip/port/freertos/include -I/Users/dave/.espressif/v6.0.1/esp-idf/components/lwip/port/esp32xx/include -I/Users/dave/.espressif/v6.0.1/esp-idf/components/lwip/port/esp32xx/include/arch -I/Users/dave/.espressif/v6.0.1/esp-idf/components/lwip/port/esp32xx/include/sys -I/Users/dave/.espressif/v6.0.1/esp-idf/components/esp_partition/include -I/Users/dave/.espressif/v6.0.1/esp-idf/components/esp_blockdev/include -I/Users/dave/.espressif/v6.0.1/esp-idf/components/spi_flash/include -I/Users/dave/.espressif/v6.0.1/esp-idf/components/esp_hal_mspi/include -I/Users/dave/.espressif/v6.0.1/esp-idf/components/esp_hal_mspi/esp32s3/include -I/Users/dave/.espressif/v6.0.1/esp-idf/components/esp_hal_gpspi/include -I/Users/dave/.espressif/v6.0.1/esp-idf/components/esp_hal_gpspi/esp32s3/include -I/Users/dave/.espressif/v6.0.1/esp-idf/components/esp_hal_clock/include -I/Users/dave/.espressif/v6.0.1/esp-idf/components/esp_hal_clock/esp32s3/include -I/Users/dave/.espressif/v6.0.1/esp-idf/components/bootloader_support/include -I/Users/dave/.espressif/v6.0.1/esp-idf/components/bootloader_support/bootloader_flash/include -I/Users/dave/.espressif/v6.0.1/esp-idf/components/mbedtls/port/include -I/Users/dave/.espressif/v6.0.1/esp-idf/components/mbedtls/mbedtls/include -I/Users/dave/.espressif/v6.0.1/esp-idf/components/mbedtls/mbedtls/library -I/Users/dave/.espressif/v6.0.1/esp-idf/components/mbedtls/mbedtls/tf-psa-crypto/core -I/Users/dave/.espressif/v6.0.1/esp-idf/components/mbedtls/mbedtls/tf-psa-crypto/drivers/builtin/src -I/Users/dave/.espressif/v6.0.1/esp-idf/components/mbedtls/esp_crt_bundle/include -I/Users/dave/.espressif/v6.0.1/esp-idf/components/mbedtls/port/psa_driver/include -I/Users/dave/.espressif/v6.0.1/esp-idf/components/esp_security/include -I/Users/dave/.espressif/v6.0.1/esp-idf/components/esp_hal_security/esp32s3/include -I/Users/dave/.espressif/v6.0.1/esp-idf/components/esp_hal_security/include -I/Users/dave/.espressif/v6.0.1/esp-idf/components/mbedtls/mbedtls/tf-psa-crypto/include -I/Users/dave/.espressif/v6.0.1/esp-idf/components/mbedtls/mbedtls/tf-psa-crypto/drivers/builtin/include -I/Users/dave/.espressif/v6.0.1/esp-idf/components/mbedtls/mbedtls/tf-psa-crypto/drivers/everest/include -I/Users/dave/.espressif/v6.0.1/esp-idf/components/mbedtls/mbedtls/tf-psa-crypto/drivers/p256-m -I/Users/dave/.espressif/v6.0.1/esp-idf/components/esp_driver_gpio/include -I/Users/dave/.espressif/v6.0.1/esp-idf/components/esp_app_format/include -I/Users/dave/.espressif/v6.0.1/esp-idf/components/efuse/include -I/Users/dave/.espressif/v6.0.1/esp-idf/components/efuse/esp32s3/include @"/Users/dave/GitHub/esp32/esp32-altair-8800/build/toolchain/asmflags" -ffunction-sections -fdata-sections -Wall -Werror -Wno-error=unused-function -Wno-error=unused-variable -Wno-error=unused-but-set-variable -Wno-error=deprecated-declarations -Wextra -Wno-error=extra -Wno-unused-parameter -Wno-sign-compare -Wno-enum-conversion -gdwarf-4 -ggdb -Og -fno-shrink-wrap -fmacro-prefix-map=/Users/dave/GitHub/esp32/esp32-altair-8800=. -fmacro-prefix-map=/Users/dave/.espressif/v6.0.1/esp-idf=/IDF -fstrict-volatile-bitfields -fno-jump-tables -fno-tree-switch-conversion -MD -MT esp-idf/espcoredump/CMakeFiles/__idf_espcoredump.dir/src/port/xtensa/core_dump_stack_switch.S.obj -MF esp-idf/espcoredump/CMakeFiles/__idf_espcoredump.dir/src/port/xtensa/core_dump_stack_switch.S.obj.d -o esp-idf/espcoredump/CMakeFiles/__idf_espcoredump.dir/src/port/xtensa/core_dump_stack_switch.S.obj -c /Users/dave/.espressif/v6.0.1/esp-idf/components/espcoredump/src/port/xtensa/core_dump_stack_switch.S
xtensa-esp-elf-gcc: fatal error: /Users/dave/GitHub/esp32/esp32-altair-8800/build/specs/picolibc.specs: attempt to rename spec 'link' to already defined spec 'picolibc_link'
compilation terminated.
[8/1401] Building C object esp-idf/esp_https_ota/CMakeFiles/__idf_esp_https_ota.dir/src/esp_https_ota.c.obj
FAILED: esp-idf/esp_https_ota/CMakeFiles/__idf_esp_https_ota.dir/src/esp_https_ota.c.obj 
/Users/dave/.espressif/tools/xtensa-esp-elf/esp-15.2.0_20251204/xtensa-esp-elf/bin/xtensa-esp32s3-elf-gcc -DESP_PLATFORM -DFD_SETSIZE=96 -DIDF_VER=\"v6.0.1\" -DSOC_MMU_PAGE_SIZE=CONFIG_MMU_PAGE_SIZE -DSOC_XTAL_FREQ_MHZ=CONFIG_XTAL_FREQ -D_GLIBCXX_HAVE_POSIX_SEMAPHORE -D_GLIBCXX_USE_POSIX_SEMAPHORE -D_GNU_SOURCE -D_POSIX_READER_WRITER_LOCKS -I/Users/dave/GitHub/esp32/esp32-altair-8800/build/config -I/Users/dave/.espressif/v6.0.1/esp-idf/components/esp_https_ota/include -I/Users/dave/.espressif/v6.0.1/esp-idf/components/esp_libc/platform_include -I/Users/dave/.espressif/v6.0.1/esp-idf/components/freertos/config/include -I/Users/dave/.espressif/v6.0.1/esp-idf/components/freertos/config/include/freertos -I/Users/dave/.espressif/v6.0.1/esp-idf/components/freertos/config/xtensa/include -I/Users/dave/.espressif/v6.0.1/esp-idf/components/freertos/FreeRTOS-Kernel/include -I/Users/dave/.espressif/v6.0.1/esp-idf/components/freertos/FreeRTOS-Kernel/portable/xtensa/include -I/Users/dave/.espressif/v6.0.1/esp-idf/components/freertos/FreeRTOS-Kernel/portable/xtensa/include/freertos -I/Users/dave/.espressif/v6.0.1/esp-idf/components/freertos/esp_additions/include -I/Users/dave/.espressif/v6.0.1/esp-idf/components/esp_hw_support/include -I/Users/dave/.espressif/v6.0.1/esp-idf/components/esp_hw_support/include/soc -I/Users/dave/.espressif/v6.0.1/esp-idf/components/esp_hw_support/ldo/include -I/Users/dave/.espressif/v6.0.1/esp-idf/components/esp_hw_support/debug_probe/include -I/Users/dave/.espressif/v6.0.1/esp-idf/components/esp_hw_support/etm/include -I/Users/dave/.espressif/v6.0.1/esp-idf/components/esp_hw_support/mspi_timing_tuning/include -I/Users/dave/.espressif/v6.0.1/esp-idf/components/esp_hw_support/mspi_timing_tuning/tuning_scheme_impl/include -I/Users/dave/.espressif/v6.0.1/esp-idf/components/esp_hw_support/power_supply/include -I/Users/dave/.espressif/v6.0.1/esp-idf/components/esp_hw_support/modem/include -I/Users/dave/.espressif/v6.0.1/esp-idf/components/esp_hw_support/include/soc/esp32s3 -I/Users/dave/.espressif/v6.0.1/esp-idf/components/esp_hw_support/port/esp32s3/. -I/Users/dave/.espressif/v6.0.1/esp-idf/components/esp_hw_support/port/esp32s3/include -I/Users/dave/.espressif/v6.0.1/esp-idf/components/esp_hw_support/mspi_timing_tuning/port/esp32s3/. -I/Users/dave/.espressif/v6.0.1/esp-idf/components/esp_hw_support/mspi_timing_tuning/port/esp32s3/include -I/Users/dave/.espressif/v6.0.1/esp-idf/components/heap/include -I/Users/dave/.espressif/v6.0.1/esp-idf/components/heap/tlsf -I/Users/dave/.espressif/v6.0.1/esp-idf/components/log/include -I/Users/dave/.espressif/v6.0.1/esp-idf/components/soc/include -I/Users/dave/.espressif/v6.0.1/esp-idf/components/soc/esp32s3 -I/Users/dave/.espressif/v6.0.1/esp-idf/components/soc/esp32s3/include -I/Users/dave/.espressif/v6.0.1/esp-idf/components/soc/esp32s3/register -I/Users/dave/.espressif/v6.0.1/esp-idf/components/hal/platform_port/include -I/Users/dave/.espressif/v6.0.1/esp-idf/components/hal/esp32s3/include -I/Users/dave/.espressif/v6.0.1/esp-idf/components/hal/include -I/Users/dave/.espressif/v6.0.1/esp-idf/components/esp_rom/include -I/Users/dave/.espressif/v6.0.1/esp-idf/components/esp_rom/esp32s3/include -I/Users/dave/.espressif/v6.0.1/esp-idf/components/esp_rom/esp32s3/include/esp32s3 -I/Users/dave/.espressif/v6.0.1/esp-idf/components/esp_rom/esp32s3 -I/Users/dave/.espressif/v6.0.1/esp-idf/components/esp_common/include -I/Users/dave/.espressif/v6.0.1/esp-idf/components/esp_system/include -I/Users/dave/.espressif/v6.0.1/esp-idf/components/esp_system/port/soc -I/Users/dave/.espressif/v6.0.1/esp-idf/components/esp_system/port/include/private -I/Users/dave/.espressif/v6.0.1/esp-idf/components/esp_stdio/include -I/Users/dave/.espressif/v6.0.1/esp-idf/components/xtensa/esp32s3/include -I/Users/dave/.espressif/v6.0.1/esp-idf/components/xtensa/include -I/Users/dave/.espressif/v6.0.1/esp-idf/components/xtensa/deprecated_include -I/Users/dave/.espressif/v6.0.1/esp-idf/components/esp_hal_gpio/include -I/Users/dave/.espressif/v6.0.1/esp-idf/components/esp_hal_gpio/esp32s3/include -I/Users/dave/.espressif/v6.0.1/esp-idf/components/esp_hal_usb/include -I/Users/dave/.espressif/v6.0.1/esp-idf/components/esp_hal_usb/esp32s3/include -I/Users/dave/.espressif/v6.0.1/esp-idf/components/esp_hal_pmu/include -I/Users/dave/.espressif/v6.0.1/esp-idf/components/esp_hal_pmu/esp32s3/include -I/Users/dave/.espressif/v6.0.1/esp-idf/components/esp_hal_ana_conv/include -I/Users/dave/.espressif/v6.0.1/esp-idf/components/esp_hal_ana_conv/esp32s3/include -I/Users/dave/.espressif/v6.0.1/esp-idf/components/esp_hal_dma/include -I/Users/dave/.espressif/v6.0.1/esp-idf/components/esp_hal_dma/esp32s3/include -I/Users/dave/.espressif/v6.0.1/esp-idf/components/lwip/include -I/Users/dave/.espressif/v6.0.1/esp-idf/components/lwip/include/apps -I/Users/dave/.espressif/v6.0.1/esp-idf/components/lwip/lwip/src/include -I/Users/dave/.espressif/v6.0.1/esp-idf/components/lwip/port/include -I/Users/dave/.espressif/v6.0.1/esp-idf/components/lwip/port/freertos/include -I/Users/dave/.espressif/v6.0.1/esp-idf/components/lwip/port/esp32xx/include -I/Users/dave/.espressif/v6.0.1/esp-idf/components/lwip/port/esp32xx/include/arch -I/Users/dave/.espressif/v6.0.1/esp-idf/components/lwip/port/esp32xx/include/sys -I/Users/dave/.espressif/v6.0.1/esp-idf/components/esp_http_client/include -I/Users/dave/.espressif/v6.0.1/esp-idf/components/esp_event/include -I/Users/dave/.espressif/v6.0.1/esp-idf/components/esp_bootloader_format/include -I/Users/dave/.espressif/v6.0.1/esp-idf/components/esp_app_format/include -I/Users/dave/.espressif/v6.0.1/esp-idf/components/esp_partition/include -I/Users/dave/.espressif/v6.0.1/esp-idf/components/esp_blockdev/include -I/Users/dave/.espressif/v6.0.1/esp-idf/components/app_update/include -I/Users/dave/.espressif/v6.0.1/esp-idf/components/bootloader_support/include -I/Users/dave/.espressif/v6.0.1/esp-idf/components/bootloader_support/bootloader_flash/include -I/Users/dave/.espressif/v6.0.1/esp-idf/components/efuse/include -I/Users/dave/.espressif/v6.0.1/esp-idf/components/efuse/esp32s3/include @"/Users/dave/GitHub/esp32/esp32-altair-8800/build/toolchain/cflags" -fdiagnostics-color=always -ffunction-sections -fdata-sections -Wall -Werror -Wno-error=unused-function -Wno-error=unused-variable -Wno-error=unused-but-set-variable -Wno-error=deprecated-declarations -Wextra -Wno-error=extra -Wno-unused-parameter -Wno-sign-compare -Wno-enum-conversion -gdwarf-4 -ggdb -Og -fno-shrink-wrap -fmacro-prefix-map=/Users/dave/GitHub/esp32/esp32-altair-8800=. -fmacro-prefix-map=/Users/dave/.espressif/v6.0.1/esp-idf=/IDF -fstrict-volatile-bitfields -fno-jump-tables -fno-tree-switch-conversion -std=gnu23 -Wno-old-style-declaration -fzero-init-padding-bits=all -fno-malloc-dce -MD -MT esp-idf/esp_https_ota/CMakeFiles/__idf_esp_https_ota.dir/src/esp_https_ota.c.obj -MF esp-idf/esp_https_ota/CMakeFiles/__idf_esp_https_ota.dir/src/esp_https_ota.c.obj.d -o esp-idf/esp_https_ota/CMakeFiles/__idf_esp_https_ota.dir/src/esp_https_ota.c.obj -c /Users/dave/.espressif/v6.0.1/esp-idf/components/esp_https_ota/src/esp_https_ota.c
xtensa-esp-elf-gcc: fatal error: /Users/dave/GitHub/esp32/esp32-altair-8800/build/specs/picolibc.specs: attempt to rename spec 'link' to already defined spec 'picolibc_link'
compilation terminated.
[9/1401] Building C object esp-idf/esp_http_server/CMakeFiles/__idf_esp_http_server.dir/src/httpd_main.c.obj
FAILED: esp-idf/esp_http_server/CMakeFiles/__idf_esp_http_server.dir/src/httpd_main.c.obj 
/Users/dave/.espressif/tools/xtensa-esp-elf/esp-15.2.0_20251204/xtensa-esp-elf/bin/xtensa-esp32s3-elf-gcc -DESP_PLATFORM -DESP_PSA_ITS_AVAILABLE -DFD_SETSIZE=96 -DIDF_VER=\"v6.0.1\" -DMBEDTLS_CONFIG_FILE=\"mbedtls/esp_config.h\" -DMBEDTLS_MAJOR_VERSION=4 -DSOC_MMU_PAGE_SIZE=CONFIG_MMU_PAGE_SIZE -DSOC_XTAL_FREQ_MHZ=CONFIG_XTAL_FREQ -DTF_PSA_CRYPTO_USER_CONFIG_FILE=\"mbedtls/esp_config.h\" -D_GLIBCXX_HAVE_POSIX_SEMAPHORE -D_GLIBCXX_USE_POSIX_SEMAPHORE -D_GNU_SOURCE -D_POSIX_READER_WRITER_LOCKS -I/Users/dave/GitHub/esp32/esp32-altair-8800/build/config -I/Users/dave/.espressif/v6.0.1/esp-idf/components/esp_http_server/include -I/Users/dave/.espressif/v6.0.1/esp-idf/components/esp_http_server/src/util -I/Users/dave/.espressif/v6.0.1/esp-idf/components/esp_http_server/src/port/esp32 -I/Users/dave/.espressif/v6.0.1/esp-idf/components/esp_libc/platform_include -I/Users/dave/.espressif/v6.0.1/esp-idf/components/freertos/config/include -I/Users/dave/.espressif/v6.0.1/esp-idf/components/freertos/config/include/freertos -I/Users/dave/.espressif/v6.0.1/esp-idf/components/freertos/config/xtensa/include -I/Users/dave/.espressif/v6.0.1/esp-idf/components/freertos/FreeRTOS-Kernel/include -I/Users/dave/.espressif/v6.0.1/esp-idf/components/freertos/FreeRTOS-Kernel/portable/xtensa/include -I/Users/dave/.espressif/v6.0.1/esp-idf/components/freertos/FreeRTOS-Kernel/portable/xtensa/include/freertos -I/Users/dave/.espressif/v6.0.1/esp-idf/components/freertos/esp_additions/include -I/Users/dave/.espressif/v6.0.1/esp-idf/components/esp_hw_support/include -I/Users/dave/.espressif/v6.0.1/esp-idf/components/esp_hw_support/include/soc -I/Users/dave/.espressif/v6.0.1/esp-idf/components/esp_hw_support/ldo/include -I/Users/dave/.espressif/v6.0.1/esp-idf/components/esp_hw_support/debug_probe/include -I/Users/dave/.espressif/v6.0.1/esp-idf/components/esp_hw_support/etm/include -I/Users/dave/.espressif/v6.0.1/esp-idf/components/esp_hw_support/mspi_timing_tuning/include -I/Users/dave/.espressif/v6.0.1/esp-idf/components/esp_hw_support/mspi_timing_tuning/tuning_scheme_impl/include -I/Users/dave/.espressif/v6.0.1/esp-idf/components/esp_hw_support/power_supply/include -I/Users/dave/.espressif/v6.0.1/esp-idf/components/esp_hw_support/modem/include -I/Users/dave/.espressif/v6.0.1/esp-idf/components/esp_hw_support/include/soc/esp32s3 -I/Users/dave/.espressif/v6.0.1/esp-idf/components/esp_hw_support/port/esp32s3/. -I/Users/dave/.espressif/v6.0.1/esp-idf/components/esp_hw_support/port/esp32s3/include -I/Users/dave/.espressif/v6.0.1/esp-idf/components/esp_hw_support/mspi_timing_tuning/port/esp32s3/. -I/Users/dave/.espressif/v6.0.1/esp-idf/components/esp_hw_support/mspi_timing_tuning/port/esp32s3/include -I/Users/dave/.espressif/v6.0.1/esp-idf/components/heap/include -I/Users/dave/.espressif/v6.0.1/esp-idf/components/heap/tlsf -I/Users/dave/.espressif/v6.0.1/esp-idf/components/log/include -I/Users/dave/.espressif/v6.0.1/esp-idf/components/soc/include -I/Users/dave/.espressif/v6.0.1/esp-idf/components/soc/esp32s3 -I/Users/dave/.espressif/v6.0.1/esp-idf/components/soc/esp32s3/include -I/Users/dave/.espressif/v6.0.1/esp-idf/components/soc/esp32s3/register -I/Users/dave/.espressif/v6.0.1/esp-idf/components/hal/platform_port/include -I/Users/dave/.espressif/v6.0.1/esp-idf/components/hal/esp32s3/include -I/Users/dave/.espressif/v6.0.1/esp-idf/components/hal/include -I/Users/dave/.espressif/v6.0.1/esp-idf/components/esp_rom/include -I/Users/dave/.espressif/v6.0.1/esp-idf/components/esp_rom/esp32s3/include -I/Users/dave/.espressif/v6.0.1/esp-idf/components/esp_rom/esp32s3/include/esp32s3 -I/Users/dave/.espressif/v6.0.1/esp-idf/components/esp_rom/esp32s3 -I/Users/dave/.espressif/v6.0.1/esp-idf/components/esp_common/include -I/Users/dave/.espressif/v6.0.1/esp-idf/components/esp_system/include -I/Users/dave/.espressif/v6.0.1/esp-idf/components/esp_system/port/soc -I/Users/dave/.espressif/v6.0.1/esp-idf/components/esp_system/port/include/private -I/Users/dave/.espressif/v6.0.1/esp-idf/components/esp_stdio/include -I/Users/dave/.espressif/v6.0.1/esp-idf/components/xtensa/esp32s3/include -I/Users/dave/.espressif/v6.0.1/esp-idf/components/xtensa/include -I/Users/dave/.espressif/v6.0.1/esp-idf/components/xtensa/deprecated_include -I/Users/dave/.espressif/v6.0.1/esp-idf/components/esp_hal_gpio/include -I/Users/dave/.espressif/v6.0.1/esp-idf/components/esp_hal_gpio/esp32s3/include -I/Users/dave/.espressif/v6.0.1/esp-idf/components/esp_hal_usb/include -I/Users/dave/.espressif/v6.0.1/esp-idf/components/esp_hal_usb/esp32s3/include -I/Users/dave/.espressif/v6.0.1/esp-idf/components/esp_hal_pmu/include -I/Users/dave/.espressif/v6.0.1/esp-idf/components/esp_hal_pmu/esp32s3/include -I/Users/dave/.espressif/v6.0.1/esp-idf/components/esp_hal_ana_conv/include -I/Users/dave/.espressif/v6.0.1/esp-idf/components/esp_hal_ana_conv/esp32s3/include -I/Users/dave/.espressif/v6.0.1/esp-idf/components/esp_hal_dma/include -I/Users/dave/.espressif/v6.0.1/esp-idf/components/esp_hal_dma/esp32s3/include -I/Users/dave/.espressif/v6.0.1/esp-idf/components/lwip/include -I/Users/dave/.espressif/v6.0.1/esp-idf/components/lwip/include/apps -I/Users/dave/.espressif/v6.0.1/esp-idf/components/lwip/lwip/src/include -I/Users/dave/.espressif/v6.0.1/esp-idf/components/lwip/port/include -I/Users/dave/.espressif/v6.0.1/esp-idf/components/lwip/port/freertos/include -I/Users/dave/.espressif/v6.0.1/esp-idf/components/lwip/port/esp32xx/include -I/Users/dave/.espressif/v6.0.1/esp-idf/components/lwip/port/esp32xx/include/arch -I/Users/dave/.espressif/v6.0.1/esp-idf/components/lwip/port/esp32xx/include/sys -I/Users/dave/.espressif/v6.0.1/esp-idf/components/http_parser -I/Users/dave/.espressif/v6.0.1/esp-idf/components/esp_event/include -I/Users/dave/.espressif/v6.0.1/esp-idf/components/mbedtls/port/include -I/Users/dave/.espressif/v6.0.1/esp-idf/components/mbedtls/mbedtls/include -I/Users/dave/.espressif/v6.0.1/esp-idf/components/mbedtls/mbedtls/library -I/Users/dave/.espressif/v6.0.1/esp-idf/components/mbedtls/mbedtls/tf-psa-crypto/core -I/Users/dave/.espressif/v6.0.1/esp-idf/components/mbedtls/mbedtls/tf-psa-crypto/drivers/builtin/src -I/Users/dave/.espressif/v6.0.1/esp-idf/components/mbedtls/esp_crt_bundle/include -I/Users/dave/.espressif/v6.0.1/esp-idf/components/mbedtls/port/psa_driver/include -I/Users/dave/.espressif/v6.0.1/esp-idf/components/esp_security/include -I/Users/dave/.espressif/v6.0.1/esp-idf/components/esp_hal_security/esp32s3/include -I/Users/dave/.espressif/v6.0.1/esp-idf/components/esp_hal_security/include -I/Users/dave/.espressif/v6.0.1/esp-idf/components/mbedtls/mbedtls/tf-psa-crypto/include -I/Users/dave/.espressif/v6.0.1/esp-idf/components/mbedtls/mbedtls/tf-psa-crypto/drivers/builtin/include -I/Users/dave/.espressif/v6.0.1/esp-idf/components/mbedtls/mbedtls/tf-psa-crypto/drivers/everest/include -I/Users/dave/.espressif/v6.0.1/esp-idf/components/mbedtls/mbedtls/tf-psa-crypto/drivers/p256-m -I/Users/dave/.espressif/v6.0.1/esp-idf/components/esp_timer/include @"/Users/dave/GitHub/esp32/esp32-altair-8800/build/toolchain/cflags" -fdiagnostics-color=always -ffunction-sections -fdata-sections -Wall -Werror -Wno-error=unused-function -Wno-error=unused-variable -Wno-error=unused-but-set-variable -Wno-error=deprecated-declarations -Wextra -Wno-error=extra -Wno-unused-parameter -Wno-sign-compare -Wno-enum-conversion -gdwarf-4 -ggdb -Og -fno-shrink-wrap -fmacro-prefix-map=/Users/dave/GitHub/esp32/esp32-altair-8800=. -fmacro-prefix-map=/Users/dave/.espressif/v6.0.1/esp-idf=/IDF -fstrict-volatile-bitfields -fno-jump-tables -fno-tree-switch-conversion -std=gnu23 -Wno-old-style-declaration -fzero-init-padding-bits=all -fno-malloc-dce -MD -MT esp-idf/esp_http_server/CMakeFiles/__idf_esp_http_server.dir/src/httpd_main.c.obj -MF esp-idf/esp_http_server/CMakeFiles/__idf_esp_http_server.dir/src/httpd_main.c.obj.d -o esp-idf/esp_http_server/CMakeFiles/__idf_esp_http_server.dir/src/httpd_main.c.obj -c /Users/dave/.espressif/v6.0.1/esp-idf/components/esp_http_server/src/httpd_main.c
xtensa-esp-elf-gcc: fatal error: /Users/dave/GitHub/esp32/esp32-altair-8800/build/specs/picolibc.specs: attempt to rename spec 'link' to already defined spec 'picolibc_link'
compilation terminated.
[10/1401] Building C object esp-idf/esp_http_server/CMakeFiles/__idf_esp_http_server.dir/src/httpd_sess.c.obj
FAILED: esp-idf/esp_http_server/CMakeFiles/__idf_esp_http_server.dir/src/httpd_sess.c.obj 
/Users/dave/.espressif/tools/xtensa-esp-elf/esp-15.2.0_20251204/xtensa-esp-elf/bin/xtensa-esp32s3-elf-gcc -DESP_PLATFORM -DESP_PSA_ITS_AVAILABLE -DFD_SETSIZE=96 -DIDF_VER=\"v6.0.1\" -DMBEDTLS_CONFIG_FILE=\"mbedtls/esp_config.h\" -DMBEDTLS_MAJOR_VERSION=4 -DSOC_MMU_PAGE_SIZE=CONFIG_MMU_PAGE_SIZE -DSOC_XTAL_FREQ_MHZ=CONFIG_XTAL_FREQ -DTF_PSA_CRYPTO_USER_CONFIG_FILE=\"mbedtls/esp_config.h\" -D_GLIBCXX_HAVE_POSIX_SEMAPHORE -D_GLIBCXX_USE_POSIX_SEMAPHORE -D_GNU_SOURCE -D_POSIX_READER_WRITER_LOCKS -I/Users/dave/GitHub/esp32/esp32-altair-8800/build/config -I/Users/dave/.espressif/v6.0.1/esp-idf/components/esp_http_server/include -I/Users/dave/.espressif/v6.0.1/esp-idf/components/esp_http_server/src/util -I/Users/dave/.espressif/v6.0.1/esp-idf/components/esp_http_server/src/port/esp32 -I/Users/dave/.espressif/v6.0.1/esp-idf/components/esp_libc/platform_include -I/Users/dave/.espressif/v6.0.1/esp-idf/components/freertos/config/include -I/Users/dave/.espressif/v6.0.1/esp-idf/components/freertos/config/include/freertos -I/Users/dave/.espressif/v6.0.1/esp-idf/components/freertos/config/xtensa/include -I/Users/dave/.espressif/v6.0.1/esp-idf/components/freertos/FreeRTOS-Kernel/include -I/Users/dave/.espressif/v6.0.1/esp-idf/components/freertos/FreeRTOS-Kernel/portable/xtensa/include -I/Users/dave/.espressif/v6.0.1/esp-idf/components/freertos/FreeRTOS-Kernel/portable/xtensa/include/freertos -I/Users/dave/.espressif/v6.0.1/esp-idf/components/freertos/esp_additions/include -I/Users/dave/.espressif/v6.0.1/esp-idf/components/esp_hw_support/include -I/Users/dave/.espressif/v6.0.1/esp-idf/components/esp_hw_support/include/soc -I/Users/dave/.espressif/v6.0.1/esp-idf/components/esp_hw_support/ldo/include -I/Users/dave/.espressif/v6.0.1/esp-idf/components/esp_hw_support/debug_probe/include -I/Users/dave/.espressif/v6.0.1/esp-idf/components/esp_hw_support/etm/include -I/Users/dave/.espressif/v6.0.1/esp-idf/components/esp_hw_support/mspi_timing_tuning/include -I/Users/dave/.espressif/v6.0.1/esp-idf/components/esp_hw_support/mspi_timing_tuning/tuning_scheme_impl/include -I/Users/dave/.espressif/v6.0.1/esp-idf/components/esp_hw_support/power_supply/include -I/Users/dave/.espressif/v6.0.1/esp-idf/components/esp_hw_support/modem/include -I/Users/dave/.espressif/v6.0.1/esp-idf/components/esp_hw_support/include/soc/esp32s3 -I/Users/dave/.espressif/v6.0.1/esp-idf/components/esp_hw_support/port/esp32s3/. -I/Users/dave/.espressif/v6.0.1/esp-idf/components/esp_hw_support/port/esp32s3/include -I/Users/dave/.espressif/v6.0.1/esp-idf/components/esp_hw_support/mspi_timing_tuning/port/esp32s3/. -I/Users/dave/.espressif/v6.0.1/esp-idf/components/esp_hw_support/mspi_timing_tuning/port/esp32s3/include -I/Users/dave/.espressif/v6.0.1/esp-idf/components/heap/include -I/Users/dave/.espressif/v6.0.1/esp-idf/components/heap/tlsf -I/Users/dave/.espressif/v6.0.1/esp-idf/components/log/include -I/Users/dave/.espressif/v6.0.1/esp-idf/components/soc/include -I/Users/dave/.espressif/v6.0.1/esp-idf/components/soc/esp32s3 -I/Users/dave/.espressif/v6.0.1/esp-idf/components/soc/esp32s3/include -I/Users/dave/.espressif/v6.0.1/esp-idf/components/soc/esp32s3/register -I/Users/dave/.espressif/v6.0.1/esp-idf/components/hal/platform_port/include -I/Users/dave/.espressif/v6.0.1/esp-idf/components/hal/esp32s3/include -I/Users/dave/.espressif/v6.0.1/esp-idf/components/hal/include -I/Users/dave/.espressif/v6.0.1/esp-idf/components/esp_rom/include -I/Users/dave/.espressif/v6.0.1/esp-idf/components/esp_rom/esp32s3/include -I/Users/dave/.espressif/v6.0.1/esp-idf/components/esp_rom/esp32s3/include/esp32s3 -I/Users/dave/.espressif/v6.0.1/esp-idf/components/esp_rom/esp32s3 -I/Users/dave/.espressif/v6.0.1/esp-idf/components/esp_common/include -I/Users/dave/.espressif/v6.0.1/esp-idf/components/esp_system/include -I/Users/dave/.espressif/v6.0.1/esp-idf/components/esp_system/port/soc -I/Users/dave/.espressif/v6.0.1/esp-idf/components/esp_system/port/include/private -I/Users/dave/.espressif/v6.0.1/esp-idf/components/esp_stdio/include -I/Users/dave/.espressif/v6.0.1/esp-idf/components/xtensa/esp32s3/include -I/Users/dave/.espressif/v6.0.1/esp-idf/components/xtensa/include -I/Users/dave/.espressif/v6.0.1/esp-idf/components/xtensa/deprecated_include -I/Users/dave/.espressif/v6.0.1/esp-idf/components/esp_hal_gpio/include -I/Users/dave/.espressif/v6.0.1/esp-idf/components/esp_hal_gpio/esp32s3/include -I/Users/dave/.espressif/v6.0.1/esp-idf/components/esp_hal_usb/include -I/Users/dave/.espressif/v6.0.1/esp-idf/components/esp_hal_usb/esp32s3/include -I/Users/dave/.espressif/v6.0.1/esp-idf/components/esp_hal_pmu/include -I/Users/dave/.espressif/v6.0.1/esp-idf/components/esp_hal_pmu/esp32s3/include -I/Users/dave/.espressif/v6.0.1/esp-idf/components/esp_hal_ana_conv/include -I/Users/dave/.espressif/v6.0.1/esp-idf/components/esp_hal_ana_conv/esp32s3/include -I/Users/dave/.espressif/v6.0.1/esp-idf/components/esp_hal_dma/include -I/Users/dave/.espressif/v6.0.1/esp-idf/components/esp_hal_dma/esp32s3/include -I/Users/dave/.espressif/v6.0.1/esp-idf/components/lwip/include -I/Users/dave/.espressif/v6.0.1/esp-idf/components/lwip/include/apps -I/Users/dave/.espressif/v6.0.1/esp-idf/components/lwip/lwip/src/include -I/Users/dave/.espressif/v6.0.1/esp-idf/components/lwip/port/include -I/Users/dave/.espressif/v6.0.1/esp-idf/components/lwip/port/freertos/include -I/Users/dave/.espressif/v6.0.1/esp-idf/components/lwip/port/esp32xx/include -I/Users/dave/.espressif/v6.0.1/esp-idf/components/lwip/port/esp32xx/include/arch -I/Users/dave/.espressif/v6.0.1/esp-idf/components/lwip/port/esp32xx/include/sys -I/Users/dave/.espressif/v6.0.1/esp-idf/components/http_parser -I/Users/dave/.espressif/v6.0.1/esp-idf/components/esp_event/include -I/Users/dave/.espressif/v6.0.1/esp-idf/components/mbedtls/port/include -I/Users/dave/.espressif/v6.0.1/esp-idf/components/mbedtls/mbedtls/include -I/Users/dave/.espressif/v6.0.1/esp-idf/components/mbedtls/mbedtls/library -I/Users/dave/.espressif/v6.0.1/esp-idf/components/mbedtls/mbedtls/tf-psa-crypto/core -I/Users/dave/.espressif/v6.0.1/esp-idf/components/mbedtls/mbedtls/tf-psa-crypto/drivers/builtin/src -I/Users/dave/.espressif/v6.0.1/esp-idf/components/mbedtls/esp_crt_bundle/include -I/Users/dave/.espressif/v6.0.1/esp-idf/components/mbedtls/port/psa_driver/include -I/Users/dave/.espressif/v6.0.1/esp-idf/components/esp_security/include -I/Users/dave/.espressif/v6.0.1/esp-idf/components/esp_hal_security/esp32s3/include -I/Users/dave/.espressif/v6.0.1/esp-idf/components/esp_hal_security/include -I/Users/dave/.espressif/v6.0.1/esp-idf/components/mbedtls/mbedtls/tf-psa-crypto/include -I/Users/dave/.espressif/v6.0.1/esp-idf/components/mbedtls/mbedtls/tf-psa-crypto/drivers/builtin/include -I/Users/dave/.espressif/v6.0.1/esp-idf/components/mbedtls/mbedtls/tf-psa-crypto/drivers/everest/include -I/Users/dave/.espressif/v6.0.1/esp-idf/components/mbedtls/mbedtls/tf-psa-crypto/drivers/p256-m -I/Users/dave/.espressif/v6.0.1/esp-idf/components/esp_timer/include @"/Users/dave/GitHub/esp32/esp32-altair-8800/build/toolchain/cflags" -fdiagnostics-color=always -ffunction-sections -fdata-sections -Wall -Werror -Wno-error=unused-function -Wno-error=unused-variable -Wno-error=unused-but-set-variable -Wno-error=deprecated-declarations -Wextra -Wno-error=extra -Wno-unused-parameter -Wno-sign-compare -Wno-enum-conversion -gdwarf-4 -ggdb -Og -fno-shrink-wrap -fmacro-prefix-map=/Users/dave/GitHub/esp32/esp32-altair-8800=. -fmacro-prefix-map=/Users/dave/.espressif/v6.0.1/esp-idf=/IDF -fstrict-volatile-bitfields -fno-jump-tables -fno-tree-switch-conversion -std=gnu23 -Wno-old-style-declaration -fzero-init-padding-bits=all -fno-malloc-dce -MD -MT esp-idf/esp_http_server/CMakeFiles/__idf_esp_http_server.dir/src/httpd_sess.c.obj -MF esp-idf/esp_http_server/CMakeFiles/__idf_esp_http_server.dir/src/httpd_sess.c.obj.d -o esp-idf/esp_http_server/CMakeFiles/__idf_esp_http_server.dir/src/httpd_sess.c.obj -c /Users/dave/.espressif/v6.0.1/esp-idf/components/esp_http_server/src/httpd_sess.c
xtensa-esp-elf-gcc: fatal error: /Users/dave/GitHub/esp32/esp32-altair-8800/build/specs/picolibc.specs: attempt to rename spec 'link' to already defined spec 'picolibc_link'
compilation terminated.
[11/1401] Building C object esp-idf/esp_http_server/CMakeFiles/__idf_esp_http_server.dir/src/httpd_parse.c.obj
FAILED: esp-idf/esp_http_server/CMakeFiles/__idf_esp_http_server.dir/src/httpd_parse.c.obj 
/Users/dave/.espressif/tools/xtensa-esp-elf/esp-15.2.0_20251204/xtensa-esp-elf/bin/xtensa-esp32s3-elf-gcc -DESP_PLATFORM -DESP_PSA_ITS_AVAILABLE -DFD_SETSIZE=96 -DIDF_VER=\"v6.0.1\" -DMBEDTLS_CONFIG_FILE=\"mbedtls/esp_config.h\" -DMBEDTLS_MAJOR_VERSION=4 -DSOC_MMU_PAGE_SIZE=CONFIG_MMU_PAGE_SIZE -DSOC_XTAL_FREQ_MHZ=CONFIG_XTAL_FREQ -DTF_PSA_CRYPTO_USER_CONFIG_FILE=\"mbedtls/esp_config.h\" -D_GLIBCXX_HAVE_POSIX_SEMAPHORE -D_GLIBCXX_USE_POSIX_SEMAPHORE -D_GNU_SOURCE -D_POSIX_READER_WRITER_LOCKS -I/Users/dave/GitHub/esp32/esp32-altair-8800/build/config -I/Users/dave/.espressif/v6.0.1/esp-idf/components/esp_http_server/include -I/Users/dave/.espressif/v6.0.1/esp-idf/components/esp_http_server/src/util -I/Users/dave/.espressif/v6.0.1/esp-idf/components/esp_http_server/src/port/esp32 -I/Users/dave/.espressif/v6.0.1/esp-idf/components/esp_libc/platform_include -I/Users/dave/.espressif/v6.0.1/esp-idf/components/freertos/config/include -I/Users/dave/.espressif/v6.0.1/esp-idf/components/freertos/config/include/freertos -I/Users/dave/.espressif/v6.0.1/esp-idf/components/freertos/config/xtensa/include -I/Users/dave/.espressif/v6.0.1/esp-idf/components/freertos/FreeRTOS-Kernel/include -I/Users/dave/.espressif/v6.0.1/esp-idf/components/freertos/FreeRTOS-Kernel/portable/xtensa/include -I/Users/dave/.espressif/v6.0.1/esp-idf/components/freertos/FreeRTOS-Kernel/portable/xtensa/include/freertos -I/Users/dave/.espressif/v6.0.1/esp-idf/components/freertos/esp_additions/include -I/Users/dave/.espressif/v6.0.1/esp-idf/components/esp_hw_support/include -I/Users/dave/.espressif/v6.0.1/esp-idf/components/esp_hw_support/include/soc -I/Users/dave/.espressif/v6.0.1/esp-idf/components/esp_hw_support/ldo/include -I/Users/dave/.espressif/v6.0.1/esp-idf/components/esp_hw_support/debug_probe/include -I/Users/dave/.espressif/v6.0.1/esp-idf/components/esp_hw_support/etm/include -I/Users/dave/.espressif/v6.0.1/esp-idf/components/esp_hw_support/mspi_timing_tuning/include -I/Users/dave/.espressif/v6.0.1/esp-idf/components/esp_hw_support/mspi_timing_tuning/tuning_scheme_impl/include -I/Users/dave/.espressif/v6.0.1/esp-idf/components/esp_hw_support/power_supply/include -I/Users/dave/.espressif/v6.0.1/esp-idf/components/esp_hw_support/modem/include -I/Users/dave/.espressif/v6.0.1/esp-idf/components/esp_hw_support/include/soc/esp32s3 -I/Users/dave/.espressif/v6.0.1/esp-idf/components/esp_hw_support/port/esp32s3/. -I/Users/dave/.espressif/v6.0.1/esp-idf/components/esp_hw_support/port/esp32s3/include -I/Users/dave/.espressif/v6.0.1/esp-idf/components/esp_hw_support/mspi_timing_tuning/port/esp32s3/. -I/Users/dave/.espressif/v6.0.1/esp-idf/components/esp_hw_support/mspi_timing_tuning/port/esp32s3/include -I/Users/dave/.espressif/v6.0.1/esp-idf/components/heap/include -I/Users/dave/.espressif/v6.0.1/esp-idf/components/heap/tlsf -I/Users/dave/.espressif/v6.0.1/esp-idf/components/log/include -I/Users/dave/.espressif/v6.0.1/esp-idf/components/soc/include -I/Users/dave/.espressif/v6.0.1/esp-idf/components/soc/esp32s3 -I/Users/dave/.espressif/v6.0.1/esp-idf/components/soc/esp32s3/include -I/Users/dave/.espressif/v6.0.1/esp-idf/components/soc/esp32s3/register -I/Users/dave/.espressif/v6.0.1/esp-idf/components/hal/platform_port/include -I/Users/dave/.espressif/v6.0.1/esp-idf/components/hal/esp32s3/include -I/Users/dave/.espressif/v6.0.1/esp-idf/components/hal/include -I/Users/dave/.espressif/v6.0.1/esp-idf/components/esp_rom/include -I/Users/dave/.espressif/v6.0.1/esp-idf/components/esp_rom/esp32s3/include -I/Users/dave/.espressif/v6.0.1/esp-idf/components/esp_rom/esp32s3/include/esp32s3 -I/Users/dave/.espressif/v6.0.1/esp-idf/components/esp_rom/esp32s3 -I/Users/dave/.espressif/v6.0.1/esp-idf/components/esp_common/include -I/Users/dave/.espressif/v6.0.1/esp-idf/components/esp_system/include -I/Users/dave/.espressif/v6.0.1/esp-idf/components/esp_system/port/soc -I/Users/dave/.espressif/v6.0.1/esp-idf/components/esp_system/port/include/private -I/Users/dave/.espressif/v6.0.1/esp-idf/components/esp_stdio/include -I/Users/dave/.espressif/v6.0.1/esp-idf/components/xtensa/esp32s3/include -I/Users/dave/.espressif/v6.0.1/esp-idf/components/xtensa/include -I/Users/dave/.espressif/v6.0.1/esp-idf/components/xtensa/deprecated_include -I/Users/dave/.espressif/v6.0.1/esp-idf/components/esp_hal_gpio/include -I/Users/dave/.espressif/v6.0.1/esp-idf/components/esp_hal_gpio/esp32s3/include -I/Users/dave/.espressif/v6.0.1/esp-idf/components/esp_hal_usb/include -I/Users/dave/.espressif/v6.0.1/esp-idf/components/esp_hal_usb/esp32s3/include -I/Users/dave/.espressif/v6.0.1/esp-idf/components/esp_hal_pmu/include -I/Users/dave/.espressif/v6.0.1/esp-idf/components/esp_hal_pmu/esp32s3/include -I/Users/dave/.espressif/v6.0.1/esp-idf/components/esp_hal_ana_conv/include -I/Users/dave/.espressif/v6.0.1/esp-idf/components/esp_hal_ana_conv/esp32s3/include -I/Users/dave/.espressif/v6.0.1/esp-idf/components/esp_hal_dma/include -I/Users/dave/.espressif/v6.0.1/esp-idf/components/esp_hal_dma/esp32s3/include -I/Users/dave/.espressif/v6.0.1/esp-idf/components/lwip/include -I/Users/dave/.espressif/v6.0.1/esp-idf/components/lwip/include/apps -I/Users/dave/.espressif/v6.0.1/esp-idf/components/lwip/lwip/src/include -I/Users/dave/.espressif/v6.0.1/esp-idf/components/lwip/port/include -I/Users/dave/.espressif/v6.0.1/esp-idf/components/lwip/port/freertos/include -I/Users/dave/.espressif/v6.0.1/esp-idf/components/lwip/port/esp32xx/include -I/Users/dave/.espressif/v6.0.1/esp-idf/components/lwip/port/esp32xx/include/arch -I/Users/dave/.espressif/v6.0.1/esp-idf/components/lwip/port/esp32xx/include/sys -I/Users/dave/.espressif/v6.0.1/esp-idf/components/http_parser -I/Users/dave/.espressif/v6.0.1/esp-idf/components/esp_event/include -I/Users/dave/.espressif/v6.0.1/esp-idf/components/mbedtls/port/include -I/Users/dave/.espressif/v6.0.1/esp-idf/components/mbedtls/mbedtls/include -I/Users/dave/.espressif/v6.0.1/esp-idf/components/mbedtls/mbedtls/library -I/Users/dave/.espressif/v6.0.1/esp-idf/components/mbedtls/mbedtls/tf-psa-crypto/core -I/Users/dave/.espressif/v6.0.1/esp-idf/components/mbedtls/mbedtls/tf-psa-crypto/drivers/builtin/src -I/Users/dave/.espressif/v6.0.1/esp-idf/components/mbedtls/esp_crt_bundle/include -I/Users/dave/.espressif/v6.0.1/esp-idf/components/mbedtls/port/psa_driver/include -I/Users/dave/.espressif/v6.0.1/esp-idf/components/esp_security/include -I/Users/dave/.espressif/v6.0.1/esp-idf/components/esp_hal_security/esp32s3/include -I/Users/dave/.espressif/v6.0.1/esp-idf/components/esp_hal_security/include -I/Users/dave/.espressif/v6.0.1/esp-idf/components/mbedtls/mbedtls/tf-psa-crypto/include -I/Users/dave/.espressif/v6.0.1/esp-idf/components/mbedtls/mbedtls/tf-psa-crypto/drivers/builtin/include -I/Users/dave/.espressif/v6.0.1/esp-idf/components/mbedtls/mbedtls/tf-psa-crypto/drivers/everest/include -I/Users/dave/.espressif/v6.0.1/esp-idf/components/mbedtls/mbedtls/tf-psa-crypto/drivers/p256-m -I/Users/dave/.espressif/v6.0.1/esp-idf/components/esp_timer/include @"/Users/dave/GitHub/esp32/esp32-altair-8800/build/toolchain/cflags" -fdiagnostics-color=always -ffunction-sections -fdata-sections -Wall -Werror -Wno-error=unused-function -Wno-error=unused-variable -Wno-error=unused-but-set-variable -Wno-error=deprecated-declarations -Wextra -Wno-error=extra -Wno-unused-parameter -Wno-sign-compare -Wno-enum-conversion -gdwarf-4 -ggdb -Og -fno-shrink-wrap -fmacro-prefix-map=/Users/dave/GitHub/esp32/esp32-altair-8800=. -fmacro-prefix-map=/Users/dave/.espressif/v6.0.1/esp-idf=/IDF -fstrict-volatile-bitfields -fno-jump-tables -fno-tree-switch-conversion -std=gnu23 -Wno-old-style-declaration -fzero-init-padding-bits=all -fno-malloc-dce -MD -MT esp-idf/esp_http_server/CMakeFiles/__idf_esp_http_server.dir/src/httpd_parse.c.obj -MF esp-idf/esp_http_server/CMakeFiles/__idf_esp_http_server.dir/src/httpd_parse.c.obj.d -o esp-idf/esp_http_server/CMakeFiles/__idf_esp_http_server.dir/src/httpd_parse.c.obj -c /Users/dave/.espressif/v6.0.1/esp-idf/components/esp_http_server/src/httpd_parse.c
xtensa-esp-elf-gcc: fatal error: /Users/dave/GitHub/esp32/esp32-altair-8800/build/specs/picolibc.specs: attempt to rename spec 'link' to already defined spec 'picolibc_link'
compilation terminated.
[12/1401] Building C object esp-idf/esp_http_server/CMakeFiles/__idf_esp_http_server.dir/src/httpd_txrx.c.obj
FAILED: esp-idf/esp_http_server/CMakeFiles/__idf_esp_http_server.dir/src/httpd_txrx.c.obj 
/Users/dave/.espressif/tools/xtensa-esp-elf/esp-15.2.0_20251204/xtensa-esp-elf/bin/xtensa-esp32s3-elf-gcc -DESP_PLATFORM -DESP_PSA_ITS_AVAILABLE -DFD_SETSIZE=96 -DIDF_VER=\"v6.0.1\" -DMBEDTLS_CONFIG_FILE=\"mbedtls/esp_config.h\" -DMBEDTLS_MAJOR_VERSION=4 -DSOC_MMU_PAGE_SIZE=CONFIG_MMU_PAGE_SIZE -DSOC_XTAL_FREQ_MHZ=CONFIG_XTAL_FREQ -DTF_PSA_CRYPTO_USER_CONFIG_FILE=\"mbedtls/esp_config.h\" -D_GLIBCXX_HAVE_POSIX_SEMAPHORE -D_GLIBCXX_USE_POSIX_SEMAPHORE -D_GNU_SOURCE -D_POSIX_READER_WRITER_LOCKS -I/Users/dave/GitHub/esp32/esp32-altair-8800/build/config -I/Users/dave/.espressif/v6.0.1/esp-idf/components/esp_http_server/include -I/Users/dave/.espressif/v6.0.1/esp-idf/components/esp_http_server/src/util -I/Users/dave/.espressif/v6.0.1/esp-idf/components/esp_http_server/src/port/esp32 -I/Users/dave/.espressif/v6.0.1/esp-idf/components/esp_libc/platform_include -I/Users/dave/.espressif/v6.0.1/esp-idf/components/freertos/config/include -I/Users/dave/.espressif/v6.0.1/esp-idf/components/freertos/config/include/freertos -I/Users/dave/.espressif/v6.0.1/esp-idf/components/freertos/config/xtensa/include -I/Users/dave/.espressif/v6.0.1/esp-idf/components/freertos/FreeRTOS-Kernel/include -I/Users/dave/.espressif/v6.0.1/esp-idf/components/freertos/FreeRTOS-Kernel/portable/xtensa/include -I/Users/dave/.espressif/v6.0.1/esp-idf/components/freertos/FreeRTOS-Kernel/portable/xtensa/include/freertos -I/Users/dave/.espressif/v6.0.1/esp-idf/components/freertos/esp_additions/include -I/Users/dave/.espressif/v6.0.1/esp-idf/components/esp_hw_support/include -I/Users/dave/.espressif/v6.0.1/esp-idf/components/esp_hw_support/include/soc -I/Users/dave/.espressif/v6.0.1/esp-idf/components/esp_hw_support/ldo/include -I/Users/dave/.espressif/v6.0.1/esp-idf/components/esp_hw_support/debug_probe/include -I/Users/dave/.espressif/v6.0.1/esp-idf/components/esp_hw_support/etm/include -I/Users/dave/.espressif/v6.0.1/esp-idf/components/esp_hw_support/mspi_timing_tuning/include -I/Users/dave/.espressif/v6.0.1/esp-idf/components/esp_hw_support/mspi_timing_tuning/tuning_scheme_impl/include -I/Users/dave/.espressif/v6.0.1/esp-idf/components/esp_hw_support/power_supply/include -I/Users/dave/.espressif/v6.0.1/esp-idf/components/esp_hw_support/modem/include -I/Users/dave/.espressif/v6.0.1/esp-idf/components/esp_hw_support/include/soc/esp32s3 -I/Users/dave/.espressif/v6.0.1/esp-idf/components/esp_hw_support/port/esp32s3/. -I/Users/dave/.espressif/v6.0.1/esp-idf/components/esp_hw_support/port/esp32s3/include -I/Users/dave/.espressif/v6.0.1/esp-idf/components/esp_hw_support/mspi_timing_tuning/port/esp32s3/. -I/Users/dave/.espressif/v6.0.1/esp-idf/components/esp_hw_support/mspi_timing_tuning/port/esp32s3/include -I/Users/dave/.espressif/v6.0.1/esp-idf/components/heap/include -I/Users/dave/.espressif/v6.0.1/esp-idf/components/heap/tlsf -I/Users/dave/.espressif/v6.0.1/esp-idf/components/log/include -I/Users/dave/.espressif/v6.0.1/esp-idf/components/soc/include -I/Users/dave/.espressif/v6.0.1/esp-idf/components/soc/esp32s3 -I/Users/dave/.espressif/v6.0.1/esp-idf/components/soc/esp32s3/include -I/Users/dave/.espressif/v6.0.1/esp-idf/components/soc/esp32s3/register -I/Users/dave/.espressif/v6.0.1/esp-idf/components/hal/platform_port/include -I/Users/dave/.espressif/v6.0.1/esp-idf/components/hal/esp32s3/include -I/Users/dave/.espressif/v6.0.1/esp-idf/components/hal/include -I/Users/dave/.espressif/v6.0.1/esp-idf/components/esp_rom/include -I/Users/dave/.espressif/v6.0.1/esp-idf/components/esp_rom/esp32s3/include -I/Users/dave/.espressif/v6.0.1/esp-idf/components/esp_rom/esp32s3/include/esp32s3 -I/Users/dave/.espressif/v6.0.1/esp-idf/components/esp_rom/esp32s3 -I/Users/dave/.espressif/v6.0.1/esp-idf/components/esp_common/include -I/Users/dave/.espressif/v6.0.1/esp-idf/components/esp_system/include -I/Users/dave/.espressif/v6.0.1/esp-idf/components/esp_system/port/soc -I/Users/dave/.espressif/v6.0.1/esp-idf/components/esp_system/port/include/private -I/Users/dave/.espressif/v6.0.1/esp-idf/components/esp_stdio/include -I/Users/dave/.espressif/v6.0.1/esp-idf/components/xtensa/esp32s3/include -I/Users/dave/.espressif/v6.0.1/esp-idf/components/xtensa/include -I/Users/dave/.espressif/v6.0.1/esp-idf/components/xtensa/deprecated_include -I/Users/dave/.espressif/v6.0.1/esp-idf/components/esp_hal_gpio/include -I/Users/dave/.espressif/v6.0.1/esp-idf/components/esp_hal_gpio/esp32s3/include -I/Users/dave/.espressif/v6.0.1/esp-idf/components/esp_hal_usb/include -I/Users/dave/.espressif/v6.0.1/esp-idf/components/esp_hal_usb/esp32s3/include -I/Users/dave/.espressif/v6.0.1/esp-idf/components/esp_hal_pmu/include -I/Users/dave/.espressif/v6.0.1/esp-idf/components/esp_hal_pmu/esp32s3/include -I/Users/dave/.espressif/v6.0.1/esp-idf/components/esp_hal_ana_conv/include -I/Users/dave/.espressif/v6.0.1/esp-idf/components/esp_hal_ana_conv/esp32s3/include -I/Users/dave/.espressif/v6.0.1/esp-idf/components/esp_hal_dma/include -I/Users/dave/.espressif/v6.0.1/esp-idf/components/esp_hal_dma/esp32s3/include -I/Users/dave/.espressif/v6.0.1/esp-idf/components/lwip/include -I/Users/dave/.espressif/v6.0.1/esp-idf/components/lwip/include/apps -I/Users/dave/.espressif/v6.0.1/esp-idf/components/lwip/lwip/src/include -I/Users/dave/.espressif/v6.0.1/esp-idf/components/lwip/port/include -I/Users/dave/.espressif/v6.0.1/esp-idf/components/lwip/port/freertos/include -I/Users/dave/.espressif/v6.0.1/esp-idf/components/lwip/port/esp32xx/include -I/Users/dave/.espressif/v6.0.1/esp-idf/components/lwip/port/esp32xx/include/arch -I/Users/dave/.espressif/v6.0.1/esp-idf/components/lwip/port/esp32xx/include/sys -I/Users/dave/.espressif/v6.0.1/esp-idf/components/http_parser -I/Users/dave/.espressif/v6.0.1/esp-idf/components/esp_event/include -I/Users/dave/.espressif/v6.0.1/esp-idf/components/mbedtls/port/include -I/Users/dave/.espressif/v6.0.1/esp-idf/components/mbedtls/mbedtls/include -I/Users/dave/.espressif/v6.0.1/esp-idf/components/mbedtls/mbedtls/library -I/Users/dave/.espressif/v6.0.1/esp-idf/components/mbedtls/mbedtls/tf-psa-crypto/core -I/Users/dave/.espressif/v6.0.1/esp-idf/components/mbedtls/mbedtls/tf-psa-crypto/drivers/builtin/src -I/Users/dave/.espressif/v6.0.1/esp-idf/components/mbedtls/esp_crt_bundle/include -I/Users/dave/.espressif/v6.0.1/esp-idf/components/mbedtls/port/psa_driver/include -I/Users/dave/.espressif/v6.0.1/esp-idf/components/esp_security/include -I/Users/dave/.espressif/v6.0.1/esp-idf/components/esp_hal_security/esp32s3/include -I/Users/dave/.espressif/v6.0.1/esp-idf/components/esp_hal_security/include -I/Users/dave/.espressif/v6.0.1/esp-idf/components/mbedtls/mbedtls/tf-psa-crypto/include -I/Users/dave/.espressif/v6.0.1/esp-idf/components/mbedtls/mbedtls/tf-psa-crypto/drivers/builtin/include -I/Users/dave/.espressif/v6.0.1/esp-idf/components/mbedtls/mbedtls/tf-psa-crypto/drivers/everest/include -I/Users/dave/.espressif/v6.0.1/esp-idf/components/mbedtls/mbedtls/tf-psa-crypto/drivers/p256-m -I/Users/dave/.espressif/v6.0.1/esp-idf/components/esp_timer/include @"/Users/dave/GitHub/esp32/esp32-altair-8800/build/toolchain/cflags" -fdiagnostics-color=always -ffunction-sections -fdata-sections -Wall -Werror -Wno-error=unused-function -Wno-error=unused-variable -Wno-error=unused-but-set-variable -Wno-error=deprecated-declarations -Wextra -Wno-error=extra -Wno-unused-parameter -Wno-sign-compare -Wno-enum-conversion -gdwarf-4 -ggdb -Og -fno-shrink-wrap -fmacro-prefix-map=/Users/dave/GitHub/esp32/esp32-altair-8800=. -fmacro-prefix-map=/Users/dave/.espressif/v6.0.1/esp-idf=/IDF -fstrict-volatile-bitfields -fno-jump-tables -fno-tree-switch-conversion -std=gnu23 -Wno-old-style-declaration -fzero-init-padding-bits=all -fno-malloc-dce -MD -MT esp-idf/esp_http_server/CMakeFiles/__idf_esp_http_server.dir/src/httpd_txrx.c.obj -MF esp-idf/esp_http_server/CMakeFiles/__idf_esp_http_server.dir/src/httpd_txrx.c.obj.d -o esp-idf/esp_http_server/CMakeFiles/__idf_esp_http_server.dir/src/httpd_txrx.c.obj -c /Users/dave/.espressif/v6.0.1/esp-idf/components/esp_http_server/src/httpd_txrx.c
xtensa-esp-elf-gcc: fatal error: /Users/dave/GitHub/esp32/esp32-altair-8800/build/specs/picolibc.specs: attempt to rename spec 'link' to already defined spec 'picolibc_link'
compilation terminated.
[13/1401] Building C object esp-idf/esp_http_server/CMakeFiles/__idf_esp_http_server.dir/src/httpd_ws.c.obj
FAILED: esp-idf/esp_http_server/CMakeFiles/__idf_esp_http_server.dir/src/httpd_ws.c.obj 
/Users/dave/.espressif/tools/xtensa-esp-elf/esp-15.2.0_20251204/xtensa-esp-elf/bin/xtensa-esp32s3-elf-gcc -DESP_PLATFORM -DESP_PSA_ITS_AVAILABLE -DFD_SETSIZE=96 -DIDF_VER=\"v6.0.1\" -DMBEDTLS_CONFIG_FILE=\"mbedtls/esp_config.h\" -DMBEDTLS_MAJOR_VERSION=4 -DSOC_MMU_PAGE_SIZE=CONFIG_MMU_PAGE_SIZE -DSOC_XTAL_FREQ_MHZ=CONFIG_XTAL_FREQ -DTF_PSA_CRYPTO_USER_CONFIG_FILE=\"mbedtls/esp_config.h\" -D_GLIBCXX_HAVE_POSIX_SEMAPHORE -D_GLIBCXX_USE_POSIX_SEMAPHORE -D_GNU_SOURCE -D_POSIX_READER_WRITER_LOCKS -I/Users/dave/GitHub/esp32/esp32-altair-8800/build/config -I/Users/dave/.espressif/v6.0.1/esp-idf/components/esp_http_server/include -I/Users/dave/.espressif/v6.0.1/esp-idf/components/esp_http_server/src/util -I/Users/dave/.espressif/v6.0.1/esp-idf/components/esp_http_server/src/port/esp32 -I/Users/dave/.espressif/v6.0.1/esp-idf/components/esp_libc/platform_include -I/Users/dave/.espressif/v6.0.1/esp-idf/components/freertos/config/include -I/Users/dave/.espressif/v6.0.1/esp-idf/components/freertos/config/include/freertos -I/Users/dave/.espressif/v6.0.1/esp-idf/components/freertos/config/xtensa/include -I/Users/dave/.espressif/v6.0.1/esp-idf/components/freertos/FreeRTOS-Kernel/include -I/Users/dave/.espressif/v6.0.1/esp-idf/components/freertos/FreeRTOS-Kernel/portable/xtensa/include -I/Users/dave/.espressif/v6.0.1/esp-idf/components/freertos/FreeRTOS-Kernel/portable/xtensa/include/freertos -I/Users/dave/.espressif/v6.0.1/esp-idf/components/freertos/esp_additions/include -I/Users/dave/.espressif/v6.0.1/esp-idf/components/esp_hw_support/include -I/Users/dave/.espressif/v6.0.1/esp-idf/components/esp_hw_support/include/soc -I/Users/dave/.espressif/v6.0.1/esp-idf/components/esp_hw_support/ldo/include -I/Users/dave/.espressif/v6.0.1/esp-idf/components/esp_hw_support/debug_probe/include -I/Users/dave/.espressif/v6.0.1/esp-idf/components/esp_hw_support/etm/include -I/Users/dave/.espressif/v6.0.1/esp-idf/components/esp_hw_support/mspi_timing_tuning/include -I/Users/dave/.espressif/v6.0.1/esp-idf/components/esp_hw_support/mspi_timing_tuning/tuning_scheme_impl/include -I/Users/dave/.espressif/v6.0.1/esp-idf/components/esp_hw_support/power_supply/include -I/Users/dave/.espressif/v6.0.1/esp-idf/components/esp_hw_support/modem/include -I/Users/dave/.espressif/v6.0.1/esp-idf/components/esp_hw_support/include/soc/esp32s3 -I/Users/dave/.espressif/v6.0.1/esp-idf/components/esp_hw_support/port/esp32s3/. -I/Users/dave/.espressif/v6.0.1/esp-idf/components/esp_hw_support/port/esp32s3/include -I/Users/dave/.espressif/v6.0.1/esp-idf/components/esp_hw_support/mspi_timing_tuning/port/esp32s3/. -I/Users/dave/.espressif/v6.0.1/esp-idf/components/esp_hw_support/mspi_timing_tuning/port/esp32s3/include -I/Users/dave/.espressif/v6.0.1/esp-idf/components/heap/include -I/Users/dave/.espressif/v6.0.1/esp-idf/components/heap/tlsf -I/Users/dave/.espressif/v6.0.1/esp-idf/components/log/include -I/Users/dave/.espressif/v6.0.1/esp-idf/components/soc/include -I/Users/dave/.espressif/v6.0.1/esp-idf/components/soc/esp32s3 -I/Users/dave/.espressif/v6.0.1/esp-idf/components/soc/esp32s3/include -I/Users/dave/.espressif/v6.0.1/esp-idf/components/soc/esp32s3/register -I/Users/dave/.espressif/v6.0.1/esp-idf/components/hal/platform_port/include -I/Users/dave/.espressif/v6.0.1/esp-idf/components/hal/esp32s3/include -I/Users/dave/.espressif/v6.0.1/esp-idf/components/hal/include -I/Users/dave/.espressif/v6.0.1/esp-idf/components/esp_rom/include -I/Users/dave/.espressif/v6.0.1/esp-idf/components/esp_rom/esp32s3/include -I/Users/dave/.espressif/v6.0.1/esp-idf/components/esp_rom/esp32s3/include/esp32s3 -I/Users/dave/.espressif/v6.0.1/esp-idf/components/esp_rom/esp32s3 -I/Users/dave/.espressif/v6.0.1/esp-idf/components/esp_common/include -I/Users/dave/.espressif/v6.0.1/esp-idf/components/esp_system/include -I/Users/dave/.espressif/v6.0.1/esp-idf/components/esp_system/port/soc -I/Users/dave/.espressif/v6.0.1/esp-idf/components/esp_system/port/include/private -I/Users/dave/.espressif/v6.0.1/esp-idf/components/esp_stdio/include -I/Users/dave/.espressif/v6.0.1/esp-idf/components/xtensa/esp32s3/include -I/Users/dave/.espressif/v6.0.1/esp-idf/components/xtensa/include -I/Users/dave/.espressif/v6.0.1/esp-idf/components/xtensa/deprecated_include -I/Users/dave/.espressif/v6.0.1/esp-idf/components/esp_hal_gpio/include -I/Users/dave/.espressif/v6.0.1/esp-idf/components/esp_hal_gpio/esp32s3/include -I/Users/dave/.espressif/v6.0.1/esp-idf/components/esp_hal_usb/include -I/Users/dave/.espressif/v6.0.1/esp-idf/components/esp_hal_usb/esp32s3/include -I/Users/dave/.espressif/v6.0.1/esp-idf/components/esp_hal_pmu/include -I/Users/dave/.espressif/v6.0.1/esp-idf/components/esp_hal_pmu/esp32s3/include -I/Users/dave/.espressif/v6.0.1/esp-idf/components/esp_hal_ana_conv/include -I/Users/dave/.espressif/v6.0.1/esp-idf/components/esp_hal_ana_conv/esp32s3/include -I/Users/dave/.espressif/v6.0.1/esp-idf/components/esp_hal_dma/include -I/Users/dave/.espressif/v6.0.1/esp-idf/components/esp_hal_dma/esp32s3/include -I/Users/dave/.espressif/v6.0.1/esp-idf/components/lwip/include -I/Users/dave/.espressif/v6.0.1/esp-idf/components/lwip/include/apps -I/Users/dave/.espressif/v6.0.1/esp-idf/components/lwip/lwip/src/include -I/Users/dave/.espressif/v6.0.1/esp-idf/components/lwip/port/include -I/Users/dave/.espressif/v6.0.1/esp-idf/components/lwip/port/freertos/include -I/Users/dave/.espressif/v6.0.1/esp-idf/components/lwip/port/esp32xx/include -I/Users/dave/.espressif/v6.0.1/esp-idf/components/lwip/port/esp32xx/include/arch -I/Users/dave/.espressif/v6.0.1/esp-idf/components/lwip/port/esp32xx/include/sys -I/Users/dave/.espressif/v6.0.1/esp-idf/components/http_parser -I/Users/dave/.espressif/v6.0.1/esp-idf/components/esp_event/include -I/Users/dave/.espressif/v6.0.1/esp-idf/components/mbedtls/port/include -I/Users/dave/.espressif/v6.0.1/esp-idf/components/mbedtls/mbedtls/include -I/Users/dave/.espressif/v6.0.1/esp-idf/components/mbedtls/mbedtls/library -I/Users/dave/.espressif/v6.0.1/esp-idf/components/mbedtls/mbedtls/tf-psa-crypto/core -I/Users/dave/.espressif/v6.0.1/esp-idf/components/mbedtls/mbedtls/tf-psa-crypto/drivers/builtin/src -I/Users/dave/.espressif/v6.0.1/esp-idf/components/mbedtls/esp_crt_bundle/include -I/Users/dave/.espressif/v6.0.1/esp-idf/components/mbedtls/port/psa_driver/include -I/Users/dave/.espressif/v6.0.1/esp-idf/components/esp_security/include -I/Users/dave/.espressif/v6.0.1/esp-idf/components/esp_hal_security/esp32s3/include -I/Users/dave/.espressif/v6.0.1/esp-idf/components/esp_hal_security/include -I/Users/dave/.espressif/v6.0.1/esp-idf/components/mbedtls/mbedtls/tf-psa-crypto/include -I/Users/dave/.espressif/v6.0.1/esp-idf/components/mbedtls/mbedtls/tf-psa-crypto/drivers/builtin/include -I/Users/dave/.espressif/v6.0.1/esp-idf/components/mbedtls/mbedtls/tf-psa-crypto/drivers/everest/include -I/Users/dave/.espressif/v6.0.1/esp-idf/components/mbedtls/mbedtls/tf-psa-crypto/drivers/p256-m -I/Users/dave/.espressif/v6.0.1/esp-idf/components/esp_timer/include @"/Users/dave/GitHub/esp32/esp32-altair-8800/build/toolchain/cflags" -fdiagnostics-color=always -ffunction-sections -fdata-sections -Wall -Werror -Wno-error=unused-function -Wno-error=unused-variable -Wno-error=unused-but-set-variable -Wno-error=deprecated-declarations -Wextra -Wno-error=extra -Wno-unused-parameter -Wno-sign-compare -Wno-enum-conversion -gdwarf-4 -ggdb -Og -fno-shrink-wrap -fmacro-prefix-map=/Users/dave/GitHub/esp32/esp32-altair-8800=. -fmacro-prefix-map=/Users/dave/.espressif/v6.0.1/esp-idf=/IDF -fstrict-volatile-bitfields -fno-jump-tables -fno-tree-switch-conversion -std=gnu23 -Wno-old-style-declaration -fzero-init-padding-bits=all -fno-malloc-dce -MD -MT esp-idf/esp_http_server/CMakeFiles/__idf_esp_http_server.dir/src/httpd_ws.c.obj -MF esp-idf/esp_http_server/CMakeFiles/__idf_esp_http_server.dir/src/httpd_ws.c.obj.d -o esp-idf/esp_http_server/CMakeFiles/__idf_esp_http_server.dir/src/httpd_ws.c.obj -c /Users/dave/.espressif/v6.0.1/esp-idf/components/esp_http_server/src/httpd_ws.c
xtensa-esp-elf-gcc: fatal error: /Users/dave/GitHub/esp32/esp32-altair-8800/build/specs/picolibc.specs: attempt to rename spec 'link' to already defined spec 'picolibc_link'
compilation terminated.
[14/1401] Building C object esp-idf/esp_http_server/CMakeFiles/__idf_esp_http_server.dir/src/util/ctrl_sock.c.obj
FAILED: esp-idf/esp_http_server/CMakeFiles/__idf_esp_http_server.dir/src/util/ctrl_sock.c.obj 
/Users/dave/.espressif/tools/xtensa-esp-elf/esp-15.2.0_20251204/xtensa-esp-elf/bin/xtensa-esp32s3-elf-gcc -DESP_PLATFORM -DESP_PSA_ITS_AVAILABLE -DFD_SETSIZE=96 -DIDF_VER=\"v6.0.1\" -DMBEDTLS_CONFIG_FILE=\"mbedtls/esp_config.h\" -DMBEDTLS_MAJOR_VERSION=4 -DSOC_MMU_PAGE_SIZE=CONFIG_MMU_PAGE_SIZE -DSOC_XTAL_FREQ_MHZ=CONFIG_XTAL_FREQ -DTF_PSA_CRYPTO_USER_CONFIG_FILE=\"mbedtls/esp_config.h\" -D_GLIBCXX_HAVE_POSIX_SEMAPHORE -D_GLIBCXX_USE_POSIX_SEMAPHORE -D_GNU_SOURCE -D_POSIX_READER_WRITER_LOCKS -I/Users/dave/GitHub/esp32/esp32-altair-8800/build/config -I/Users/dave/.espressif/v6.0.1/esp-idf/components/esp_http_server/include -I/Users/dave/.espressif/v6.0.1/esp-idf/components/esp_http_server/src/util -I/Users/dave/.espressif/v6.0.1/esp-idf/components/esp_http_server/src/port/esp32 -I/Users/dave/.espressif/v6.0.1/esp-idf/components/esp_libc/platform_include -I/Users/dave/.espressif/v6.0.1/esp-idf/components/freertos/config/include -I/Users/dave/.espressif/v6.0.1/esp-idf/components/freertos/config/include/freertos -I/Users/dave/.espressif/v6.0.1/esp-idf/components/freertos/config/xtensa/include -I/Users/dave/.espressif/v6.0.1/esp-idf/components/freertos/FreeRTOS-Kernel/include -I/Users/dave/.espressif/v6.0.1/esp-idf/components/freertos/FreeRTOS-Kernel/portable/xtensa/include -I/Users/dave/.espressif/v6.0.1/esp-idf/components/freertos/FreeRTOS-Kernel/portable/xtensa/include/freertos -I/Users/dave/.espressif/v6.0.1/esp-idf/components/freertos/esp_additions/include -I/Users/dave/.espressif/v6.0.1/esp-idf/components/esp_hw_support/include -I/Users/dave/.espressif/v6.0.1/esp-idf/components/esp_hw_support/include/soc -I/Users/dave/.espressif/v6.0.1/esp-idf/components/esp_hw_support/ldo/include -I/Users/dave/.espressif/v6.0.1/esp-idf/components/esp_hw_support/debug_probe/include -I/Users/dave/.espressif/v6.0.1/esp-idf/components/esp_hw_support/etm/include -I/Users/dave/.espressif/v6.0.1/esp-idf/components/esp_hw_support/mspi_timing_tuning/include -I/Users/dave/.espressif/v6.0.1/esp-idf/components/esp_hw_support/mspi_timing_tuning/tuning_scheme_impl/include -I/Users/dave/.espressif/v6.0.1/esp-idf/components/esp_hw_support/power_supply/include -I/Users/dave/.espressif/v6.0.1/esp-idf/components/esp_hw_support/modem/include -I/Users/dave/.espressif/v6.0.1/esp-idf/components/esp_hw_support/include/soc/esp32s3 -I/Users/dave/.espressif/v6.0.1/esp-idf/components/esp_hw_support/port/esp32s3/. -I/Users/dave/.espressif/v6.0.1/esp-idf/components/esp_hw_support/port/esp32s3/include -I/Users/dave/.espressif/v6.0.1/esp-idf/components/esp_hw_support/mspi_timing_tuning/port/esp32s3/. -I/Users/dave/.espressif/v6.0.1/esp-idf/components/esp_hw_support/mspi_timing_tuning/port/esp32s3/include -I/Users/dave/.espressif/v6.0.1/esp-idf/components/heap/include -I/Users/dave/.espressif/v6.0.1/esp-idf/components/heap/tlsf -I/Users/dave/.espressif/v6.0.1/esp-idf/components/log/include -I/Users/dave/.espressif/v6.0.1/esp-idf/components/soc/include -I/Users/dave/.espressif/v6.0.1/esp-idf/components/soc/esp32s3 -I/Users/dave/.espressif/v6.0.1/esp-idf/components/soc/esp32s3/include -I/Users/dave/.espressif/v6.0.1/esp-idf/components/soc/esp32s3/register -I/Users/dave/.espressif/v6.0.1/esp-idf/components/hal/platform_port/include -I/Users/dave/.espressif/v6.0.1/esp-idf/components/hal/esp32s3/include -I/Users/dave/.espressif/v6.0.1/esp-idf/components/hal/include -I/Users/dave/.espressif/v6.0.1/esp-idf/components/esp_rom/include -I/Users/dave/.espressif/v6.0.1/esp-idf/components/esp_rom/esp32s3/include -I/Users/dave/.espressif/v6.0.1/esp-idf/components/esp_rom/esp32s3/include/esp32s3 -I/Users/dave/.espressif/v6.0.1/esp-idf/components/esp_rom/esp32s3 -I/Users/dave/.espressif/v6.0.1/esp-idf/components/esp_common/include -I/Users/dave/.espressif/v6.0.1/esp-idf/components/esp_system/include -I/Users/dave/.espressif/v6.0.1/esp-idf/components/esp_system/port/soc -I/Users/dave/.espressif/v6.0.1/esp-idf/components/esp_system/port/include/private -I/Users/dave/.espressif/v6.0.1/esp-idf/components/esp_stdio/include -I/Users/dave/.espressif/v6.0.1/esp-idf/components/xtensa/esp32s3/include -I/Users/dave/.espressif/v6.0.1/esp-idf/components/xtensa/include -I/Users/dave/.espressif/v6.0.1/esp-idf/components/xtensa/deprecated_include -I/Users/dave/.espressif/v6.0.1/esp-idf/components/esp_hal_gpio/include -I/Users/dave/.espressif/v6.0.1/esp-idf/components/esp_hal_gpio/esp32s3/include -I/Users/dave/.espressif/v6.0.1/esp-idf/components/esp_hal_usb/include -I/Users/dave/.espressif/v6.0.1/esp-idf/components/esp_hal_usb/esp32s3/include -I/Users/dave/.espressif/v6.0.1/esp-idf/components/esp_hal_pmu/include -I/Users/dave/.espressif/v6.0.1/esp-idf/components/esp_hal_pmu/esp32s3/include -I/Users/dave/.espressif/v6.0.1/esp-idf/components/esp_hal_ana_conv/include -I/Users/dave/.espressif/v6.0.1/esp-idf/components/esp_hal_ana_conv/esp32s3/include -I/Users/dave/.espressif/v6.0.1/esp-idf/components/esp_hal_dma/include -I/Users/dave/.espressif/v6.0.1/esp-idf/components/esp_hal_dma/esp32s3/include -I/Users/dave/.espressif/v6.0.1/esp-idf/components/lwip/include -I/Users/dave/.espressif/v6.0.1/esp-idf/components/lwip/include/apps -I/Users/dave/.espressif/v6.0.1/esp-idf/components/lwip/lwip/src/include -I/Users/dave/.espressif/v6.0.1/esp-idf/components/lwip/port/include -I/Users/dave/.espressif/v6.0.1/esp-idf/components/lwip/port/freertos/include -I/Users/dave/.espressif/v6.0.1/esp-idf/components/lwip/port/esp32xx/include -I/Users/dave/.espressif/v6.0.1/esp-idf/components/lwip/port/esp32xx/include/arch -I/Users/dave/.espressif/v6.0.1/esp-idf/components/lwip/port/esp32xx/include/sys -I/Users/dave/.espressif/v6.0.1/esp-idf/components/http_parser -I/Users/dave/.espressif/v6.0.1/esp-idf/components/esp_event/include -I/Users/dave/.espressif/v6.0.1/esp-idf/components/mbedtls/port/include -I/Users/dave/.espressif/v6.0.1/esp-idf/components/mbedtls/mbedtls/include -I/Users/dave/.espressif/v6.0.1/esp-idf/components/mbedtls/mbedtls/library -I/Users/dave/.espressif/v6.0.1/esp-idf/components/mbedtls/mbedtls/tf-psa-crypto/core -I/Users/dave/.espressif/v6.0.1/esp-idf/components/mbedtls/mbedtls/tf-psa-crypto/drivers/builtin/src -I/Users/dave/.espressif/v6.0.1/esp-idf/components/mbedtls/esp_crt_bundle/include -I/Users/dave/.espressif/v6.0.1/esp-idf/components/mbedtls/port/psa_driver/include -I/Users/dave/.espressif/v6.0.1/esp-idf/components/esp_security/include -I/Users/dave/.espressif/v6.0.1/esp-idf/components/esp_hal_security/esp32s3/include -I/Users/dave/.espressif/v6.0.1/esp-idf/components/esp_hal_security/include -I/Users/dave/.espressif/v6.0.1/esp-idf/components/mbedtls/mbedtls/tf-psa-crypto/include -I/Users/dave/.espressif/v6.0.1/esp-idf/components/mbedtls/mbedtls/tf-psa-crypto/drivers/builtin/include -I/Users/dave/.espressif/v6.0.1/esp-idf/components/mbedtls/mbedtls/tf-psa-crypto/drivers/everest/include -I/Users/dave/.espressif/v6.0.1/esp-idf/components/mbedtls/mbedtls/tf-psa-crypto/drivers/p256-m -I/Users/dave/.espressif/v6.0.1/esp-idf/components/esp_timer/include @"/Users/dave/GitHub/esp32/esp32-altair-8800/build/toolchain/cflags" -fdiagnostics-color=always -ffunction-sections -fdata-sections -Wall -Werror -Wno-error=unused-function -Wno-error=unused-variable -Wno-error=unused-but-set-variable -Wno-error=deprecated-declarations -Wextra -Wno-error=extra -Wno-unused-parameter -Wno-sign-compare -Wno-enum-conversion -gdwarf-4 -ggdb -Og -fno-shrink-wrap -fmacro-prefix-map=/Users/dave/GitHub/esp32/esp32-altair-8800=. -fmacro-prefix-map=/Users/dave/.espressif/v6.0.1/esp-idf=/IDF -fstrict-volatile-bitfields -fno-jump-tables -fno-tree-switch-conversion -std=gnu23 -Wno-old-style-declaration -fzero-init-padding-bits=all -fno-malloc-dce -MD -MT esp-idf/esp_http_server/CMakeFiles/__idf_esp_http_server.dir/src/util/ctrl_sock.c.obj -MF esp-idf/esp_http_server/CMakeFiles/__idf_esp_http_server.dir/src/util/ctrl_sock.c.obj.d -o esp-idf/esp_http_server/CMakeFiles/__idf_esp_http_server.dir/src/util/ctrl_sock.c.obj -c /Users/dave/.espressif/v6.0.1/esp-idf/components/esp_http_server/src/util/ctrl_sock.c
xtensa-esp-elf-gcc: fatal error: /Users/dave/GitHub/esp32/esp32-altair-8800/build/specs/picolibc.specs: attempt to rename spec 'link' to already defined spec 'picolibc_link'
compilation terminated.
[15/1401] Building C object esp-idf/esp_http_server/CMakeFiles/__idf_esp_http_server.dir/src/httpd_uri.c.obj
FAILED: esp-idf/esp_http_server/CMakeFiles/__idf_esp_http_server.dir/src/httpd_uri.c.obj 
/Users/dave/.espressif/tools/xtensa-esp-elf/esp-15.2.0_20251204/xtensa-esp-elf/bin/xtensa-esp32s3-elf-gcc -DESP_PLATFORM -DESP_PSA_ITS_AVAILABLE -DFD_SETSIZE=96 -DIDF_VER=\"v6.0.1\" -DMBEDTLS_CONFIG_FILE=\"mbedtls/esp_config.h\" -DMBEDTLS_MAJOR_VERSION=4 -DSOC_MMU_PAGE_SIZE=CONFIG_MMU_PAGE_SIZE -DSOC_XTAL_FREQ_MHZ=CONFIG_XTAL_FREQ -DTF_PSA_CRYPTO_USER_CONFIG_FILE=\"mbedtls/esp_config.h\" -D_GLIBCXX_HAVE_POSIX_SEMAPHORE -D_GLIBCXX_USE_POSIX_SEMAPHORE -D_GNU_SOURCE -D_POSIX_READER_WRITER_LOCKS -I/Users/dave/GitHub/esp32/esp32-altair-8800/build/config -I/Users/dave/.espressif/v6.0.1/esp-idf/components/esp_http_server/include -I/Users/dave/.espressif/v6.0.1/esp-idf/components/esp_http_server/src/util -I/Users/dave/.espressif/v6.0.1/esp-idf/components/esp_http_server/src/port/esp32 -I/Users/dave/.espressif/v6.0.1/esp-idf/components/esp_libc/platform_include -I/Users/dave/.espressif/v6.0.1/esp-idf/components/freertos/config/include -I/Users/dave/.espressif/v6.0.1/esp-idf/components/freertos/config/include/freertos -I/Users/dave/.espressif/v6.0.1/esp-idf/components/freertos/config/xtensa/include -I/Users/dave/.espressif/v6.0.1/esp-idf/components/freertos/FreeRTOS-Kernel/include -I/Users/dave/.espressif/v6.0.1/esp-idf/components/freertos/FreeRTOS-Kernel/portable/xtensa/include -I/Users/dave/.espressif/v6.0.1/esp-idf/components/freertos/FreeRTOS-Kernel/portable/xtensa/include/freertos -I/Users/dave/.espressif/v6.0.1/esp-idf/components/freertos/esp_additions/include -I/Users/dave/.espressif/v6.0.1/esp-idf/components/esp_hw_support/include -I/Users/dave/.espressif/v6.0.1/esp-idf/components/esp_hw_support/include/soc -I/Users/dave/.espressif/v6.0.1/esp-idf/components/esp_hw_support/ldo/include -I/Users/dave/.espressif/v6.0.1/esp-idf/components/esp_hw_support/debug_probe/include -I/Users/dave/.espressif/v6.0.1/esp-idf/components/esp_hw_support/etm/include -I/Users/dave/.espressif/v6.0.1/esp-idf/components/esp_hw_support/mspi_timing_tuning/include -I/Users/dave/.espressif/v6.0.1/esp-idf/components/esp_hw_support/mspi_timing_tuning/tuning_scheme_impl/include -I/Users/dave/.espressif/v6.0.1/esp-idf/components/esp_hw_support/power_supply/include -I/Users/dave/.espressif/v6.0.1/esp-idf/components/esp_hw_support/modem/include -I/Users/dave/.espressif/v6.0.1/esp-idf/components/esp_hw_support/include/soc/esp32s3 -I/Users/dave/.espressif/v6.0.1/esp-idf/components/esp_hw_support/port/esp32s3/. -I/Users/dave/.espressif/v6.0.1/esp-idf/components/esp_hw_support/port/esp32s3/include -I/Users/dave/.espressif/v6.0.1/esp-idf/components/esp_hw_support/mspi_timing_tuning/port/esp32s3/. -I/Users/dave/.espressif/v6.0.1/esp-idf/components/esp_hw_support/mspi_timing_tuning/port/esp32s3/include -I/Users/dave/.espressif/v6.0.1/esp-idf/components/heap/include -I/Users/dave/.espressif/v6.0.1/esp-idf/components/heap/tlsf -I/Users/dave/.espressif/v6.0.1/esp-idf/components/log/include -I/Users/dave/.espressif/v6.0.1/esp-idf/components/soc/include -I/Users/dave/.espressif/v6.0.1/esp-idf/components/soc/esp32s3 -I/Users/dave/.espressif/v6.0.1/esp-idf/components/soc/esp32s3/include -I/Users/dave/.espressif/v6.0.1/esp-idf/components/soc/esp32s3/register -I/Users/dave/.espressif/v6.0.1/esp-idf/components/hal/platform_port/include -I/Users/dave/.espressif/v6.0.1/esp-idf/components/hal/esp32s3/include -I/Users/dave/.espressif/v6.0.1/esp-idf/components/hal/include -I/Users/dave/.espressif/v6.0.1/esp-idf/components/esp_rom/include -I/Users/dave/.espressif/v6.0.1/esp-idf/components/esp_rom/esp32s3/include -I/Users/dave/.espressif/v6.0.1/esp-idf/components/esp_rom/esp32s3/include/esp32s3 -I/Users/dave/.espressif/v6.0.1/esp-idf/components/esp_rom/esp32s3 -I/Users/dave/.espressif/v6.0.1/esp-idf/components/esp_common/include -I/Users/dave/.espressif/v6.0.1/esp-idf/components/esp_system/include -I/Users/dave/.espressif/v6.0.1/esp-idf/components/esp_system/port/soc -I/Users/dave/.espressif/v6.0.1/esp-idf/components/esp_system/port/include/private -I/Users/dave/.espressif/v6.0.1/esp-idf/components/esp_stdio/include -I/Users/dave/.espressif/v6.0.1/esp-idf/components/xtensa/esp32s3/include -I/Users/dave/.espressif/v6.0.1/esp-idf/components/xtensa/include -I/Users/dave/.espressif/v6.0.1/esp-idf/components/xtensa/deprecated_include -I/Users/dave/.espressif/v6.0.1/esp-idf/components/esp_hal_gpio/include -I/Users/dave/.espressif/v6.0.1/esp-idf/components/esp_hal_gpio/esp32s3/include -I/Users/dave/.espressif/v6.0.1/esp-idf/components/esp_hal_usb/include -I/Users/dave/.espressif/v6.0.1/esp-idf/components/esp_hal_usb/esp32s3/include -I/Users/dave/.espressif/v6.0.1/esp-idf/components/esp_hal_pmu/include -I/Users/dave/.espressif/v6.0.1/esp-idf/components/esp_hal_pmu/esp32s3/include -I/Users/dave/.espressif/v6.0.1/esp-idf/components/esp_hal_ana_conv/include -I/Users/dave/.espressif/v6.0.1/esp-idf/components/esp_hal_ana_conv/esp32s3/include -I/Users/dave/.espressif/v6.0.1/esp-idf/components/esp_hal_dma/include -I/Users/dave/.espressif/v6.0.1/esp-idf/components/esp_hal_dma/esp32s3/include -I/Users/dave/.espressif/v6.0.1/esp-idf/components/lwip/include -I/Users/dave/.espressif/v6.0.1/esp-idf/components/lwip/include/apps -I/Users/dave/.espressif/v6.0.1/esp-idf/components/lwip/lwip/src/include -I/Users/dave/.espressif/v6.0.1/esp-idf/components/lwip/port/include -I/Users/dave/.espressif/v6.0.1/esp-idf/components/lwip/port/freertos/include -I/Users/dave/.espressif/v6.0.1/esp-idf/components/lwip/port/esp32xx/include -I/Users/dave/.espressif/v6.0.1/esp-idf/components/lwip/port/esp32xx/include/arch -I/Users/dave/.espressif/v6.0.1/esp-idf/components/lwip/port/esp32xx/include/sys -I/Users/dave/.espressif/v6.0.1/esp-idf/components/http_parser -I/Users/dave/.espressif/v6.0.1/esp-idf/components/esp_event/include -I/Users/dave/.espressif/v6.0.1/esp-idf/components/mbedtls/port/include -I/Users/dave/.espressif/v6.0.1/esp-idf/components/mbedtls/mbedtls/include -I/Users/dave/.espressif/v6.0.1/esp-idf/components/mbedtls/mbedtls/library -I/Users/dave/.espressif/v6.0.1/esp-idf/components/mbedtls/mbedtls/tf-psa-crypto/core -I/Users/dave/.espressif/v6.0.1/esp-idf/components/mbedtls/mbedtls/tf-psa-crypto/drivers/builtin/src -I/Users/dave/.espressif/v6.0.1/esp-idf/components/mbedtls/esp_crt_bundle/include -I/Users/dave/.espressif/v6.0.1/esp-idf/components/mbedtls/port/psa_driver/include -I/Users/dave/.espressif/v6.0.1/esp-idf/components/esp_security/include -I/Users/dave/.espressif/v6.0.1/esp-idf/components/esp_hal_security/esp32s3/include -I/Users/dave/.espressif/v6.0.1/esp-idf/components/esp_hal_security/include -I/Users/dave/.espressif/v6.0.1/esp-idf/components/mbedtls/mbedtls/tf-psa-crypto/include -I/Users/dave/.espressif/v6.0.1/esp-idf/components/mbedtls/mbedtls/tf-psa-crypto/drivers/builtin/include -I/Users/dave/.espressif/v6.0.1/esp-idf/components/mbedtls/mbedtls/tf-psa-crypto/drivers/everest/include -I/Users/dave/.espressif/v6.0.1/esp-idf/components/mbedtls/mbedtls/tf-psa-crypto/drivers/p256-m -I/Users/dave/.espressif/v6.0.1/esp-idf/components/esp_timer/include @"/Users/dave/GitHub/esp32/esp32-altair-8800/build/toolchain/cflags" -fdiagnostics-color=always -ffunction-sections -fdata-sections -Wall -Werror -Wno-error=unused-function -Wno-error=unused-variable -Wno-error=unused-but-set-variable -Wno-error=deprecated-declarations -Wextra -Wno-error=extra -Wno-unused-parameter -Wno-sign-compare -Wno-enum-conversion -gdwarf-4 -ggdb -Og -fno-shrink-wrap -fmacro-prefix-map=/Users/dave/GitHub/esp32/esp32-altair-8800=. -fmacro-prefix-map=/Users/dave/.espressif/v6.0.1/esp-idf=/IDF -fstrict-volatile-bitfields -fno-jump-tables -fno-tree-switch-conversion -std=gnu23 -Wno-old-style-declaration -fzero-init-padding-bits=all -fno-malloc-dce -MD -MT esp-idf/esp_http_server/CMakeFiles/__idf_esp_http_server.dir/src/httpd_uri.c.obj -MF esp-idf/esp_http_server/CMakeFiles/__idf_esp_http_server.dir/src/httpd_uri.c.obj.d -o esp-idf/esp_http_server/CMakeFiles/__idf_esp_http_server.dir/src/httpd_uri.c.obj -c /Users/dave/.espressif/v6.0.1/esp-idf/components/esp_http_server/src/httpd_uri.c
xtensa-esp-elf-gcc: fatal error: /Users/dave/GitHub/esp32/esp32-altair-8800/build/specs/picolibc.specs: attempt to rename spec 'link' to already defined spec 'picolibc_link'
compilation terminated.
[16/1401] Building C object esp-idf/esp_http_client/CMakeFiles/__idf_esp_http_client.dir/esp_http_client.c.obj
FAILED: esp-idf/esp_http_client/CMakeFiles/__idf_esp_http_client.dir/esp_http_client.c.obj 
/Users/dave/.espressif/tools/xtensa-esp-elf/esp-15.2.0_20251204/xtensa-esp-elf/bin/xtensa-esp32s3-elf-gcc -DESP_PLATFORM -DESP_PSA_ITS_AVAILABLE -DFD_SETSIZE=96 -DIDF_VER=\"v6.0.1\" -DMBEDTLS_CONFIG_FILE=\"mbedtls/esp_config.h\" -DMBEDTLS_MAJOR_VERSION=4 -DSOC_MMU_PAGE_SIZE=CONFIG_MMU_PAGE_SIZE -DSOC_XTAL_FREQ_MHZ=CONFIG_XTAL_FREQ -DTF_PSA_CRYPTO_USER_CONFIG_FILE=\"mbedtls/esp_config.h\" -D_GLIBCXX_HAVE_POSIX_SEMAPHORE -D_GLIBCXX_USE_POSIX_SEMAPHORE -D_GNU_SOURCE -D_POSIX_READER_WRITER_LOCKS -I/Users/dave/GitHub/esp32/esp32-altair-8800/build/config -I/Users/dave/.espressif/v6.0.1/esp-idf/components/esp_http_client/include -I/Users/dave/.espressif/v6.0.1/esp-idf/components/esp_http_client/lib/include -I/Users/dave/.espressif/v6.0.1/esp-idf/components/esp_libc/platform_include -I/Users/dave/.espressif/v6.0.1/esp-idf/components/freertos/config/include -I/Users/dave/.espressif/v6.0.1/esp-idf/components/freertos/config/include/freertos -I/Users/dave/.espressif/v6.0.1/esp-idf/components/freertos/config/xtensa/include -I/Users/dave/.espressif/v6.0.1/esp-idf/components/freertos/FreeRTOS-Kernel/include -I/Users/dave/.espressif/v6.0.1/esp-idf/components/freertos/FreeRTOS-Kernel/portable/xtensa/include -I/Users/dave/.espressif/v6.0.1/esp-idf/components/freertos/FreeRTOS-Kernel/portable/xtensa/include/freertos -I/Users/dave/.espressif/v6.0.1/esp-idf/components/freertos/esp_additions/include -I/Users/dave/.espressif/v6.0.1/esp-idf/components/esp_hw_support/include -I/Users/dave/.espressif/v6.0.1/esp-idf/components/esp_hw_support/include/soc -I/Users/dave/.espressif/v6.0.1/esp-idf/components/esp_hw_support/ldo/include -I/Users/dave/.espressif/v6.0.1/esp-idf/components/esp_hw_support/debug_probe/include -I/Users/dave/.espressif/v6.0.1/esp-idf/components/esp_hw_support/etm/include -I/Users/dave/.espressif/v6.0.1/esp-idf/components/esp_hw_support/mspi_timing_tuning/include -I/Users/dave/.espressif/v6.0.1/esp-idf/components/esp_hw_support/mspi_timing_tuning/tuning_scheme_impl/include -I/Users/dave/.espressif/v6.0.1/esp-idf/components/esp_hw_support/power_supply/include -I/Users/dave/.espressif/v6.0.1/esp-idf/components/esp_hw_support/modem/include -I/Users/dave/.espressif/v6.0.1/esp-idf/components/esp_hw_support/include/soc/esp32s3 -I/Users/dave/.espressif/v6.0.1/esp-idf/components/esp_hw_support/port/esp32s3/. -I/Users/dave/.espressif/v6.0.1/esp-idf/components/esp_hw_support/port/esp32s3/include -I/Users/dave/.espressif/v6.0.1/esp-idf/components/esp_hw_support/mspi_timing_tuning/port/esp32s3/. -I/Users/dave/.espressif/v6.0.1/esp-idf/components/esp_hw_support/mspi_timing_tuning/port/esp32s3/include -I/Users/dave/.espressif/v6.0.1/esp-idf/components/heap/include -I/Users/dave/.espressif/v6.0.1/esp-idf/components/heap/tlsf -I/Users/dave/.espressif/v6.0.1/esp-idf/components/log/include -I/Users/dave/.espressif/v6.0.1/esp-idf/components/soc/include -I/Users/dave/.espressif/v6.0.1/esp-idf/components/soc/esp32s3 -I/Users/dave/.espressif/v6.0.1/esp-idf/components/soc/esp32s3/include -I/Users/dave/.espressif/v6.0.1/esp-idf/components/soc/esp32s3/register -I/Users/dave/.espressif/v6.0.1/esp-idf/components/hal/platform_port/include -I/Users/dave/.espressif/v6.0.1/esp-idf/components/hal/esp32s3/include -I/Users/dave/.espressif/v6.0.1/esp-idf/components/hal/include -I/Users/dave/.espressif/v6.0.1/esp-idf/components/esp_rom/include -I/Users/dave/.espressif/v6.0.1/esp-idf/components/esp_rom/esp32s3/include -I/Users/dave/.espressif/v6.0.1/esp-idf/components/esp_rom/esp32s3/include/esp32s3 -I/Users/dave/.espressif/v6.0.1/esp-idf/components/esp_rom/esp32s3 -I/Users/dave/.espressif/v6.0.1/esp-idf/components/esp_common/include -I/Users/dave/.espressif/v6.0.1/esp-idf/components/esp_system/include -I/Users/dave/.espressif/v6.0.1/esp-idf/components/esp_system/port/soc -I/Users/dave/.espressif/v6.0.1/esp-idf/components/esp_system/port/include/private -I/Users/dave/.espressif/v6.0.1/esp-idf/components/esp_stdio/include -I/Users/dave/.espressif/v6.0.1/esp-idf/components/xtensa/esp32s3/include -I/Users/dave/.espressif/v6.0.1/esp-idf/components/xtensa/include -I/Users/dave/.espressif/v6.0.1/esp-idf/components/xtensa/deprecated_include -I/Users/dave/.espressif/v6.0.1/esp-idf/components/esp_hal_gpio/include -I/Users/dave/.espressif/v6.0.1/esp-idf/components/esp_hal_gpio/esp32s3/include -I/Users/dave/.espressif/v6.0.1/esp-idf/components/esp_hal_usb/include -I/Users/dave/.espressif/v6.0.1/esp-idf/components/esp_hal_usb/esp32s3/include -I/Users/dave/.espressif/v6.0.1/esp-idf/components/esp_hal_pmu/include -I/Users/dave/.espressif/v6.0.1/esp-idf/components/esp_hal_pmu/esp32s3/include -I/Users/dave/.espressif/v6.0.1/esp-idf/components/esp_hal_ana_conv/include -I/Users/dave/.espressif/v6.0.1/esp-idf/components/esp_hal_ana_conv/esp32s3/include -I/Users/dave/.espressif/v6.0.1/esp-idf/components/esp_hal_dma/include -I/Users/dave/.espressif/v6.0.1/esp-idf/components/esp_hal_dma/esp32s3/include -I/Users/dave/.espressif/v6.0.1/esp-idf/components/lwip/include -I/Users/dave/.espressif/v6.0.1/esp-idf/components/lwip/include/apps -I/Users/dave/.espressif/v6.0.1/esp-idf/components/lwip/lwip/src/include -I/Users/dave/.espressif/v6.0.1/esp-idf/components/lwip/port/include -I/Users/dave/.espressif/v6.0.1/esp-idf/components/lwip/port/freertos/include -I/Users/dave/.espressif/v6.0.1/esp-idf/components/lwip/port/esp32xx/include -I/Users/dave/.espressif/v6.0.1/esp-idf/components/lwip/port/esp32xx/include/arch -I/Users/dave/.espressif/v6.0.1/esp-idf/components/lwip/port/esp32xx/include/sys -I/Users/dave/.espressif/v6.0.1/esp-idf/components/esp_event/include -I/Users/dave/.espressif/v6.0.1/esp-idf/components/tcp_transport/include -I/Users/dave/.espressif/v6.0.1/esp-idf/components/esp-tls -I/Users/dave/.espressif/v6.0.1/esp-idf/components/esp-tls/esp-tls-crypto -I/Users/dave/.espressif/v6.0.1/esp-idf/components/mbedtls/port/include -I/Users/dave/.espressif/v6.0.1/esp-idf/components/mbedtls/mbedtls/include -I/Users/dave/.espressif/v6.0.1/esp-idf/components/mbedtls/mbedtls/library -I/Users/dave/.espressif/v6.0.1/esp-idf/components/mbedtls/mbedtls/tf-psa-crypto/core -I/Users/dave/.espressif/v6.0.1/esp-idf/components/mbedtls/mbedtls/tf-psa-crypto/drivers/builtin/src -I/Users/dave/.espressif/v6.0.1/esp-idf/components/mbedtls/esp_crt_bundle/include -I/Users/dave/.espressif/v6.0.1/esp-idf/components/mbedtls/port/psa_driver/include -I/Users/dave/.espressif/v6.0.1/esp-idf/components/esp_security/include -I/Users/dave/.espressif/v6.0.1/esp-idf/components/esp_hal_security/esp32s3/include -I/Users/dave/.espressif/v6.0.1/esp-idf/components/esp_hal_security/include -I/Users/dave/.espressif/v6.0.1/esp-idf/components/mbedtls/mbedtls/tf-psa-crypto/include -I/Users/dave/.espressif/v6.0.1/esp-idf/components/mbedtls/mbedtls/tf-psa-crypto/drivers/builtin/include -I/Users/dave/.espressif/v6.0.1/esp-idf/components/mbedtls/mbedtls/tf-psa-crypto/drivers/everest/include -I/Users/dave/.espressif/v6.0.1/esp-idf/components/mbedtls/mbedtls/tf-psa-crypto/drivers/p256-m -I/Users/dave/.espressif/v6.0.1/esp-idf/components/esp_timer/include -I/Users/dave/.espressif/v6.0.1/esp-idf/components/http_parser @"/Users/dave/GitHub/esp32/esp32-altair-8800/build/toolchain/cflags" -fdiagnostics-color=always -ffunction-sections -fdata-sections -Wall -Werror -Wno-error=unused-function -Wno-error=unused-variable -Wno-error=unused-but-set-variable -Wno-error=deprecated-declarations -Wextra -Wno-error=extra -Wno-unused-parameter -Wno-sign-compare -Wno-enum-conversion -gdwarf-4 -ggdb -Og -fno-shrink-wrap -fmacro-prefix-map=/Users/dave/GitHub/esp32/esp32-altair-8800=. -fmacro-prefix-map=/Users/dave/.espressif/v6.0.1/esp-idf=/IDF -fstrict-volatile-bitfields -fno-jump-tables -fno-tree-switch-conversion -std=gnu23 -Wno-old-style-declaration -fzero-init-padding-bits=all -fno-malloc-dce -MD -MT esp-idf/esp_http_client/CMakeFiles/__idf_esp_http_client.dir/esp_http_client.c.obj -MF esp-idf/esp_http_client/CMakeFiles/__idf_esp_http_client.dir/esp_http_client.c.obj.d -o esp-idf/esp_http_client/CMakeFiles/__idf_esp_http_client.dir/esp_http_client.c.obj -c /Users/dave/.espressif/v6.0.1/esp-idf/components/esp_http_client/esp_http_client.c
xtensa-esp-elf-gcc: fatal error: /Users/dave/GitHub/esp32/esp32-altair-8800/build/specs/picolibc.specs: attempt to rename spec 'link' to already defined spec 'picolibc_link'
compilation terminated.
[17/1401] Building C object esp-idf/esp_http_client/CMakeFiles/__idf_esp_http_client.dir/lib/http_auth.c.obj
FAILED: esp-idf/esp_http_client/CMakeFiles/__idf_esp_http_client.dir/lib/http_auth.c.obj 
/Users/dave/.espressif/tools/xtensa-esp-elf/esp-15.2.0_20251204/xtensa-esp-elf/bin/xtensa-esp32s3-elf-gcc -DESP_PLATFORM -DESP_PSA_ITS_AVAILABLE -DFD_SETSIZE=96 -DIDF_VER=\"v6.0.1\" -DMBEDTLS_CONFIG_FILE=\"mbedtls/esp_config.h\" -DMBEDTLS_MAJOR_VERSION=4 -DSOC_MMU_PAGE_SIZE=CONFIG_MMU_PAGE_SIZE -DSOC_XTAL_FREQ_MHZ=CONFIG_XTAL_FREQ -DTF_PSA_CRYPTO_USER_CONFIG_FILE=\"mbedtls/esp_config.h\" -D_GLIBCXX_HAVE_POSIX_SEMAPHORE -D_GLIBCXX_USE_POSIX_SEMAPHORE -D_GNU_SOURCE -D_POSIX_READER_WRITER_LOCKS -I/Users/dave/GitHub/esp32/esp32-altair-8800/build/config -I/Users/dave/.espressif/v6.0.1/esp-idf/components/esp_http_client/include -I/Users/dave/.espressif/v6.0.1/esp-idf/components/esp_http_client/lib/include -I/Users/dave/.espressif/v6.0.1/esp-idf/components/esp_libc/platform_include -I/Users/dave/.espressif/v6.0.1/esp-idf/components/freertos/config/include -I/Users/dave/.espressif/v6.0.1/esp-idf/components/freertos/config/include/freertos -I/Users/dave/.espressif/v6.0.1/esp-idf/components/freertos/config/xtensa/include -I/Users/dave/.espressif/v6.0.1/esp-idf/components/freertos/FreeRTOS-Kernel/include -I/Users/dave/.espressif/v6.0.1/esp-idf/components/freertos/FreeRTOS-Kernel/portable/xtensa/include -I/Users/dave/.espressif/v6.0.1/esp-idf/components/freertos/FreeRTOS-Kernel/portable/xtensa/include/freertos -I/Users/dave/.espressif/v6.0.1/esp-idf/components/freertos/esp_additions/include -I/Users/dave/.espressif/v6.0.1/esp-idf/components/esp_hw_support/include -I/Users/dave/.espressif/v6.0.1/esp-idf/components/esp_hw_support/include/soc -I/Users/dave/.espressif/v6.0.1/esp-idf/components/esp_hw_support/ldo/include -I/Users/dave/.espressif/v6.0.1/esp-idf/components/esp_hw_support/debug_probe/include -I/Users/dave/.espressif/v6.0.1/esp-idf/components/esp_hw_support/etm/include -I/Users/dave/.espressif/v6.0.1/esp-idf/components/esp_hw_support/mspi_timing_tuning/include -I/Users/dave/.espressif/v6.0.1/esp-idf/components/esp_hw_support/mspi_timing_tuning/tuning_scheme_impl/include -I/Users/dave/.espressif/v6.0.1/esp-idf/components/esp_hw_support/power_supply/include -I/Users/dave/.espressif/v6.0.1/esp-idf/components/esp_hw_support/modem/include -I/Users/dave/.espressif/v6.0.1/esp-idf/components/esp_hw_support/include/soc/esp32s3 -I/Users/dave/.espressif/v6.0.1/esp-idf/components/esp_hw_support/port/esp32s3/. -I/Users/dave/.espressif/v6.0.1/esp-idf/components/esp_hw_support/port/esp32s3/include -I/Users/dave/.espressif/v6.0.1/esp-idf/components/esp_hw_support/mspi_timing_tuning/port/esp32s3/. -I/Users/dave/.espressif/v6.0.1/esp-idf/components/esp_hw_support/mspi_timing_tuning/port/esp32s3/include -I/Users/dave/.espressif/v6.0.1/esp-idf/components/heap/include -I/Users/dave/.espressif/v6.0.1/esp-idf/components/heap/tlsf -I/Users/dave/.espressif/v6.0.1/esp-idf/components/log/include -I/Users/dave/.espressif/v6.0.1/esp-idf/components/soc/include -I/Users/dave/.espressif/v6.0.1/esp-idf/components/soc/esp32s3 -I/Users/dave/.espressif/v6.0.1/esp-idf/components/soc/esp32s3/include -I/Users/dave/.espressif/v6.0.1/esp-idf/components/soc/esp32s3/register -I/Users/dave/.espressif/v6.0.1/esp-idf/components/hal/platform_port/include -I/Users/dave/.espressif/v6.0.1/esp-idf/components/hal/esp32s3/include -I/Users/dave/.espressif/v6.0.1/esp-idf/components/hal/include -I/Users/dave/.espressif/v6.0.1/esp-idf/components/esp_rom/include -I/Users/dave/.espressif/v6.0.1/esp-idf/components/esp_rom/esp32s3/include -I/Users/dave/.espressif/v6.0.1/esp-idf/components/esp_rom/esp32s3/include/esp32s3 -I/Users/dave/.espressif/v6.0.1/esp-idf/components/esp_rom/esp32s3 -I/Users/dave/.espressif/v6.0.1/esp-idf/components/esp_common/include -I/Users/dave/.espressif/v6.0.1/esp-idf/components/esp_system/include -I/Users/dave/.espressif/v6.0.1/esp-idf/components/esp_system/port/soc -I/Users/dave/.espressif/v6.0.1/esp-idf/components/esp_system/port/include/private -I/Users/dave/.espressif/v6.0.1/esp-idf/components/esp_stdio/include -I/Users/dave/.espressif/v6.0.1/esp-idf/components/xtensa/esp32s3/include -I/Users/dave/.espressif/v6.0.1/esp-idf/components/xtensa/include -I/Users/dave/.espressif/v6.0.1/esp-idf/components/xtensa/deprecated_include -I/Users/dave/.espressif/v6.0.1/esp-idf/components/esp_hal_gpio/include -I/Users/dave/.espressif/v6.0.1/esp-idf/components/esp_hal_gpio/esp32s3/include -I/Users/dave/.espressif/v6.0.1/esp-idf/components/esp_hal_usb/include -I/Users/dave/.espressif/v6.0.1/esp-idf/components/esp_hal_usb/esp32s3/include -I/Users/dave/.espressif/v6.0.1/esp-idf/components/esp_hal_pmu/include -I/Users/dave/.espressif/v6.0.1/esp-idf/components/esp_hal_pmu/esp32s3/include -I/Users/dave/.espressif/v6.0.1/esp-idf/components/esp_hal_ana_conv/include -I/Users/dave/.espressif/v6.0.1/esp-idf/components/esp_hal_ana_conv/esp32s3/include -I/Users/dave/.espressif/v6.0.1/esp-idf/components/esp_hal_dma/include -I/Users/dave/.espressif/v6.0.1/esp-idf/components/esp_hal_dma/esp32s3/include -I/Users/dave/.espressif/v6.0.1/esp-idf/components/lwip/include -I/Users/dave/.espressif/v6.0.1/esp-idf/components/lwip/include/apps -I/Users/dave/.espressif/v6.0.1/esp-idf/components/lwip/lwip/src/include -I/Users/dave/.espressif/v6.0.1/esp-idf/components/lwip/port/include -I/Users/dave/.espressif/v6.0.1/esp-idf/components/lwip/port/freertos/include -I/Users/dave/.espressif/v6.0.1/esp-idf/components/lwip/port/esp32xx/include -I/Users/dave/.espressif/v6.0.1/esp-idf/components/lwip/port/esp32xx/include/arch -I/Users/dave/.espressif/v6.0.1/esp-idf/components/lwip/port/esp32xx/include/sys -I/Users/dave/.espressif/v6.0.1/esp-idf/components/esp_event/include -I/Users/dave/.espressif/v6.0.1/esp-idf/components/tcp_transport/include -I/Users/dave/.espressif/v6.0.1/esp-idf/components/esp-tls -I/Users/dave/.espressif/v6.0.1/esp-idf/components/esp-tls/esp-tls-crypto -I/Users/dave/.espressif/v6.0.1/esp-idf/components/mbedtls/port/include -I/Users/dave/.espressif/v6.0.1/esp-idf/components/mbedtls/mbedtls/include -I/Users/dave/.espressif/v6.0.1/esp-idf/components/mbedtls/mbedtls/library -I/Users/dave/.espressif/v6.0.1/esp-idf/components/mbedtls/mbedtls/tf-psa-crypto/core -I/Users/dave/.espressif/v6.0.1/esp-idf/components/mbedtls/mbedtls/tf-psa-crypto/drivers/builtin/src -I/Users/dave/.espressif/v6.0.1/esp-idf/components/mbedtls/esp_crt_bundle/include -I/Users/dave/.espressif/v6.0.1/esp-idf/components/mbedtls/port/psa_driver/include -I/Users/dave/.espressif/v6.0.1/esp-idf/components/esp_security/include -I/Users/dave/.espressif/v6.0.1/esp-idf/components/esp_hal_security/esp32s3/include -I/Users/dave/.espressif/v6.0.1/esp-idf/components/esp_hal_security/include -I/Users/dave/.espressif/v6.0.1/esp-idf/components/mbedtls/mbedtls/tf-psa-crypto/include -I/Users/dave/.espressif/v6.0.1/esp-idf/components/mbedtls/mbedtls/tf-psa-crypto/drivers/builtin/include -I/Users/dave/.espressif/v6.0.1/esp-idf/components/mbedtls/mbedtls/tf-psa-crypto/drivers/everest/include -I/Users/dave/.espressif/v6.0.1/esp-idf/components/mbedtls/mbedtls/tf-psa-crypto/drivers/p256-m -I/Users/dave/.espressif/v6.0.1/esp-idf/components/esp_timer/include -I/Users/dave/.espressif/v6.0.1/esp-idf/components/http_parser @"/Users/dave/GitHub/esp32/esp32-altair-8800/build/toolchain/cflags" -fdiagnostics-color=always -ffunction-sections -fdata-sections -Wall -Werror -Wno-error=unused-function -Wno-error=unused-variable -Wno-error=unused-but-set-variable -Wno-error=deprecated-declarations -Wextra -Wno-error=extra -Wno-unused-parameter -Wno-sign-compare -Wno-enum-conversion -gdwarf-4 -ggdb -Og -fno-shrink-wrap -fmacro-prefix-map=/Users/dave/GitHub/esp32/esp32-altair-8800=. -fmacro-prefix-map=/Users/dave/.espressif/v6.0.1/esp-idf=/IDF -fstrict-volatile-bitfields -fno-jump-tables -fno-tree-switch-conversion -std=gnu23 -Wno-old-style-declaration -fzero-init-padding-bits=all -fno-malloc-dce -MD -MT esp-idf/esp_http_client/CMakeFiles/__idf_esp_http_client.dir/lib/http_auth.c.obj -MF esp-idf/esp_http_client/CMakeFiles/__idf_esp_http_client.dir/lib/http_auth.c.obj.d -o esp-idf/esp_http_client/CMakeFiles/__idf_esp_http_client.dir/lib/http_auth.c.obj -c /Users/dave/.espressif/v6.0.1/esp-idf/components/esp_http_client/lib/http_auth.c
xtensa-esp-elf-gcc: fatal error: /Users/dave/GitHub/esp32/esp32-altair-8800/build/specs/picolibc.specs: attempt to rename spec 'link' to already defined spec 'picolibc_link'
compilation terminated.
[18/1401] Building C object esp-idf/esp_http_client/CMakeFiles/__idf_esp_http_client.dir/lib/http_header.c.obj
FAILED: esp-idf/esp_http_client/CMakeFiles/__idf_esp_http_client.dir/lib/http_header.c.obj 
/Users/dave/.espressif/tools/xtensa-esp-elf/esp-15.2.0_20251204/xtensa-esp-elf/bin/xtensa-esp32s3-elf-gcc -DESP_PLATFORM -DESP_PSA_ITS_AVAILABLE -DFD_SETSIZE=96 -DIDF_VER=\"v6.0.1\" -DMBEDTLS_CONFIG_FILE=\"mbedtls/esp_config.h\" -DMBEDTLS_MAJOR_VERSION=4 -DSOC_MMU_PAGE_SIZE=CONFIG_MMU_PAGE_SIZE -DSOC_XTAL_FREQ_MHZ=CONFIG_XTAL_FREQ -DTF_PSA_CRYPTO_USER_CONFIG_FILE=\"mbedtls/esp_config.h\" -D_GLIBCXX_HAVE_POSIX_SEMAPHORE -D_GLIBCXX_USE_POSIX_SEMAPHORE -D_GNU_SOURCE -D_POSIX_READER_WRITER_LOCKS -I/Users/dave/GitHub/esp32/esp32-altair-8800/build/config -I/Users/dave/.espressif/v6.0.1/esp-idf/components/esp_http_client/include -I/Users/dave/.espressif/v6.0.1/esp-idf/components/esp_http_client/lib/include -I/Users/dave/.espressif/v6.0.1/esp-idf/components/esp_libc/platform_include -I/Users/dave/.espressif/v6.0.1/esp-idf/components/freertos/config/include -I/Users/dave/.espressif/v6.0.1/esp-idf/components/freertos/config/include/freertos -I/Users/dave/.espressif/v6.0.1/esp-idf/components/freertos/config/xtensa/include -I/Users/dave/.espressif/v6.0.1/esp-idf/components/freertos/FreeRTOS-Kernel/include -I/Users/dave/.espressif/v6.0.1/esp-idf/components/freertos/FreeRTOS-Kernel/portable/xtensa/include -I/Users/dave/.espressif/v6.0.1/esp-idf/components/freertos/FreeRTOS-Kernel/portable/xtensa/include/freertos -I/Users/dave/.espressif/v6.0.1/esp-idf/components/freertos/esp_additions/include -I/Users/dave/.espressif/v6.0.1/esp-idf/components/esp_hw_support/include -I/Users/dave/.espressif/v6.0.1/esp-idf/components/esp_hw_support/include/soc -I/Users/dave/.espressif/v6.0.1/esp-idf/components/esp_hw_support/ldo/include -I/Users/dave/.espressif/v6.0.1/esp-idf/components/esp_hw_support/debug_probe/include -I/Users/dave/.espressif/v6.0.1/esp-idf/components/esp_hw_support/etm/include -I/Users/dave/.espressif/v6.0.1/esp-idf/components/esp_hw_support/mspi_timing_tuning/include -I/Users/dave/.espressif/v6.0.1/esp-idf/components/esp_hw_support/mspi_timing_tuning/tuning_scheme_impl/include -I/Users/dave/.espressif/v6.0.1/esp-idf/components/esp_hw_support/power_supply/include -I/Users/dave/.espressif/v6.0.1/esp-idf/components/esp_hw_support/modem/include -I/Users/dave/.espressif/v6.0.1/esp-idf/components/esp_hw_support/include/soc/esp32s3 -I/Users/dave/.espressif/v6.0.1/esp-idf/components/esp_hw_support/port/esp32s3/. -I/Users/dave/.espressif/v6.0.1/esp-idf/components/esp_hw_support/port/esp32s3/include -I/Users/dave/.espressif/v6.0.1/esp-idf/components/esp_hw_support/mspi_timing_tuning/port/esp32s3/. -I/Users/dave/.espressif/v6.0.1/esp-idf/components/esp_hw_support/mspi_timing_tuning/port/esp32s3/include -I/Users/dave/.espressif/v6.0.1/esp-idf/components/heap/include -I/Users/dave/.espressif/v6.0.1/esp-idf/components/heap/tlsf -I/Users/dave/.espressif/v6.0.1/esp-idf/components/log/include -I/Users/dave/.espressif/v6.0.1/esp-idf/components/soc/include -I/Users/dave/.espressif/v6.0.1/esp-idf/components/soc/esp32s3 -I/Users/dave/.espressif/v6.0.1/esp-idf/components/soc/esp32s3/include -I/Users/dave/.espressif/v6.0.1/esp-idf/components/soc/esp32s3/register -I/Users/dave/.espressif/v6.0.1/esp-idf/components/hal/platform_port/include -I/Users/dave/.espressif/v6.0.1/esp-idf/components/hal/esp32s3/include -I/Users/dave/.espressif/v6.0.1/esp-idf/components/hal/include -I/Users/dave/.espressif/v6.0.1/esp-idf/components/esp_rom/include -I/Users/dave/.espressif/v6.0.1/esp-idf/components/esp_rom/esp32s3/include -I/Users/dave/.espressif/v6.0.1/esp-idf/components/esp_rom/esp32s3/include/esp32s3 -I/Users/dave/.espressif/v6.0.1/esp-idf/components/esp_rom/esp32s3 -I/Users/dave/.espressif/v6.0.1/esp-idf/components/esp_common/include -I/Users/dave/.espressif/v6.0.1/esp-idf/components/esp_system/include -I/Users/dave/.espressif/v6.0.1/esp-idf/components/esp_system/port/soc -I/Users/dave/.espressif/v6.0.1/esp-idf/components/esp_system/port/include/private -I/Users/dave/.espressif/v6.0.1/esp-idf/components/esp_stdio/include -I/Users/dave/.espressif/v6.0.1/esp-idf/components/xtensa/esp32s3/include -I/Users/dave/.espressif/v6.0.1/esp-idf/components/xtensa/include -I/Users/dave/.espressif/v6.0.1/esp-idf/components/xtensa/deprecated_include -I/Users/dave/.espressif/v6.0.1/esp-idf/components/esp_hal_gpio/include -I/Users/dave/.espressif/v6.0.1/esp-idf/components/esp_hal_gpio/esp32s3/include -I/Users/dave/.espressif/v6.0.1/esp-idf/components/esp_hal_usb/include -I/Users/dave/.espressif/v6.0.1/esp-idf/components/esp_hal_usb/esp32s3/include -I/Users/dave/.espressif/v6.0.1/esp-idf/components/esp_hal_pmu/include -I/Users/dave/.espressif/v6.0.1/esp-idf/components/esp_hal_pmu/esp32s3/include -I/Users/dave/.espressif/v6.0.1/esp-idf/components/esp_hal_ana_conv/include -I/Users/dave/.espressif/v6.0.1/esp-idf/components/esp_hal_ana_conv/esp32s3/include -I/Users/dave/.espressif/v6.0.1/esp-idf/components/esp_hal_dma/include -I/Users/dave/.espressif/v6.0.1/esp-idf/components/esp_hal_dma/esp32s3/include -I/Users/dave/.espressif/v6.0.1/esp-idf/components/lwip/include -I/Users/dave/.espressif/v6.0.1/esp-idf/components/lwip/include/apps -I/Users/dave/.espressif/v6.0.1/esp-idf/components/lwip/lwip/src/include -I/Users/dave/.espressif/v6.0.1/esp-idf/components/lwip/port/include -I/Users/dave/.espressif/v6.0.1/esp-idf/components/lwip/port/freertos/include -I/Users/dave/.espressif/v6.0.1/esp-idf/components/lwip/port/esp32xx/include -I/Users/dave/.espressif/v6.0.1/esp-idf/components/lwip/port/esp32xx/include/arch -I/Users/dave/.espressif/v6.0.1/esp-idf/components/lwip/port/esp32xx/include/sys -I/Users/dave/.espressif/v6.0.1/esp-idf/components/esp_event/include -I/Users/dave/.espressif/v6.0.1/esp-idf/components/tcp_transport/include -I/Users/dave/.espressif/v6.0.1/esp-idf/components/esp-tls -I/Users/dave/.espressif/v6.0.1/esp-idf/components/esp-tls/esp-tls-crypto -I/Users/dave/.espressif/v6.0.1/esp-idf/components/mbedtls/port/include -I/Users/dave/.espressif/v6.0.1/esp-idf/components/mbedtls/mbedtls/include -I/Users/dave/.espressif/v6.0.1/esp-idf/components/mbedtls/mbedtls/library -I/Users/dave/.espressif/v6.0.1/esp-idf/components/mbedtls/mbedtls/tf-psa-crypto/core -I/Users/dave/.espressif/v6.0.1/esp-idf/components/mbedtls/mbedtls/tf-psa-crypto/drivers/builtin/src -I/Users/dave/.espressif/v6.0.1/esp-idf/components/mbedtls/esp_crt_bundle/include -I/Users/dave/.espressif/v6.0.1/esp-idf/components/mbedtls/port/psa_driver/include -I/Users/dave/.espressif/v6.0.1/esp-idf/components/esp_security/include -I/Users/dave/.espressif/v6.0.1/esp-idf/components/esp_hal_security/esp32s3/include -I/Users/dave/.espressif/v6.0.1/esp-idf/components/esp_hal_security/include -I/Users/dave/.espressif/v6.0.1/esp-idf/components/mbedtls/mbedtls/tf-psa-crypto/include -I/Users/dave/.espressif/v6.0.1/esp-idf/components/mbedtls/mbedtls/tf-psa-crypto/drivers/builtin/include -I/Users/dave/.espressif/v6.0.1/esp-idf/components/mbedtls/mbedtls/tf-psa-crypto/drivers/everest/include -I/Users/dave/.espressif/v6.0.1/esp-idf/components/mbedtls/mbedtls/tf-psa-crypto/drivers/p256-m -I/Users/dave/.espressif/v6.0.1/esp-idf/components/esp_timer/include -I/Users/dave/.espressif/v6.0.1/esp-idf/components/http_parser @"/Users/dave/GitHub/esp32/esp32-altair-8800/build/toolchain/cflags" -fdiagnostics-color=always -ffunction-sections -fdata-sections -Wall -Werror -Wno-error=unused-function -Wno-error=unused-variable -Wno-error=unused-but-set-variable -Wno-error=deprecated-declarations -Wextra -Wno-error=extra -Wno-unused-parameter -Wno-sign-compare -Wno-enum-conversion -gdwarf-4 -ggdb -Og -fno-shrink-wrap -fmacro-prefix-map=/Users/dave/GitHub/esp32/esp32-altair-8800=. -fmacro-prefix-map=/Users/dave/.espressif/v6.0.1/esp-idf=/IDF -fstrict-volatile-bitfields -fno-jump-tables -fno-tree-switch-conversion -std=gnu23 -Wno-old-style-declaration -fzero-init-padding-bits=all -fno-malloc-dce -MD -MT esp-idf/esp_http_client/CMakeFiles/__idf_esp_http_client.dir/lib/http_header.c.obj -MF esp-idf/esp_http_client/CMakeFiles/__idf_esp_http_client.dir/lib/http_header.c.obj.d -o esp-idf/esp_http_client/CMakeFiles/__idf_esp_http_client.dir/lib/http_header.c.obj -c /Users/dave/.espressif/v6.0.1/esp-idf/components/esp_http_client/lib/http_header.c
xtensa-esp-elf-gcc: fatal error: /Users/dave/GitHub/esp32/esp32-altair-8800/build/specs/picolibc.specs: attempt to rename spec 'link' to already defined spec 'picolibc_link'
compilation terminated.
[19/1401] Building C object esp-idf/esp_http_client/CMakeFiles/__idf_esp_http_client.dir/lib/http_utils.c.obj
FAILED: esp-idf/esp_http_client/CMakeFiles/__idf_esp_http_client.dir/lib/http_utils.c.obj 
/Users/dave/.espressif/tools/xtensa-esp-elf/esp-15.2.0_20251204/xtensa-esp-elf/bin/xtensa-esp32s3-elf-gcc -DESP_PLATFORM -DESP_PSA_ITS_AVAILABLE -DFD_SETSIZE=96 -DIDF_VER=\"v6.0.1\" -DMBEDTLS_CONFIG_FILE=\"mbedtls/esp_config.h\" -DMBEDTLS_MAJOR_VERSION=4 -DSOC_MMU_PAGE_SIZE=CONFIG_MMU_PAGE_SIZE -DSOC_XTAL_FREQ_MHZ=CONFIG_XTAL_FREQ -DTF_PSA_CRYPTO_USER_CONFIG_FILE=\"mbedtls/esp_config.h\" -D_GLIBCXX_HAVE_POSIX_SEMAPHORE -D_GLIBCXX_USE_POSIX_SEMAPHORE -D_GNU_SOURCE -D_POSIX_READER_WRITER_LOCKS -I/Users/dave/GitHub/esp32/esp32-altair-8800/build/config -I/Users/dave/.espressif/v6.0.1/esp-idf/components/esp_http_client/include -I/Users/dave/.espressif/v6.0.1/esp-idf/components/esp_http_client/lib/include -I/Users/dave/.espressif/v6.0.1/esp-idf/components/esp_libc/platform_include -I/Users/dave/.espressif/v6.0.1/esp-idf/components/freertos/config/include -I/Users/dave/.espressif/v6.0.1/esp-idf/components/freertos/config/include/freertos -I/Users/dave/.espressif/v6.0.1/esp-idf/components/freertos/config/xtensa/include -I/Users/dave/.espressif/v6.0.1/esp-idf/components/freertos/FreeRTOS-Kernel/include -I/Users/dave/.espressif/v6.0.1/esp-idf/components/freertos/FreeRTOS-Kernel/portable/xtensa/include -I/Users/dave/.espressif/v6.0.1/esp-idf/components/freertos/FreeRTOS-Kernel/portable/xtensa/include/freertos -I/Users/dave/.espressif/v6.0.1/esp-idf/components/freertos/esp_additions/include -I/Users/dave/.espressif/v6.0.1/esp-idf/components/esp_hw_support/include -I/Users/dave/.espressif/v6.0.1/esp-idf/components/esp_hw_support/include/soc -I/Users/dave/.espressif/v6.0.1/esp-idf/components/esp_hw_support/ldo/include -I/Users/dave/.espressif/v6.0.1/esp-idf/components/esp_hw_support/debug_probe/include -I/Users/dave/.espressif/v6.0.1/esp-idf/components/esp_hw_support/etm/include -I/Users/dave/.espressif/v6.0.1/esp-idf/components/esp_hw_support/mspi_timing_tuning/include -I/Users/dave/.espressif/v6.0.1/esp-idf/components/esp_hw_support/mspi_timing_tuning/tuning_scheme_impl/include -I/Users/dave/.espressif/v6.0.1/esp-idf/components/esp_hw_support/power_supply/include -I/Users/dave/.espressif/v6.0.1/esp-idf/components/esp_hw_support/modem/include -I/Users/dave/.espressif/v6.0.1/esp-idf/components/esp_hw_support/include/soc/esp32s3 -I/Users/dave/.espressif/v6.0.1/esp-idf/components/esp_hw_support/port/esp32s3/. -I/Users/dave/.espressif/v6.0.1/esp-idf/components/esp_hw_support/port/esp32s3/include -I/Users/dave/.espressif/v6.0.1/esp-idf/components/esp_hw_support/mspi_timing_tuning/port/esp32s3/. -I/Users/dave/.espressif/v6.0.1/esp-idf/components/esp_hw_support/mspi_timing_tuning/port/esp32s3/include -I/Users/dave/.espressif/v6.0.1/esp-idf/components/heap/include -I/Users/dave/.espressif/v6.0.1/esp-idf/components/heap/tlsf -I/Users/dave/.espressif/v6.0.1/esp-idf/components/log/include -I/Users/dave/.espressif/v6.0.1/esp-idf/components/soc/include -I/Users/dave/.espressif/v6.0.1/esp-idf/components/soc/esp32s3 -I/Users/dave/.espressif/v6.0.1/esp-idf/components/soc/esp32s3/include -I/Users/dave/.espressif/v6.0.1/esp-idf/components/soc/esp32s3/register -I/Users/dave/.espressif/v6.0.1/esp-idf/components/hal/platform_port/include -I/Users/dave/.espressif/v6.0.1/esp-idf/components/hal/esp32s3/include -I/Users/dave/.espressif/v6.0.1/esp-idf/components/hal/include -I/Users/dave/.espressif/v6.0.1/esp-idf/components/esp_rom/include -I/Users/dave/.espressif/v6.0.1/esp-idf/components/esp_rom/esp32s3/include -I/Users/dave/.espressif/v6.0.1/esp-idf/components/esp_rom/esp32s3/include/esp32s3 -I/Users/dave/.espressif/v6.0.1/esp-idf/components/esp_rom/esp32s3 -I/Users/dave/.espressif/v6.0.1/esp-idf/components/esp_common/include -I/Users/dave/.espressif/v6.0.1/esp-idf/components/esp_system/include -I/Users/dave/.espressif/v6.0.1/esp-idf/components/esp_system/port/soc -I/Users/dave/.espressif/v6.0.1/esp-idf/components/esp_system/port/include/private -I/Users/dave/.espressif/v6.0.1/esp-idf/components/esp_stdio/include -I/Users/dave/.espressif/v6.0.1/esp-idf/components/xtensa/esp32s3/include -I/Users/dave/.espressif/v6.0.1/esp-idf/components/xtensa/include -I/Users/dave/.espressif/v6.0.1/esp-idf/components/xtensa/deprecated_include -I/Users/dave/.espressif/v6.0.1/esp-idf/components/esp_hal_gpio/include -I/Users/dave/.espressif/v6.0.1/esp-idf/components/esp_hal_gpio/esp32s3/include -I/Users/dave/.espressif/v6.0.1/esp-idf/components/esp_hal_usb/include -I/Users/dave/.espressif/v6.0.1/esp-idf/components/esp_hal_usb/esp32s3/include -I/Users/dave/.espressif/v6.0.1/esp-idf/components/esp_hal_pmu/include -I/Users/dave/.espressif/v6.0.1/esp-idf/components/esp_hal_pmu/esp32s3/include -I/Users/dave/.espressif/v6.0.1/esp-idf/components/esp_hal_ana_conv/include -I/Users/dave/.espressif/v6.0.1/esp-idf/components/esp_hal_ana_conv/esp32s3/include -I/Users/dave/.espressif/v6.0.1/esp-idf/components/esp_hal_dma/include -I/Users/dave/.espressif/v6.0.1/esp-idf/components/esp_hal_dma/esp32s3/include -I/Users/dave/.espressif/v6.0.1/esp-idf/components/lwip/include -I/Users/dave/.espressif/v6.0.1/esp-idf/components/lwip/include/apps -I/Users/dave/.espressif/v6.0.1/esp-idf/components/lwip/lwip/src/include -I/Users/dave/.espressif/v6.0.1/esp-idf/components/lwip/port/include -I/Users/dave/.espressif/v6.0.1/esp-idf/components/lwip/port/freertos/include -I/Users/dave/.espressif/v6.0.1/esp-idf/components/lwip/port/esp32xx/include -I/Users/dave/.espressif/v6.0.1/esp-idf/components/lwip/port/esp32xx/include/arch -I/Users/dave/.espressif/v6.0.1/esp-idf/components/lwip/port/esp32xx/include/sys -I/Users/dave/.espressif/v6.0.1/esp-idf/components/esp_event/include -I/Users/dave/.espressif/v6.0.1/esp-idf/components/tcp_transport/include -I/Users/dave/.espressif/v6.0.1/esp-idf/components/esp-tls -I/Users/dave/.espressif/v6.0.1/esp-idf/components/esp-tls/esp-tls-crypto -I/Users/dave/.espressif/v6.0.1/esp-idf/components/mbedtls/port/include -I/Users/dave/.espressif/v6.0.1/esp-idf/components/mbedtls/mbedtls/include -I/Users/dave/.espressif/v6.0.1/esp-idf/components/mbedtls/mbedtls/library -I/Users/dave/.espressif/v6.0.1/esp-idf/components/mbedtls/mbedtls/tf-psa-crypto/core -I/Users/dave/.espressif/v6.0.1/esp-idf/components/mbedtls/mbedtls/tf-psa-crypto/drivers/builtin/src -I/Users/dave/.espressif/v6.0.1/esp-idf/components/mbedtls/esp_crt_bundle/include -I/Users/dave/.espressif/v6.0.1/esp-idf/components/mbedtls/port/psa_driver/include -I/Users/dave/.espressif/v6.0.1/esp-idf/components/esp_security/include -I/Users/dave/.espressif/v6.0.1/esp-idf/components/esp_hal_security/esp32s3/include -I/Users/dave/.espressif/v6.0.1/esp-idf/components/esp_hal_security/include -I/Users/dave/.espressif/v6.0.1/esp-idf/components/mbedtls/mbedtls/tf-psa-crypto/include -I/Users/dave/.espressif/v6.0.1/esp-idf/components/mbedtls/mbedtls/tf-psa-crypto/drivers/builtin/include -I/Users/dave/.espressif/v6.0.1/esp-idf/components/mbedtls/mbedtls/tf-psa-crypto/drivers/everest/include -I/Users/dave/.espressif/v6.0.1/esp-idf/components/mbedtls/mbedtls/tf-psa-crypto/drivers/p256-m -I/Users/dave/.espressif/v6.0.1/esp-idf/components/esp_timer/include -I/Users/dave/.espressif/v6.0.1/esp-idf/components/http_parser @"/Users/dave/GitHub/esp32/esp32-altair-8800/build/toolchain/cflags" -fdiagnostics-color=always -ffunction-sections -fdata-sections -Wall -Werror -Wno-error=unused-function -Wno-error=unused-variable -Wno-error=unused-but-set-variable -Wno-error=deprecated-declarations -Wextra -Wno-error=extra -Wno-unused-parameter -Wno-sign-compare -Wno-enum-conversion -gdwarf-4 -ggdb -Og -fno-shrink-wrap -fmacro-prefix-map=/Users/dave/GitHub/esp32/esp32-altair-8800=. -fmacro-prefix-map=/Users/dave/.espressif/v6.0.1/esp-idf=/IDF -fstrict-volatile-bitfields -fno-jump-tables -fno-tree-switch-conversion -std=gnu23 -Wno-old-style-declaration -fzero-init-padding-bits=all -fno-malloc-dce -MD -MT esp-idf/esp_http_client/CMakeFiles/__idf_esp_http_client.dir/lib/http_utils.c.obj -MF esp-idf/esp_http_client/CMakeFiles/__idf_esp_http_client.dir/lib/http_utils.c.obj.d -o esp-idf/esp_http_client/CMakeFiles/__idf_esp_http_client.dir/lib/http_utils.c.obj -c /Users/dave/.espressif/v6.0.1/esp-idf/components/esp_http_client/lib/http_utils.c
xtensa-esp-elf-gcc: fatal error: /Users/dave/GitHub/esp32/esp32-altair-8800/build/specs/picolibc.specs: attempt to rename spec 'link' to already defined spec 'picolibc_link'
compilation terminated.
[20/1401] Building C object esp-idf/tcp_transport/CMakeFiles/__idf_tcp_transport.dir/transport.c.obj
FAILED: esp-idf/tcp_transport/CMakeFiles/__idf_tcp_transport.dir/transport.c.obj 
/Users/dave/.espressif/tools/xtensa-esp-elf/esp-15.2.0_20251204/xtensa-esp-elf/bin/xtensa-esp32s3-elf-gcc -DESP_PLATFORM -DESP_PSA_ITS_AVAILABLE -DFD_SETSIZE=96 -DIDF_VER=\"v6.0.1\" -DMBEDTLS_CONFIG_FILE=\"mbedtls/esp_config.h\" -DMBEDTLS_MAJOR_VERSION=4 -DSOC_MMU_PAGE_SIZE=CONFIG_MMU_PAGE_SIZE -DSOC_XTAL_FREQ_MHZ=CONFIG_XTAL_FREQ -DTF_PSA_CRYPTO_USER_CONFIG_FILE=\"mbedtls/esp_config.h\" -D_GLIBCXX_HAVE_POSIX_SEMAPHORE -D_GLIBCXX_USE_POSIX_SEMAPHORE -D_GNU_SOURCE -D_POSIX_READER_WRITER_LOCKS -I/Users/dave/GitHub/esp32/esp32-altair-8800/build/config -I/Users/dave/.espressif/v6.0.1/esp-idf/components/tcp_transport/include -I/Users/dave/.espressif/v6.0.1/esp-idf/components/tcp_transport/private_include -I/Users/dave/.espressif/v6.0.1/esp-idf/components/esp_libc/platform_include -I/Users/dave/.espressif/v6.0.1/esp-idf/components/freertos/config/include -I/Users/dave/.espressif/v6.0.1/esp-idf/components/freertos/config/include/freertos -I/Users/dave/.espressif/v6.0.1/esp-idf/components/freertos/config/xtensa/include -I/Users/dave/.espressif/v6.0.1/esp-idf/components/freertos/FreeRTOS-Kernel/include -I/Users/dave/.espressif/v6.0.1/esp-idf/components/freertos/FreeRTOS-Kernel/portable/xtensa/include -I/Users/dave/.espressif/v6.0.1/esp-idf/components/freertos/FreeRTOS-Kernel/portable/xtensa/include/freertos -I/Users/dave/.espressif/v6.0.1/esp-idf/components/freertos/esp_additions/include -I/Users/dave/.espressif/v6.0.1/esp-idf/components/esp_hw_support/include -I/Users/dave/.espressif/v6.0.1/esp-idf/components/esp_hw_support/include/soc -I/Users/dave/.espressif/v6.0.1/esp-idf/components/esp_hw_support/ldo/include -I/Users/dave/.espressif/v6.0.1/esp-idf/components/esp_hw_support/debug_probe/include -I/Users/dave/.espressif/v6.0.1/esp-idf/components/esp_hw_support/etm/include -I/Users/dave/.espressif/v6.0.1/esp-idf/components/esp_hw_support/mspi_timing_tuning/include -I/Users/dave/.espressif/v6.0.1/esp-idf/components/esp_hw_support/mspi_timing_tuning/tuning_scheme_impl/include -I/Users/dave/.espressif/v6.0.1/esp-idf/components/esp_hw_support/power_supply/include -I/Users/dave/.espressif/v6.0.1/esp-idf/components/esp_hw_support/modem/include -I/Users/dave/.espressif/v6.0.1/esp-idf/components/esp_hw_support/include/soc/esp32s3 -I/Users/dave/.espressif/v6.0.1/esp-idf/components/esp_hw_support/port/esp32s3/. -I/Users/dave/.espressif/v6.0.1/esp-idf/components/esp_hw_support/port/esp32s3/include -I/Users/dave/.espressif/v6.0.1/esp-idf/components/esp_hw_support/mspi_timing_tuning/port/esp32s3/. -I/Users/dave/.espressif/v6.0.1/esp-idf/components/esp_hw_support/mspi_timing_tuning/port/esp32s3/include -I/Users/dave/.espressif/v6.0.1/esp-idf/components/heap/include -I/Users/dave/.espressif/v6.0.1/esp-idf/components/heap/tlsf -I/Users/dave/.espressif/v6.0.1/esp-idf/components/log/include -I/Users/dave/.espressif/v6.0.1/esp-idf/components/soc/include -I/Users/dave/.espressif/v6.0.1/esp-idf/components/soc/esp32s3 -I/Users/dave/.espressif/v6.0.1/esp-idf/components/soc/esp32s3/include -I/Users/dave/.espressif/v6.0.1/esp-idf/components/soc/esp32s3/register -I/Users/dave/.espressif/v6.0.1/esp-idf/components/hal/platform_port/include -I/Users/dave/.espressif/v6.0.1/esp-idf/components/hal/esp32s3/include -I/Users/dave/.espressif/v6.0.1/esp-idf/components/hal/include -I/Users/dave/.espressif/v6.0.1/esp-idf/components/esp_rom/include -I/Users/dave/.espressif/v6.0.1/esp-idf/components/esp_rom/esp32s3/include -I/Users/dave/.espressif/v6.0.1/esp-idf/components/esp_rom/esp32s3/include/esp32s3 -I/Users/dave/.espressif/v6.0.1/esp-idf/components/esp_rom/esp32s3 -I/Users/dave/.espressif/v6.0.1/esp-idf/components/esp_common/include -I/Users/dave/.espressif/v6.0.1/esp-idf/components/esp_system/include -I/Users/dave/.espressif/v6.0.1/esp-idf/components/esp_system/port/soc -I/Users/dave/.espressif/v6.0.1/esp-idf/components/esp_system/port/include/private -I/Users/dave/.espressif/v6.0.1/esp-idf/components/esp_stdio/include -I/Users/dave/.espressif/v6.0.1/esp-idf/components/xtensa/esp32s3/include -I/Users/dave/.espressif/v6.0.1/esp-idf/components/xtensa/include -I/Users/dave/.espressif/v6.0.1/esp-idf/components/xtensa/deprecated_include -I/Users/dave/.espressif/v6.0.1/esp-idf/components/esp_hal_gpio/include -I/Users/dave/.espressif/v6.0.1/esp-idf/components/esp_hal_gpio/esp32s3/include -I/Users/dave/.espressif/v6.0.1/esp-idf/components/esp_hal_usb/include -I/Users/dave/.espressif/v6.0.1/esp-idf/components/esp_hal_usb/esp32s3/include -I/Users/dave/.espressif/v6.0.1/esp-idf/components/esp_hal_pmu/include -I/Users/dave/.espressif/v6.0.1/esp-idf/components/esp_hal_pmu/esp32s3/include -I/Users/dave/.espressif/v6.0.1/esp-idf/components/esp_hal_ana_conv/include -I/Users/dave/.espressif/v6.0.1/esp-idf/components/esp_hal_ana_conv/esp32s3/include -I/Users/dave/.espressif/v6.0.1/esp-idf/components/esp_hal_dma/include -I/Users/dave/.espressif/v6.0.1/esp-idf/components/esp_hal_dma/esp32s3/include -I/Users/dave/.espressif/v6.0.1/esp-idf/components/lwip/include -I/Users/dave/.espressif/v6.0.1/esp-idf/components/lwip/include/apps -I/Users/dave/.espressif/v6.0.1/esp-idf/components/lwip/lwip/src/include -I/Users/dave/.espressif/v6.0.1/esp-idf/components/lwip/port/include -I/Users/dave/.espressif/v6.0.1/esp-idf/components/lwip/port/freertos/include -I/Users/dave/.espressif/v6.0.1/esp-idf/components/lwip/port/esp32xx/include -I/Users/dave/.espressif/v6.0.1/esp-idf/components/lwip/port/esp32xx/include/arch -I/Users/dave/.espressif/v6.0.1/esp-idf/components/lwip/port/esp32xx/include/sys -I/Users/dave/.espressif/v6.0.1/esp-idf/components/esp-tls -I/Users/dave/.espressif/v6.0.1/esp-idf/components/esp-tls/esp-tls-crypto -I/Users/dave/.espressif/v6.0.1/esp-idf/components/mbedtls/port/include -I/Users/dave/.espressif/v6.0.1/esp-idf/components/mbedtls/mbedtls/include -I/Users/dave/.espressif/v6.0.1/esp-idf/components/mbedtls/mbedtls/library -I/Users/dave/.espressif/v6.0.1/esp-idf/components/mbedtls/mbedtls/tf-psa-crypto/core -I/Users/dave/.espressif/v6.0.1/esp-idf/components/mbedtls/mbedtls/tf-psa-crypto/drivers/builtin/src -I/Users/dave/.espressif/v6.0.1/esp-idf/components/mbedtls/esp_crt_bundle/include -I/Users/dave/.espressif/v6.0.1/esp-idf/components/mbedtls/port/psa_driver/include -I/Users/dave/.espressif/v6.0.1/esp-idf/components/esp_security/include -I/Users/dave/.espressif/v6.0.1/esp-idf/components/esp_hal_security/esp32s3/include -I/Users/dave/.espressif/v6.0.1/esp-idf/components/esp_hal_security/include -I/Users/dave/.espressif/v6.0.1/esp-idf/components/mbedtls/mbedtls/tf-psa-crypto/include -I/Users/dave/.espressif/v6.0.1/esp-idf/components/mbedtls/mbedtls/tf-psa-crypto/drivers/builtin/include -I/Users/dave/.espressif/v6.0.1/esp-idf/components/mbedtls/mbedtls/tf-psa-crypto/drivers/everest/include -I/Users/dave/.espressif/v6.0.1/esp-idf/components/mbedtls/mbedtls/tf-psa-crypto/drivers/p256-m -I/Users/dave/.espressif/v6.0.1/esp-idf/components/esp_timer/include @"/Users/dave/GitHub/esp32/esp32-altair-8800/build/toolchain/cflags" -fdiagnostics-color=always -ffunction-sections -fdata-sections -Wall -Werror -Wno-error=unused-function -Wno-error=unused-variable -Wno-error=unused-but-set-variable -Wno-error=deprecated-declarations -Wextra -Wno-error=extra -Wno-unused-parameter -Wno-sign-compare -Wno-enum-conversion -gdwarf-4 -ggdb -Og -fno-shrink-wrap -fmacro-prefix-map=/Users/dave/GitHub/esp32/esp32-altair-8800=. -fmacro-prefix-map=/Users/dave/.espressif/v6.0.1/esp-idf=/IDF -fstrict-volatile-bitfields -fno-jump-tables -fno-tree-switch-conversion -std=gnu23 -Wno-old-style-declaration -fzero-init-padding-bits=all -fno-malloc-dce -MD -MT esp-idf/tcp_transport/CMakeFiles/__idf_tcp_transport.dir/transport.c.obj -MF esp-idf/tcp_transport/CMakeFiles/__idf_tcp_transport.dir/transport.c.obj.d -o esp-idf/tcp_transport/CMakeFiles/__idf_tcp_transport.dir/transport.c.obj -c /Users/dave/.espressif/v6.0.1/esp-idf/components/tcp_transport/transport.c
xtensa-esp-elf-gcc: fatal error: /Users/dave/GitHub/esp32/esp32-altair-8800/build/specs/picolibc.specs: attempt to rename spec 'link' to already defined spec 'picolibc_link'
compilation terminated.
ninja: build stopped: subcommand failed.
ninja failed with exit code 1, output of the command is in the /Users/dave/GitHub/esp32/esp32-altair-8800/build/log/idf_py_stderr_output_89871 and /Users/dave/GitHub/esp32/esp32-altair-8800/build/log/idf_py_stdout_output_89871
